<?xml version="1.0"?>
<link_info>
   <banner>TMS320C2000 Linker PC v15.12.3.LTS</banner>
   <copyright>Copyright (c) 1996-2015 Texas Instruments Incorporated</copyright>
   <link_time>0x587e5939</link_time>
   <link_errors>0x0</link_errors>
   <output_file>easyDSP_test.out</output_file>
   <entry_point>
      <name>_c_int00</name>
      <address>0x288</address>
   </entry_point>
   <input_file_list>
      <input_file id="fl-2">
         <path>.\</path>
         <kind>object</kind>
         <file>main.obj</file>
         <name>main.obj</name>
      </input_file>
      <input_file id="fl-3">
         <path>.\Source\</path>
         <kind>object</kind>
         <file>F2837xS_Adc.obj</file>
         <name>F2837xS_Adc.obj</name>
      </input_file>
      <input_file id="fl-4">
         <path>.\Source\</path>
         <kind>object</kind>
         <file>F2837xS_CodeStartBranch.obj</file>
         <name>F2837xS_CodeStartBranch.obj</name>
      </input_file>
      <input_file id="fl-5">
         <path>.\Source\</path>
         <kind>object</kind>
         <file>F2837xS_CpuTimers.obj</file>
         <name>F2837xS_CpuTimers.obj</name>
      </input_file>
      <input_file id="fl-6">
         <path>.\Source\</path>
         <kind>object</kind>
         <file>F2837xS_DBGIER.obj</file>
         <name>F2837xS_DBGIER.obj</name>
      </input_file>
      <input_file id="fl-7">
         <path>.\Source\</path>
         <kind>object</kind>
         <file>F2837xS_DefaultISR.obj</file>
         <name>F2837xS_DefaultISR.obj</name>
      </input_file>
      <input_file id="fl-8">
         <path>.\Source\</path>
         <kind>object</kind>
         <file>F2837xS_Dma.obj</file>
         <name>F2837xS_Dma.obj</name>
      </input_file>
      <input_file id="fl-9">
         <path>.\Source\</path>
         <kind>object</kind>
         <file>F2837xS_ECap.obj</file>
         <name>F2837xS_ECap.obj</name>
      </input_file>
      <input_file id="fl-a">
         <path>.\Source\</path>
         <kind>object</kind>
         <file>F2837xS_EPwm.obj</file>
         <name>F2837xS_EPwm.obj</name>
      </input_file>
      <input_file id="fl-b">
         <path>.\Source\</path>
         <kind>object</kind>
         <file>F2837xS_EQep.obj</file>
         <name>F2837xS_EQep.obj</name>
      </input_file>
      <input_file id="fl-c">
         <path>.\Source\</path>
         <kind>object</kind>
         <file>F2837xS_Emif.obj</file>
         <name>F2837xS_Emif.obj</name>
      </input_file>
      <input_file id="fl-d">
         <path>.\Source\</path>
         <kind>object</kind>
         <file>F2837xS_GlobalVariableDefs.obj</file>
         <name>F2837xS_GlobalVariableDefs.obj</name>
      </input_file>
      <input_file id="fl-e">
         <path>.\Source\</path>
         <kind>object</kind>
         <file>F2837xS_Gpio.obj</file>
         <name>F2837xS_Gpio.obj</name>
      </input_file>
      <input_file id="fl-f">
         <path>.\Source\</path>
         <kind>object</kind>
         <file>F2837xS_I2C.obj</file>
         <name>F2837xS_I2C.obj</name>
      </input_file>
      <input_file id="fl-10">
         <path>.\Source\</path>
         <kind>object</kind>
         <file>F2837xS_Mcbsp.obj</file>
         <name>F2837xS_Mcbsp.obj</name>
      </input_file>
      <input_file id="fl-11">
         <path>.\Source\</path>
         <kind>object</kind>
         <file>F2837xS_PieCtrl.obj</file>
         <name>F2837xS_PieCtrl.obj</name>
      </input_file>
      <input_file id="fl-12">
         <path>.\Source\</path>
         <kind>object</kind>
         <file>F2837xS_PieVect.obj</file>
         <name>F2837xS_PieVect.obj</name>
      </input_file>
      <input_file id="fl-13">
         <path>.\Source\</path>
         <kind>object</kind>
         <file>F2837xS_Sci.obj</file>
         <name>F2837xS_Sci.obj</name>
      </input_file>
      <input_file id="fl-14">
         <path>.\Source\</path>
         <kind>object</kind>
         <file>F2837xS_Spi.obj</file>
         <name>F2837xS_Spi.obj</name>
      </input_file>
      <input_file id="fl-15">
         <path>.\Source\</path>
         <kind>object</kind>
         <file>F2837xS_SysCtrl.obj</file>
         <name>F2837xS_SysCtrl.obj</name>
      </input_file>
      <input_file id="fl-16">
         <path>.\Source\</path>
         <kind>object</kind>
         <file>F2837xS_TempSensorConv.obj</file>
         <name>F2837xS_TempSensorConv.obj</name>
      </input_file>
      <input_file id="fl-17">
         <path>.\Source\</path>
         <kind>object</kind>
         <file>F2837xS_Upp.obj</file>
         <name>F2837xS_Upp.obj</name>
      </input_file>
      <input_file id="fl-18">
         <path>.\Source\</path>
         <kind>object</kind>
         <file>F2837xS_can.obj</file>
         <name>F2837xS_can.obj</name>
      </input_file>
      <input_file id="fl-19">
         <path>.\Source\</path>
         <kind>object</kind>
         <file>F2837xS_sci_io.obj</file>
         <name>F2837xS_sci_io.obj</name>
      </input_file>
      <input_file id="fl-1a">
         <path>.\Source\</path>
         <kind>object</kind>
         <file>F2837xS_sdfm_drivers.obj</file>
         <name>F2837xS_sdfm_drivers.obj</name>
      </input_file>
      <input_file id="fl-1b">
         <path>.\Source\</path>
         <kind>object</kind>
         <file>F2837xS_struct.obj</file>
         <name>F2837xS_struct.obj</name>
      </input_file>
      <input_file id="fl-1c">
         <path>.\Source\</path>
         <kind>object</kind>
         <file>F2837xS_usDelay.obj</file>
         <name>F2837xS_usDelay.obj</name>
      </input_file>
      <input_file id="fl-1d">
         <path>.\Source\</path>
         <kind>object</kind>
         <file>RingBuff.obj</file>
         <name>RingBuff.obj</name>
      </input_file>
      <input_file id="fl-1e">
         <path>.\Source\</path>
         <kind>object</kind>
         <file>easy2837xS_sci_v8.5.obj</file>
         <name>easy2837xS_sci_v8.5.obj</name>
      </input_file>
      <input_file id="fl-24">
         <path>C:\ti\ccsv6\tools\compiler\c2000_15.12.3.LTS\lib\</path>
         <kind>archive</kind>
         <file>rts2800_fpu32.lib</file>
         <name>boot.obj</name>
      </input_file>
      <input_file id="fl-25">
         <path>C:\ti\ccsv6\tools\compiler\c2000_15.12.3.LTS\lib\</path>
         <kind>archive</kind>
         <file>rts2800_fpu32.lib</file>
         <name>cpy_tbl.obj</name>
      </input_file>
      <input_file id="fl-26">
         <path>C:\ti\ccsv6\tools\compiler\c2000_15.12.3.LTS\lib\</path>
         <kind>archive</kind>
         <file>rts2800_fpu32.lib</file>
         <name>cpy_utils.obj</name>
      </input_file>
      <input_file id="fl-27">
         <path>C:\ti\ccsv6\tools\compiler\c2000_15.12.3.LTS\lib\</path>
         <kind>archive</kind>
         <file>rts2800_fpu32.lib</file>
         <name>exit.obj</name>
      </input_file>
      <input_file id="fl-28">
         <path>C:\ti\ccsv6\tools\compiler\c2000_15.12.3.LTS\lib\</path>
         <kind>archive</kind>
         <file>rts2800_fpu32.lib</file>
         <name>fs_div.obj</name>
      </input_file>
      <input_file id="fl-29">
         <path>C:\ti\ccsv6\tools\compiler\c2000_15.12.3.LTS\lib\</path>
         <kind>archive</kind>
         <file>rts2800_fpu32.lib</file>
         <name>ll_aox.obj</name>
      </input_file>
      <input_file id="fl-2a">
         <path>C:\ti\ccsv6\tools\compiler\c2000_15.12.3.LTS\lib\</path>
         <kind>archive</kind>
         <file>rts2800_fpu32.lib</file>
         <name>ll_cmp.obj</name>
      </input_file>
      <input_file id="fl-2b">
         <path>C:\ti\ccsv6\tools\compiler\c2000_15.12.3.LTS\lib\</path>
         <kind>archive</kind>
         <file>rts2800_fpu32.lib</file>
         <name>pre_init.obj</name>
      </input_file>
      <input_file id="fl-2c">
         <path>C:\ti\ccsv6\tools\compiler\c2000_15.12.3.LTS\lib\</path>
         <kind>archive</kind>
         <file>rts2800_fpu32.lib</file>
         <name>startup.obj</name>
      </input_file>
      <input_file id="fl-2d">
         <path>C:\ti\ccsv6\tools\compiler\c2000_15.12.3.LTS\lib\</path>
         <kind>archive</kind>
         <file>rts2800_fpu32.lib</file>
         <name>_lock.obj</name>
      </input_file>
      <input_file id="fl-2e">
         <path>C:\ti\ccsv6\tools\compiler\c2000_15.12.3.LTS\lib\</path>
         <kind>archive</kind>
         <file>rts2800_fpu32.lib</file>
         <name>args_main.obj</name>
      </input_file>
   </input_file_list>
   <object_component_list>
      <object_component id="oc-e6">
         <name>PieVectTableFile</name>
         <uninitialized>true</uninitialized>
         <run_address>0xd00</run_address>
         <size>0x1c0</size>
         <input_file_ref idref="fl-d"/>
      </object_component>
      <object_component id="oc-85">
         <name>EmuKeyVar</name>
         <uninitialized>true</uninitialized>
         <run_address>0xd00</run_address>
         <size>0x1</size>
         <input_file_ref idref="fl-d"/>
      </object_component>
      <object_component id="oc-86">
         <name>EmuBModeVar</name>
         <uninitialized>true</uninitialized>
         <run_address>0xd01</run_address>
         <size>0x1</size>
         <input_file_ref idref="fl-d"/>
      </object_component>
      <object_component id="oc-9d">
         <name>AdcaResultFile</name>
         <uninitialized>true</uninitialized>
         <run_address>0xb00</run_address>
         <size>0x18</size>
         <input_file_ref idref="fl-d"/>
      </object_component>
      <object_component id="oc-9c">
         <name>AdcbResultFile</name>
         <uninitialized>true</uninitialized>
         <run_address>0xb20</run_address>
         <size>0x18</size>
         <input_file_ref idref="fl-d"/>
      </object_component>
      <object_component id="oc-9f">
         <name>AdccResultFile</name>
         <uninitialized>true</uninitialized>
         <run_address>0xb40</run_address>
         <size>0x18</size>
         <input_file_ref idref="fl-d"/>
      </object_component>
      <object_component id="oc-9e">
         <name>AdcdResultFile</name>
         <uninitialized>true</uninitialized>
         <run_address>0xb60</run_address>
         <size>0x18</size>
         <input_file_ref idref="fl-d"/>
      </object_component>
      <object_component id="oc-ce">
         <name>AdcaRegsFile</name>
         <uninitialized>true</uninitialized>
         <run_address>0x7400</run_address>
         <size>0x80</size>
         <input_file_ref idref="fl-d"/>
      </object_component>
      <object_component id="oc-cd">
         <name>AdcbRegsFile</name>
         <uninitialized>true</uninitialized>
         <run_address>0x7480</run_address>
         <size>0x80</size>
         <input_file_ref idref="fl-d"/>
      </object_component>
      <object_component id="oc-d0">
         <name>AdccRegsFile</name>
         <uninitialized>true</uninitialized>
         <run_address>0x7500</run_address>
         <size>0x80</size>
         <input_file_ref idref="fl-d"/>
      </object_component>
      <object_component id="oc-cf">
         <name>AdcdRegsFile</name>
         <uninitialized>true</uninitialized>
         <run_address>0x7580</run_address>
         <size>0x80</size>
         <input_file_ref idref="fl-d"/>
      </object_component>
      <object_component id="oc-ca">
         <name>AnalogSubsysRegsFile</name>
         <uninitialized>true</uninitialized>
         <run_address>0x5d180</run_address>
         <size>0x48</size>
         <input_file_ref idref="fl-d"/>
      </object_component>
      <object_component id="oc-c4">
         <name>Cla1RegsFile</name>
         <uninitialized>true</uninitialized>
         <run_address>0x1400</run_address>
         <size>0x3e</size>
         <input_file_ref idref="fl-d"/>
      </object_component>
      <object_component id="oc-8a">
         <name>Cla1SoftIntRegsFile</name>
         <uninitialized>true</uninitialized>
         <run_address>0xce0</run_address>
         <size>0x4</size>
         <input_file_ref idref="fl-d"/>
      </object_component>
      <object_component id="oc-b0">
         <name>Cmpss1RegsFile</name>
         <uninitialized>true</uninitialized>
         <run_address>0x5c80</run_address>
         <size>0x20</size>
         <input_file_ref idref="fl-d"/>
      </object_component>
      <object_component id="oc-af">
         <name>Cmpss2RegsFile</name>
         <uninitialized>true</uninitialized>
         <run_address>0x5ca0</run_address>
         <size>0x20</size>
         <input_file_ref idref="fl-d"/>
      </object_component>
      <object_component id="oc-b2">
         <name>Cmpss3RegsFile</name>
         <uninitialized>true</uninitialized>
         <run_address>0x5cc0</run_address>
         <size>0x20</size>
         <input_file_ref idref="fl-d"/>
      </object_component>
      <object_component id="oc-b1">
         <name>Cmpss4RegsFile</name>
         <uninitialized>true</uninitialized>
         <run_address>0x5ce0</run_address>
         <size>0x20</size>
         <input_file_ref idref="fl-d"/>
      </object_component>
      <object_component id="oc-b3">
         <name>Cmpss5RegsFile</name>
         <uninitialized>true</uninitialized>
         <run_address>0x5d00</run_address>
         <size>0x20</size>
         <input_file_ref idref="fl-d"/>
      </object_component>
      <object_component id="oc-ab">
         <name>Cmpss6RegsFile</name>
         <uninitialized>true</uninitialized>
         <run_address>0x5d20</run_address>
         <size>0x20</size>
         <input_file_ref idref="fl-d"/>
      </object_component>
      <object_component id="oc-aa">
         <name>Cmpss7RegsFile</name>
         <uninitialized>true</uninitialized>
         <run_address>0x5d40</run_address>
         <size>0x20</size>
         <input_file_ref idref="fl-d"/>
      </object_component>
      <object_component id="oc-ad">
         <name>Cmpss8RegsFile</name>
         <uninitialized>true</uninitialized>
         <run_address>0x5d60</run_address>
         <size>0x20</size>
         <input_file_ref idref="fl-d"/>
      </object_component>
      <object_component id="oc-91">
         <name>CpuTimer0RegsFile</name>
         <uninitialized>true</uninitialized>
         <run_address>0xc00</run_address>
         <size>0x8</size>
         <input_file_ref idref="fl-d"/>
      </object_component>
      <object_component id="oc-90">
         <name>CpuTimer1RegsFile</name>
         <uninitialized>true</uninitialized>
         <run_address>0xc08</run_address>
         <size>0x8</size>
         <input_file_ref idref="fl-d"/>
      </object_component>
      <object_component id="oc-93">
         <name>CpuTimer2RegsFile</name>
         <uninitialized>true</uninitialized>
         <run_address>0xc10</run_address>
         <size>0x8</size>
         <input_file_ref idref="fl-d"/>
      </object_component>
      <object_component id="oc-8d">
         <name>DacaRegsFile</name>
         <uninitialized>true</uninitialized>
         <run_address>0x5c00</run_address>
         <size>0x8</size>
         <input_file_ref idref="fl-d"/>
      </object_component>
      <object_component id="oc-8f">
         <name>DacbRegsFile</name>
         <uninitialized>true</uninitialized>
         <run_address>0x5c10</run_address>
         <size>0x8</size>
         <input_file_ref idref="fl-d"/>
      </object_component>
      <object_component id="oc-92">
         <name>DaccRegsFile</name>
         <uninitialized>true</uninitialized>
         <run_address>0x5c20</run_address>
         <size>0x8</size>
         <input_file_ref idref="fl-d"/>
      </object_component>
      <object_component id="oc-bc">
         <name>DcsmZ1RegsFile</name>
         <uninitialized>true</uninitialized>
         <run_address>0x5f000</run_address>
         <size>0x24</size>
         <input_file_ref idref="fl-d"/>
      </object_component>
      <object_component id="oc-bb">
         <name>DcsmZ2RegsFile</name>
         <uninitialized>true</uninitialized>
         <run_address>0x5f040</run_address>
         <size>0x24</size>
         <input_file_ref idref="fl-d"/>
      </object_component>
      <object_component id="oc-8e">
         <name>DcsmCommonRegsFile</name>
         <uninitialized>true</uninitialized>
         <run_address>0x5f070</run_address>
         <size>0x8</size>
         <input_file_ref idref="fl-d"/>
      </object_component>
      <object_component id="oc-ac">
         <name>DcsmZ1OtpFile</name>
         <uninitialized>true</uninitialized>
         <run_address>0x78000</run_address>
         <size>0x20</size>
         <input_file_ref idref="fl-d"/>
      </object_component>
      <object_component id="oc-ae">
         <name>DcsmZ2OtpFile</name>
         <uninitialized>true</uninitialized>
         <run_address>0x78200</run_address>
         <size>0x20</size>
         <input_file_ref idref="fl-d"/>
      </object_component>
      <object_component id="oc-d5">
         <name>DmaRegsFile</name>
         <uninitialized>true</uninitialized>
         <run_address>0x1000</run_address>
         <size>0xe0</size>
         <input_file_ref idref="fl-d"/>
      </object_component>
      <object_component id="oc-a0">
         <name>DmaClaSrcSelRegsFile</name>
         <uninitialized>true</uninitialized>
         <run_address>0x7980</run_address>
         <size>0x1a</size>
         <input_file_ref idref="fl-d"/>
      </object_component>
      <object_component id="oc-b4">
         <name>ECap1RegsFile</name>
         <uninitialized>true</uninitialized>
         <run_address>0x5000</run_address>
         <size>0x20</size>
         <input_file_ref idref="fl-d"/>
      </object_component>
      <object_component id="oc-b5">
         <name>ECap2RegsFile</name>
         <uninitialized>true</uninitialized>
         <run_address>0x5020</run_address>
         <size>0x20</size>
         <input_file_ref idref="fl-d"/>
      </object_component>
      <object_component id="oc-a9">
         <name>ECap3RegsFile</name>
         <uninitialized>true</uninitialized>
         <run_address>0x5040</run_address>
         <size>0x20</size>
         <input_file_ref idref="fl-d"/>
      </object_component>
      <object_component id="oc-a3">
         <name>ECap4RegsFile</name>
         <uninitialized>true</uninitialized>
         <run_address>0x5060</run_address>
         <size>0x20</size>
         <input_file_ref idref="fl-d"/>
      </object_component>
      <object_component id="oc-a4">
         <name>ECap5RegsFile</name>
         <uninitialized>true</uninitialized>
         <run_address>0x5080</run_address>
         <size>0x20</size>
         <input_file_ref idref="fl-d"/>
      </object_component>
      <object_component id="oc-a2">
         <name>ECap6RegsFile</name>
         <uninitialized>true</uninitialized>
         <run_address>0x50a0</run_address>
         <size>0x20</size>
         <input_file_ref idref="fl-d"/>
      </object_component>
      <object_component id="oc-cc">
         <name>Emif1RegsFile</name>
         <uninitialized>true</uninitialized>
         <run_address>0x47000</run_address>
         <size>0x70</size>
         <input_file_ref idref="fl-d"/>
      </object_component>
      <object_component id="oc-cb">
         <name>Emif2RegsFile</name>
         <uninitialized>true</uninitialized>
         <run_address>0x47800</run_address>
         <size>0x70</size>
         <input_file_ref idref="fl-d"/>
      </object_component>
      <object_component id="oc-da">
         <name>EPwm1RegsFile</name>
         <uninitialized>true</uninitialized>
         <run_address>0x4000</run_address>
         <size>0x100</size>
         <input_file_ref idref="fl-d"/>
      </object_component>
      <object_component id="oc-d9">
         <name>EPwm2RegsFile</name>
         <uninitialized>true</uninitialized>
         <run_address>0x4100</run_address>
         <size>0x100</size>
         <input_file_ref idref="fl-d"/>
      </object_component>
      <object_component id="oc-dc">
         <name>EPwm3RegsFile</name>
         <uninitialized>true</uninitialized>
         <run_address>0x4200</run_address>
         <size>0x100</size>
         <input_file_ref idref="fl-d"/>
      </object_component>
      <object_component id="oc-d7">
         <name>EPwm4RegsFile</name>
         <uninitialized>true</uninitialized>
         <run_address>0x4300</run_address>
         <size>0x100</size>
         <input_file_ref idref="fl-d"/>
      </object_component>
      <object_component id="oc-d6">
         <name>EPwm5RegsFile</name>
         <uninitialized>true</uninitialized>
         <run_address>0x4400</run_address>
         <size>0x100</size>
         <input_file_ref idref="fl-d"/>
      </object_component>
      <object_component id="oc-db">
         <name>EPwm6RegsFile</name>
         <uninitialized>true</uninitialized>
         <run_address>0x4500</run_address>
         <size>0x100</size>
         <input_file_ref idref="fl-d"/>
      </object_component>
      <object_component id="oc-d8">
         <name>EPwm7RegsFile</name>
         <uninitialized>true</uninitialized>
         <run_address>0x4600</run_address>
         <size>0x100</size>
         <input_file_ref idref="fl-d"/>
      </object_component>
      <object_component id="oc-e1">
         <name>EPwm8RegsFile</name>
         <uninitialized>true</uninitialized>
         <run_address>0x4700</run_address>
         <size>0x100</size>
         <input_file_ref idref="fl-d"/>
      </object_component>
      <object_component id="oc-df">
         <name>EPwm9RegsFile</name>
         <uninitialized>true</uninitialized>
         <run_address>0x4800</run_address>
         <size>0x100</size>
         <input_file_ref idref="fl-d"/>
      </object_component>
      <object_component id="oc-e0">
         <name>EPwm10RegsFile</name>
         <uninitialized>true</uninitialized>
         <run_address>0x4900</run_address>
         <size>0x100</size>
         <input_file_ref idref="fl-d"/>
      </object_component>
      <object_component id="oc-dd">
         <name>EPwm11RegsFile</name>
         <uninitialized>true</uninitialized>
         <run_address>0x4a00</run_address>
         <size>0x100</size>
         <input_file_ref idref="fl-d"/>
      </object_component>
      <object_component id="oc-de">
         <name>EPwm12RegsFile</name>
         <uninitialized>true</uninitialized>
         <run_address>0x4b00</run_address>
         <size>0x100</size>
         <input_file_ref idref="fl-d"/>
      </object_component>
      <object_component id="oc-c7">
         <name>EPwmXbarRegsFile</name>
         <uninitialized>true</uninitialized>
         <run_address>0x7a00</run_address>
         <size>0x40</size>
         <input_file_ref idref="fl-d"/>
      </object_component>
      <object_component id="oc-b6">
         <name>EQep1RegsFile</name>
         <uninitialized>true</uninitialized>
         <run_address>0x5100</run_address>
         <size>0x22</size>
         <input_file_ref idref="fl-d"/>
      </object_component>
      <object_component id="oc-b7">
         <name>EQep2RegsFile</name>
         <uninitialized>true</uninitialized>
         <run_address>0x5140</run_address>
         <size>0x22</size>
         <input_file_ref idref="fl-d"/>
      </object_component>
      <object_component id="oc-ba">
         <name>EQep3RegsFile</name>
         <uninitialized>true</uninitialized>
         <run_address>0x5180</run_address>
         <size>0x22</size>
         <input_file_ref idref="fl-d"/>
      </object_component>
      <object_component id="oc-e5">
         <name>Flash0CtrlRegsFile</name>
         <uninitialized>true</uninitialized>
         <run_address>0x5f800</run_address>
         <size>0x182</size>
         <input_file_ref idref="fl-d"/>
      </object_component>
      <object_component id="oc-c0">
         <name>Flash0EccRegsFile</name>
         <uninitialized>true</uninitialized>
         <run_address>0x5fb00</run_address>
         <size>0x28</size>
         <input_file_ref idref="fl-d"/>
      </object_component>
      <object_component id="oc-e4">
         <name>Flash1CtrlRegsFile</name>
         <uninitialized>true</uninitialized>
         <run_address>0x5fc00</run_address>
         <size>0x182</size>
         <input_file_ref idref="fl-d"/>
      </object_component>
      <object_component id="oc-bf">
         <name>Flash1EccRegsFile</name>
         <uninitialized>true</uninitialized>
         <run_address>0x5ff00</run_address>
         <size>0x28</size>
         <input_file_ref idref="fl-d"/>
      </object_component>
      <object_component id="oc-e3">
         <name>GpioCtrlRegsFile</name>
         <uninitialized>true</uninitialized>
         <run_address>0x7c00</run_address>
         <size>0x180</size>
         <input_file_ref idref="fl-d"/>
      </object_component>
      <object_component id="oc-c2">
         <name>GpioDataRegsFile</name>
         <uninitialized>true</uninitialized>
         <run_address>0x7f00</run_address>
         <size>0x30</size>
         <input_file_ref idref="fl-d"/>
      </object_component>
      <object_component id="oc-c8">
         <name>OutputXbarRegsFile</name>
         <uninitialized>true</uninitialized>
         <run_address>0x7a80</run_address>
         <size>0x40</size>
         <input_file_ref idref="fl-d"/>
      </object_component>
      <object_component id="oc-b9">
         <name>I2caRegsFile</name>
         <uninitialized>true</uninitialized>
         <run_address>0x7300</run_address>
         <size>0x22</size>
         <input_file_ref idref="fl-d"/>
      </object_component>
      <object_component id="oc-b8">
         <name>I2cbRegsFile</name>
         <uninitialized>true</uninitialized>
         <run_address>0x7340</run_address>
         <size>0x22</size>
         <input_file_ref idref="fl-d"/>
      </object_component>
      <object_component id="oc-a7">
         <name>InputXbarRegsFile</name>
         <uninitialized>true</uninitialized>
         <run_address>0x7900</run_address>
         <size>0x20</size>
         <input_file_ref idref="fl-d"/>
      </object_component>
      <object_component id="oc-a8">
         <name>XbarRegsFile</name>
         <uninitialized>true</uninitialized>
         <run_address>0x7920</run_address>
         <size>0x20</size>
         <input_file_ref idref="fl-d"/>
      </object_component>
      <object_component id="oc-88">
         <name>FlashPumpSemaphoreRegsFile</name>
         <uninitialized>true</uninitialized>
         <run_address>0x50024</run_address>
         <size>0x2</size>
         <input_file_ref idref="fl-d"/>
      </object_component>
      <object_component id="oc-87">
         <name>RomPrefetchRegsFile</name>
         <uninitialized>true</uninitialized>
         <run_address>0x5e608</run_address>
         <size>0x2</size>
         <input_file_ref idref="fl-d"/>
      </object_component>
      <object_component id="oc-d3">
         <name>MemCfgRegsFile</name>
         <uninitialized>true</uninitialized>
         <run_address>0x5f400</run_address>
         <size>0x80</size>
         <input_file_ref idref="fl-d"/>
      </object_component>
      <object_component id="oc-a5">
         <name>Emif1ConfigRegsFile</name>
         <uninitialized>true</uninitialized>
         <run_address>0x5f480</run_address>
         <size>0x20</size>
         <input_file_ref idref="fl-d"/>
      </object_component>
      <object_component id="oc-a6">
         <name>Emif2ConfigRegsFile</name>
         <uninitialized>true</uninitialized>
         <run_address>0x5f4a0</run_address>
         <size>0x20</size>
         <input_file_ref idref="fl-d"/>
      </object_component>
      <object_component id="oc-c5">
         <name>AccessProtectionRegsFile</name>
         <uninitialized>true</uninitialized>
         <run_address>0x5f4c0</run_address>
         <size>0x40</size>
         <input_file_ref idref="fl-d"/>
      </object_component>
      <object_component id="oc-c6">
         <name>MemoryErrorRegsFile</name>
         <uninitialized>true</uninitialized>
         <run_address>0x5f500</run_address>
         <size>0x40</size>
         <input_file_ref idref="fl-d"/>
      </object_component>
      <object_component id="oc-89">
         <name>RomWaitStateRegsFile</name>
         <uninitialized>true</uninitialized>
         <run_address>0x5f540</run_address>
         <size>0x2</size>
         <input_file_ref idref="fl-d"/>
      </object_component>
      <object_component id="oc-be">
         <name>McbspaRegsFile</name>
         <uninitialized>true</uninitialized>
         <run_address>0x6000</run_address>
         <size>0x24</size>
         <input_file_ref idref="fl-d"/>
      </object_component>
      <object_component id="oc-bd">
         <name>McbspbRegsFile</name>
         <uninitialized>true</uninitialized>
         <run_address>0x6040</run_address>
         <size>0x24</size>
         <input_file_ref idref="fl-d"/>
      </object_component>
      <object_component id="oc-c9">
         <name>UppRegsFile</name>
         <uninitialized>true</uninitialized>
         <run_address>0x6200</run_address>
         <size>0x48</size>
         <input_file_ref idref="fl-d"/>
      </object_component>
      <object_component id="oc-8c">
         <name>NmiIntruptRegsFile</name>
         <uninitialized>true</uninitialized>
         <run_address>0x7060</run_address>
         <size>0x7</size>
         <input_file_ref idref="fl-d"/>
      </object_component>
      <object_component id="oc-a1">
         <name>PieCtrlRegsFile</name>
         <uninitialized>true</uninitialized>
         <run_address>0xce0</run_address>
         <size>0x1a</size>
         <input_file_ref idref="fl-d"/>
      </object_component>
      <object_component id="oc-9a">
         <name>SciaRegsFile</name>
         <uninitialized>true</uninitialized>
         <run_address>0x7200</run_address>
         <size>0x10</size>
         <input_file_ref idref="fl-d"/>
      </object_component>
      <object_component id="oc-99">
         <name>ScibRegsFile</name>
         <uninitialized>true</uninitialized>
         <run_address>0x7210</run_address>
         <size>0x10</size>
         <input_file_ref idref="fl-d"/>
      </object_component>
      <object_component id="oc-9b">
         <name>ScicRegsFile</name>
         <uninitialized>true</uninitialized>
         <run_address>0x7220</run_address>
         <size>0x10</size>
         <input_file_ref idref="fl-d"/>
      </object_component>
      <object_component id="oc-98">
         <name>ScidRegsFile</name>
         <uninitialized>true</uninitialized>
         <run_address>0x7230</run_address>
         <size>0x10</size>
         <input_file_ref idref="fl-d"/>
      </object_component>
      <object_component id="oc-d1">
         <name>Sdfm1RegsFile</name>
         <uninitialized>true</uninitialized>
         <run_address>0x5e00</run_address>
         <size>0x80</size>
         <input_file_ref idref="fl-d"/>
      </object_component>
      <object_component id="oc-d2">
         <name>Sdfm2RegsFile</name>
         <uninitialized>true</uninitialized>
         <run_address>0x5e80</run_address>
         <size>0x80</size>
         <input_file_ref idref="fl-d"/>
      </object_component>
      <object_component id="oc-95">
         <name>SpiaRegsFile</name>
         <uninitialized>true</uninitialized>
         <run_address>0x6100</run_address>
         <size>0x10</size>
         <input_file_ref idref="fl-d"/>
      </object_component>
      <object_component id="oc-97">
         <name>SpibRegsFile</name>
         <uninitialized>true</uninitialized>
         <run_address>0x6110</run_address>
         <size>0x10</size>
         <input_file_ref idref="fl-d"/>
      </object_component>
      <object_component id="oc-96">
         <name>SpicRegsFile</name>
         <uninitialized>true</uninitialized>
         <run_address>0x6120</run_address>
         <size>0x10</size>
         <input_file_ref idref="fl-d"/>
      </object_component>
      <object_component id="oc-e2">
         <name>DevCfgRegsFile</name>
         <uninitialized>true</uninitialized>
         <run_address>0x5d000</run_address>
         <size>0x12e</size>
         <input_file_ref idref="fl-d"/>
      </object_component>
      <object_component id="oc-c3">
         <name>ClkCfgRegsFile</name>
         <uninitialized>true</uninitialized>
         <run_address>0x5d200</run_address>
         <size>0x32</size>
         <input_file_ref idref="fl-d"/>
      </object_component>
      <object_component id="oc-d4">
         <name>CpuSysRegsFile</name>
         <uninitialized>true</uninitialized>
         <run_address>0x5d300</run_address>
         <size>0x82</size>
         <input_file_ref idref="fl-d"/>
      </object_component>
      <object_component id="oc-8b">
         <name>SyncSocRegsFile</name>
         <uninitialized>true</uninitialized>
         <run_address>0x7940</run_address>
         <size>0x6</size>
         <input_file_ref idref="fl-d"/>
      </object_component>
      <object_component id="oc-c1">
         <name>WdRegsFile</name>
         <uninitialized>true</uninitialized>
         <run_address>0x7000</run_address>
         <size>0x2b</size>
         <input_file_ref idref="fl-d"/>
      </object_component>
      <object_component id="oc-94">
         <name>XintRegsFile</name>
         <uninitialized>true</uninitialized>
         <run_address>0x7070</run_address>
         <size>0xb</size>
         <input_file_ref idref="fl-d"/>
      </object_component>
      <object_component id="oc-81">
         <name>codestart</name>
         <load_address>0x0</load_address>
         <run_address>0x0</run_address>
         <size>0x2</size>
         <input_file_ref idref="fl-4"/>
      </object_component>
      <object_component id="oc-109">
         <name>.text</name>
         <load_address>0x200</load_address>
         <run_address>0x200</run_address>
         <size>0x88</size>
         <input_file_ref idref="fl-28"/>
      </object_component>
      <object_component id="oc-80">
         <name>.text</name>
         <load_address>0x288</load_address>
         <run_address>0x288</run_address>
         <size>0x56</size>
         <input_file_ref idref="fl-24"/>
      </object_component>
      <object_component id="oc-136">
         <name>.text</name>
         <load_address>0x2de</load_address>
         <run_address>0x2de</run_address>
         <size>0x50</size>
         <input_file_ref idref="fl-1e"/>
      </object_component>
      <object_component id="oc-12d">
         <name>.text</name>
         <load_address>0x32e</load_address>
         <run_address>0x32e</run_address>
         <size>0x46</size>
         <input_file_ref idref="fl-25"/>
      </object_component>
      <object_component id="oc-13a">
         <name>.text</name>
         <load_address>0x374</load_address>
         <run_address>0x374</run_address>
         <size>0x3d</size>
         <input_file_ref idref="fl-1d"/>
      </object_component>
      <object_component id="oc-130">
         <name>.text</name>
         <load_address>0x3b1</load_address>
         <run_address>0x3b1</run_address>
         <size>0x29</size>
         <input_file_ref idref="fl-27"/>
      </object_component>
      <object_component id="oc-113">
         <name>.text</name>
         <load_address>0x3da</load_address>
         <run_address>0x3da</run_address>
         <size>0x1e</size>
         <input_file_ref idref="fl-2a"/>
      </object_component>
      <object_component id="oc-132">
         <name>.text</name>
         <load_address>0x3f8</load_address>
         <run_address>0x3f8</run_address>
         <size>0x5</size>
         <input_file_ref idref="fl-2"/>
      </object_component>
      <object_component id="oc-83">
         <name>.text</name>
         <load_address>0x3fd</load_address>
         <run_address>0x3fd</run_address>
         <size>0x3</size>
         <input_file_ref idref="fl-6"/>
      </object_component>
      <object_component id="oc-135">
         <name>.text</name>
         <load_address>0x8000</load_address>
         <run_address>0x8000</run_address>
         <size>0x339</size>
         <input_file_ref idref="fl-15"/>
      </object_component>
      <object_component id="oc-10e">
         <name>.text</name>
         <load_address>0x8339</load_address>
         <run_address>0x8339</run_address>
         <size>0x18</size>
         <input_file_ref idref="fl-29"/>
      </object_component>
      <object_component id="oc-137">
         <name>.text</name>
         <load_address>0x8351</load_address>
         <run_address>0x8351</run_address>
         <size>0x9</size>
         <input_file_ref idref="fl-2d"/>
      </object_component>
      <object_component id="oc-84">
         <name>.text:retain</name>
         <load_address>0xb000</load_address>
         <run_address>0xb000</run_address>
         <size>0x585</size>
         <input_file_ref idref="fl-7"/>
      </object_component>
      <object_component id="oc-139">
         <name>.text</name>
         <load_address>0xb585</load_address>
         <run_address>0xb585</run_address>
         <size>0x244</size>
         <input_file_ref idref="fl-e"/>
      </object_component>
      <object_component id="oc-fd">
         <name>.text</name>
         <load_address>0xb7c9</load_address>
         <run_address>0xb7c9</run_address>
         <size>0x1a</size>
         <input_file_ref idref="fl-26"/>
      </object_component>
      <object_component id="oc-12f">
         <name>.text</name>
         <load_address>0xb7e3</load_address>
         <run_address>0xb7e3</run_address>
         <size>0x19</size>
         <input_file_ref idref="fl-2e"/>
      </object_component>
      <object_component id="oc-12c">
         <name>.text</name>
         <load_address>0xb7fc</load_address>
         <run_address>0xb7fc</run_address>
         <size>0x2</size>
         <input_file_ref idref="fl-2b"/>
      </object_component>
      <object_component id="oc-12e">
         <name>.text</name>
         <load_address>0xb7fe</load_address>
         <run_address>0xb7fe</run_address>
         <size>0x1</size>
         <input_file_ref idref="fl-2c"/>
      </object_component>
      <object_component id="oc-ea">
         <name>.cinit</name>
         <load_address>0x122</load_address>
         <run_address>0x122</run_address>
         <size>0x62</size>
         <input_file_ref idref="fl-1b"/>
      </object_component>
      <object_component id="oc-ef">
         <name>.cinit</name>
         <load_address>0x184</load_address>
         <run_address>0x184</run_address>
         <size>0x4e</size>
         <input_file_ref idref="fl-1e"/>
      </object_component>
      <object_component id="oc-103">
         <name>.cinit</name>
         <load_address>0x1d2</load_address>
         <run_address>0x1d2</run_address>
         <size>0xe</size>
         <input_file_ref idref="fl-27"/>
      </object_component>
      <object_component id="oc-ed">
         <name>.cinit</name>
         <load_address>0x1e0</load_address>
         <run_address>0x1e0</run_address>
         <size>0xc</size>
         <input_file_ref idref="fl-1d"/>
      </object_component>
      <object_component id="oc-134">
         <name>.cinit:__lock</name>
         <load_address>0x1ec</load_address>
         <run_address>0x1ec</run_address>
         <size>0x5</size>
         <input_file_ref idref="fl-2d"/>
      </object_component>
      <object_component id="oc-138">
         <name>.cinit:__unlock</name>
         <load_address>0x1f1</load_address>
         <run_address>0x1f1</run_address>
         <size>0x5</size>
         <input_file_ref idref="fl-2d"/>
      </object_component>
      <object_component id="oc-e8">
         <name>.cinit</name>
         <load_address>0x1f6</load_address>
         <run_address>0x1f6</run_address>
         <size>0x4</size>
         <input_file_ref idref="fl-19"/>
      </object_component>
      <object_component id="oc-f3">
         <name>.reset</name>
         <load_address>0x3fffc0</load_address>
         <run_address>0x3fffc0</run_address>
         <size>0x2</size>
         <input_file_ref idref="fl-24"/>
      </object_component>
      <object_component id="oc-f2">
         <name>.stack</name>
         <uninitialized>true</uninitialized>
         <run_address>0x400</run_address>
         <size>0x0</size>
         <input_file_ref idref="fl-24"/>
      </object_component>
      <object_component id="oc-1c6">
         <name>.stack</name>
         <uninitialized>true</uninitialized>
         <run_address>0x400</run_address>
         <size>0x0</size>
      </object_component>
      <object_component id="oc-82">
         <name>.ebss</name>
         <uninitialized>true</uninitialized>
         <run_address>0xa85a</run_address>
         <size>0x18</size>
         <input_file_ref idref="fl-5"/>
      </object_component>
      <object_component id="oc-e7">
         <name>.ebss</name>
         <uninitialized>true</uninitialized>
         <run_address>0xa872</run_address>
         <size>0x6</size>
         <input_file_ref idref="fl-16"/>
      </object_component>
      <object_component id="oc-e9">
         <name>.ebss</name>
         <uninitialized>true</uninitialized>
         <run_address>0xa8b5</run_address>
         <size>0x1</size>
         <input_file_ref idref="fl-19"/>
      </object_component>
      <object_component id="oc-eb">
         <name>.ebss</name>
         <uninitialized>true</uninitialized>
         <run_address>0xa800</run_address>
         <size>0x5a</size>
         <input_file_ref idref="fl-1b"/>
      </object_component>
      <object_component id="oc-ee">
         <name>.ebss</name>
         <uninitialized>true</uninitialized>
         <run_address>0xa880</run_address>
         <size>0x35</size>
         <input_file_ref idref="fl-1d"/>
      </object_component>
      <object_component id="oc-f0">
         <name>.ebss</name>
         <uninitialized>true</uninitialized>
         <run_address>0xa8c0</run_address>
         <size>0x18</size>
         <input_file_ref idref="fl-1e"/>
      </object_component>
      <object_component id="oc-104">
         <name>.ebss</name>
         <uninitialized>true</uninitialized>
         <run_address>0xa878</run_address>
         <size>0x6</size>
         <input_file_ref idref="fl-27"/>
      </object_component>
      <object_component id="oc-13b">
         <name>.ebss:__unlock</name>
         <uninitialized>true</uninitialized>
         <run_address>0xa8b6</run_address>
         <size>0x2</size>
         <input_file_ref idref="fl-2d"/>
      </object_component>
      <object_component id="oc-133">
         <name>.ebss:__lock</name>
         <uninitialized>true</uninitialized>
         <run_address>0xa87e</run_address>
         <size>0x2</size>
         <input_file_ref idref="fl-2d"/>
      </object_component>
      <object_component id="oc-ec">
         <name>.TI.ramfunc</name>
         <load_address>0x1fc</load_address>
         <run_address>0x1fc</run_address>
         <size>0x4</size>
         <input_file_ref idref="fl-1c"/>
      </object_component>
      <object_component id="oc-f1">
         <name>ramfuncs:retain</name>
         <load_address>0x835a</load_address>
         <run_address>0x835a</run_address>
         <size>0x3c3</size>
         <input_file_ref idref="fl-1e"/>
      </object_component>
      <object_component id="oc-131">
         <name>ramfuncs</name>
         <load_address>0x871d</load_address>
         <run_address>0x871d</run_address>
         <size>0x48</size>
         <input_file_ref idref="fl-1d"/>
      </object_component>
      <object_component id="oc-f4">
         <name>.debug_info</name>
         <load_address>0x0</load_address>
         <run_address>0x0</run_address>
         <size>0x16c</size>
         <input_file_ref idref="fl-24"/>
      </object_component>
      <object_component id="oc-f8">
         <name>.debug_info</name>
         <load_address>0x16c</load_address>
         <run_address>0x16c</run_address>
         <size>0x628</size>
         <input_file_ref idref="fl-25"/>
      </object_component>
      <object_component id="oc-fe">
         <name>.debug_info</name>
         <load_address>0x794</load_address>
         <run_address>0x794</run_address>
         <size>0x113</size>
         <input_file_ref idref="fl-26"/>
      </object_component>
      <object_component id="oc-102">
         <name>.debug_info</name>
         <load_address>0x8a7</load_address>
         <run_address>0x8a7</run_address>
         <size>0x5ac</size>
         <input_file_ref idref="fl-27"/>
      </object_component>
      <object_component id="oc-10a">
         <name>.debug_info</name>
         <load_address>0xe53</load_address>
         <run_address>0xe53</run_address>
         <size>0x10d</size>
         <input_file_ref idref="fl-28"/>
      </object_component>
      <object_component id="oc-10f">
         <name>.debug_info</name>
         <load_address>0xf60</load_address>
         <run_address>0xf60</run_address>
         <size>0x16f</size>
         <input_file_ref idref="fl-29"/>
      </object_component>
      <object_component id="oc-114">
         <name>.debug_info</name>
         <load_address>0x10cf</load_address>
         <run_address>0x10cf</run_address>
         <size>0x147</size>
         <input_file_ref idref="fl-2a"/>
      </object_component>
      <object_component id="oc-118">
         <name>.debug_info</name>
         <load_address>0x1216</load_address>
         <run_address>0x1216</run_address>
         <size>0x3e3</size>
         <input_file_ref idref="fl-2b"/>
      </object_component>
      <object_component id="oc-11d">
         <name>.debug_info</name>
         <load_address>0x15f9</load_address>
         <run_address>0x15f9</run_address>
         <size>0x3e0</size>
         <input_file_ref idref="fl-2c"/>
      </object_component>
      <object_component id="oc-122">
         <name>.debug_info</name>
         <load_address>0x19d9</load_address>
         <run_address>0x19d9</run_address>
         <size>0x502</size>
         <input_file_ref idref="fl-2d"/>
      </object_component>
      <object_component id="oc-127">
         <name>.debug_info</name>
         <load_address>0x1edb</load_address>
         <run_address>0x1edb</run_address>
         <size>0x4cf</size>
         <input_file_ref idref="fl-2e"/>
      </object_component>
      <object_component id="oc-1ca">
         <name>.debug_info</name>
         <load_address>0x23aa</load_address>
         <run_address>0x23aa</run_address>
         <size>0xa8</size>
      </object_component>
      <object_component id="oc-f5">
         <name>.debug_line</name>
         <load_address>0x0</load_address>
         <run_address>0x0</run_address>
         <size>0x7e</size>
         <input_file_ref idref="fl-24"/>
      </object_component>
      <object_component id="oc-fa">
         <name>.debug_line</name>
         <load_address>0x7e</load_address>
         <run_address>0x7e</run_address>
         <size>0x6a</size>
         <input_file_ref idref="fl-25"/>
      </object_component>
      <object_component id="oc-ff">
         <name>.debug_line</name>
         <load_address>0xe8</load_address>
         <run_address>0xe8</run_address>
         <size>0x50</size>
         <input_file_ref idref="fl-26"/>
      </object_component>
      <object_component id="oc-106">
         <name>.debug_line</name>
         <load_address>0x138</load_address>
         <run_address>0x138</run_address>
         <size>0x65</size>
         <input_file_ref idref="fl-27"/>
      </object_component>
      <object_component id="oc-10b">
         <name>.debug_line</name>
         <load_address>0x19d</load_address>
         <run_address>0x19d</run_address>
         <size>0xad</size>
         <input_file_ref idref="fl-28"/>
      </object_component>
      <object_component id="oc-110">
         <name>.debug_line</name>
         <load_address>0x24a</load_address>
         <run_address>0x24a</run_address>
         <size>0x6c</size>
         <input_file_ref idref="fl-29"/>
      </object_component>
      <object_component id="oc-115">
         <name>.debug_line</name>
         <load_address>0x2b6</load_address>
         <run_address>0x2b6</run_address>
         <size>0x63</size>
         <input_file_ref idref="fl-2a"/>
      </object_component>
      <object_component id="oc-11a">
         <name>.debug_line</name>
         <load_address>0x319</load_address>
         <run_address>0x319</run_address>
         <size>0x3e</size>
         <input_file_ref idref="fl-2b"/>
      </object_component>
      <object_component id="oc-11f">
         <name>.debug_line</name>
         <load_address>0x357</load_address>
         <run_address>0x357</run_address>
         <size>0x3a</size>
         <input_file_ref idref="fl-2c"/>
      </object_component>
      <object_component id="oc-124">
         <name>.debug_line</name>
         <load_address>0x391</load_address>
         <run_address>0x391</run_address>
         <size>0x5e</size>
         <input_file_ref idref="fl-2d"/>
      </object_component>
      <object_component id="oc-129">
         <name>.debug_line</name>
         <load_address>0x3ef</load_address>
         <run_address>0x3ef</run_address>
         <size>0x55</size>
         <input_file_ref idref="fl-2e"/>
      </object_component>
      <object_component id="oc-f6">
         <name>.debug_abbrev</name>
         <load_address>0x0</load_address>
         <run_address>0x0</run_address>
         <size>0x46</size>
         <input_file_ref idref="fl-24"/>
      </object_component>
      <object_component id="oc-fb">
         <name>.debug_abbrev</name>
         <load_address>0x46</load_address>
         <run_address>0x46</run_address>
         <size>0xfa</size>
         <input_file_ref idref="fl-25"/>
      </object_component>
      <object_component id="oc-100">
         <name>.debug_abbrev</name>
         <load_address>0x140</load_address>
         <run_address>0x140</run_address>
         <size>0x32</size>
         <input_file_ref idref="fl-26"/>
      </object_component>
      <object_component id="oc-107">
         <name>.debug_abbrev</name>
         <load_address>0x172</load_address>
         <run_address>0x172</run_address>
         <size>0x142</size>
         <input_file_ref idref="fl-27"/>
      </object_component>
      <object_component id="oc-10c">
         <name>.debug_abbrev</name>
         <load_address>0x2b4</load_address>
         <run_address>0x2b4</run_address>
         <size>0x38</size>
         <input_file_ref idref="fl-28"/>
      </object_component>
      <object_component id="oc-111">
         <name>.debug_abbrev</name>
         <load_address>0x2ec</load_address>
         <run_address>0x2ec</run_address>
         <size>0x38</size>
         <input_file_ref idref="fl-29"/>
      </object_component>
      <object_component id="oc-116">
         <name>.debug_abbrev</name>
         <load_address>0x324</load_address>
         <run_address>0x324</run_address>
         <size>0x38</size>
         <input_file_ref idref="fl-2a"/>
      </object_component>
      <object_component id="oc-11b">
         <name>.debug_abbrev</name>
         <load_address>0x35c</load_address>
         <run_address>0x35c</run_address>
         <size>0x68</size>
         <input_file_ref idref="fl-2b"/>
      </object_component>
      <object_component id="oc-120">
         <name>.debug_abbrev</name>
         <load_address>0x3c4</load_address>
         <run_address>0x3c4</run_address>
         <size>0x66</size>
         <input_file_ref idref="fl-2c"/>
      </object_component>
      <object_component id="oc-125">
         <name>.debug_abbrev</name>
         <load_address>0x42a</load_address>
         <run_address>0x42a</run_address>
         <size>0xb2</size>
         <input_file_ref idref="fl-2d"/>
      </object_component>
      <object_component id="oc-12a">
         <name>.debug_abbrev</name>
         <load_address>0x4dc</load_address>
         <run_address>0x4dc</run_address>
         <size>0xfe</size>
         <input_file_ref idref="fl-2e"/>
      </object_component>
      <object_component id="oc-1cb">
         <name>.debug_abbrev</name>
         <load_address>0x5da</load_address>
         <run_address>0x5da</run_address>
         <size>0xf</size>
      </object_component>
      <object_component id="oc-f7">
         <name>.debug_aranges</name>
         <load_address>0x0</load_address>
         <run_address>0x0</run_address>
         <size>0x20</size>
         <input_file_ref idref="fl-24"/>
      </object_component>
      <object_component id="oc-fc">
         <name>.debug_aranges</name>
         <load_address>0x20</load_address>
         <run_address>0x20</run_address>
         <size>0x20</size>
         <input_file_ref idref="fl-25"/>
      </object_component>
      <object_component id="oc-101">
         <name>.debug_aranges</name>
         <load_address>0x40</load_address>
         <run_address>0x40</run_address>
         <size>0x20</size>
         <input_file_ref idref="fl-26"/>
      </object_component>
      <object_component id="oc-108">
         <name>.debug_aranges</name>
         <load_address>0x60</load_address>
         <run_address>0x60</run_address>
         <size>0x28</size>
         <input_file_ref idref="fl-27"/>
      </object_component>
      <object_component id="oc-10d">
         <name>.debug_aranges</name>
         <load_address>0x88</load_address>
         <run_address>0x88</run_address>
         <size>0x20</size>
         <input_file_ref idref="fl-28"/>
      </object_component>
      <object_component id="oc-112">
         <name>.debug_aranges</name>
         <load_address>0xa8</load_address>
         <run_address>0xa8</run_address>
         <size>0x30</size>
         <input_file_ref idref="fl-29"/>
      </object_component>
      <object_component id="oc-117">
         <name>.debug_aranges</name>
         <load_address>0xd8</load_address>
         <run_address>0xd8</run_address>
         <size>0x28</size>
         <input_file_ref idref="fl-2a"/>
      </object_component>
      <object_component id="oc-11c">
         <name>.debug_aranges</name>
         <load_address>0x100</load_address>
         <run_address>0x100</run_address>
         <size>0x20</size>
         <input_file_ref idref="fl-2b"/>
      </object_component>
      <object_component id="oc-121">
         <name>.debug_aranges</name>
         <load_address>0x120</load_address>
         <run_address>0x120</run_address>
         <size>0x20</size>
         <input_file_ref idref="fl-2c"/>
      </object_component>
      <object_component id="oc-126">
         <name>.debug_aranges</name>
         <load_address>0x140</load_address>
         <run_address>0x140</run_address>
         <size>0x30</size>
         <input_file_ref idref="fl-2d"/>
      </object_component>
      <object_component id="oc-12b">
         <name>.debug_aranges</name>
         <load_address>0x170</load_address>
         <run_address>0x170</run_address>
         <size>0x20</size>
         <input_file_ref idref="fl-2e"/>
      </object_component>
      <object_component id="oc-f9">
         <name>.debug_frame</name>
         <load_address>0x0</load_address>
         <run_address>0x0</run_address>
         <size>0xba</size>
         <input_file_ref idref="fl-25"/>
      </object_component>
      <object_component id="oc-105">
         <name>.debug_frame</name>
         <load_address>0xba</load_address>
         <run_address>0xba</run_address>
         <size>0xbf</size>
         <input_file_ref idref="fl-27"/>
      </object_component>
      <object_component id="oc-119">
         <name>.debug_frame</name>
         <load_address>0x179</load_address>
         <run_address>0x179</run_address>
         <size>0xa1</size>
         <input_file_ref idref="fl-2b"/>
      </object_component>
      <object_component id="oc-11e">
         <name>.debug_frame</name>
         <load_address>0x21a</load_address>
         <run_address>0x21a</run_address>
         <size>0xa1</size>
         <input_file_ref idref="fl-2c"/>
      </object_component>
      <object_component id="oc-123">
         <name>.debug_frame</name>
         <load_address>0x2bb</load_address>
         <run_address>0x2bb</run_address>
         <size>0xcb</size>
         <input_file_ref idref="fl-2d"/>
      </object_component>
      <object_component id="oc-128">
         <name>.debug_frame</name>
         <load_address>0x386</load_address>
         <run_address>0x386</run_address>
         <size>0xa1</size>
         <input_file_ref idref="fl-2e"/>
      </object_component>
   </object_component_list>
   <logical_group_list>
      <logical_group id="lg-3" display="no" color="cyan">
         <name>PieVectTableFile</name>
         <run_address>0xd00</run_address>
         <size>0x1c0</size>
         <contents>
            <object_component_ref idref="oc-e6"/>
         </contents>
      </logical_group>
      <logical_group id="lg-5" display="no" color="cyan">
         <name>EmuKeyVar</name>
         <run_address>0xd00</run_address>
         <size>0x1</size>
         <contents>
            <object_component_ref idref="oc-85"/>
         </contents>
      </logical_group>
      <logical_group id="lg-6" display="no" color="cyan">
         <name>EmuBModeVar</name>
         <run_address>0xd01</run_address>
         <size>0x1</size>
         <contents>
            <object_component_ref idref="oc-86"/>
         </contents>
      </logical_group>
      <logical_group id="lg-7" display="no" color="cyan">
         <name>FlashCallbackVar</name>
         <run_address>0xd02</run_address>
         <size>0x0</size>
         <contents>
         </contents>
      </logical_group>
      <logical_group id="lg-8" display="no" color="cyan">
         <name>FlashScalingVar</name>
         <run_address>0xd02</run_address>
         <size>0x0</size>
         <contents>
         </contents>
      </logical_group>
      <logical_group id="lg-4" display="no" color="cyan">
         <name>GROUP_2</name>
         <run_address>0xd00</run_address>
         <size>0x2</size>
         <contents>
            <logical_group_ref idref="lg-5"/>
            <logical_group_ref idref="lg-6"/>
            <logical_group_ref idref="lg-7"/>
            <logical_group_ref idref="lg-8"/>
         </contents>
      </logical_group>
      <overlay id="lg-2" display="no" color="cyan">
         <name>UNION_1</name>
         <run_address>0xd00</run_address>
         <size>0x1c0</size>
         <contents>
            <logical_group_ref idref="lg-3"/>
            <logical_group_ref idref="lg-4"/>
         </contents>
      </overlay>
      <logical_group id="lg-9" display="no" color="cyan">
         <name>AdcaResultFile</name>
         <run_address>0xb00</run_address>
         <size>0x18</size>
         <contents>
            <object_component_ref idref="oc-9d"/>
         </contents>
      </logical_group>
      <logical_group id="lg-a" display="no" color="cyan">
         <name>AdcbResultFile</name>
         <run_address>0xb20</run_address>
         <size>0x18</size>
         <contents>
            <object_component_ref idref="oc-9c"/>
         </contents>
      </logical_group>
      <logical_group id="lg-b" display="no" color="cyan">
         <name>AdccResultFile</name>
         <run_address>0xb40</run_address>
         <size>0x18</size>
         <contents>
            <object_component_ref idref="oc-9f"/>
         </contents>
      </logical_group>
      <logical_group id="lg-c" display="no" color="cyan">
         <name>AdcdResultFile</name>
         <run_address>0xb60</run_address>
         <size>0x18</size>
         <contents>
            <object_component_ref idref="oc-9e"/>
         </contents>
      </logical_group>
      <logical_group id="lg-d" display="no" color="cyan">
         <name>AdcaRegsFile</name>
         <run_address>0x7400</run_address>
         <size>0x80</size>
         <contents>
            <object_component_ref idref="oc-ce"/>
         </contents>
      </logical_group>
      <logical_group id="lg-e" display="no" color="cyan">
         <name>AdcbRegsFile</name>
         <run_address>0x7480</run_address>
         <size>0x80</size>
         <contents>
            <object_component_ref idref="oc-cd"/>
         </contents>
      </logical_group>
      <logical_group id="lg-f" display="no" color="cyan">
         <name>AdccRegsFile</name>
         <run_address>0x7500</run_address>
         <size>0x80</size>
         <contents>
            <object_component_ref idref="oc-d0"/>
         </contents>
      </logical_group>
      <logical_group id="lg-10" display="no" color="cyan">
         <name>AdcdRegsFile</name>
         <run_address>0x7580</run_address>
         <size>0x80</size>
         <contents>
            <object_component_ref idref="oc-cf"/>
         </contents>
      </logical_group>
      <logical_group id="lg-11" display="no" color="cyan">
         <name>AnalogSubsysRegsFile</name>
         <run_address>0x5d180</run_address>
         <size>0x48</size>
         <contents>
            <object_component_ref idref="oc-ca"/>
         </contents>
      </logical_group>
      <logical_group id="lg-12" display="no" color="cyan">
         <name>CanaRegsFile</name>
         <run_address>0x0</run_address>
         <size>0x0</size>
         <contents>
         </contents>
      </logical_group>
      <logical_group id="lg-13" display="no" color="cyan">
         <name>CanbRegsFile</name>
         <run_address>0x0</run_address>
         <size>0x0</size>
         <contents>
         </contents>
      </logical_group>
      <logical_group id="lg-14" display="no" color="cyan">
         <name>Cla1RegsFile</name>
         <run_address>0x1400</run_address>
         <size>0x3e</size>
         <contents>
            <object_component_ref idref="oc-c4"/>
         </contents>
      </logical_group>
      <logical_group id="lg-15" display="no" color="cyan">
         <name>Cla1SoftIntRegsFile</name>
         <run_address>0xce0</run_address>
         <size>0x4</size>
         <contents>
            <object_component_ref idref="oc-8a"/>
         </contents>
      </logical_group>
      <logical_group id="lg-16" display="no" color="cyan">
         <name>ClbXbarRegsFile</name>
         <run_address>0x0</run_address>
         <size>0x0</size>
         <contents>
         </contents>
      </logical_group>
      <logical_group id="lg-17" display="no" color="cyan">
         <name>Cmpss1RegsFile</name>
         <run_address>0x5c80</run_address>
         <size>0x20</size>
         <contents>
            <object_component_ref idref="oc-b0"/>
         </contents>
      </logical_group>
      <logical_group id="lg-18" display="no" color="cyan">
         <name>Cmpss2RegsFile</name>
         <run_address>0x5ca0</run_address>
         <size>0x20</size>
         <contents>
            <object_component_ref idref="oc-af"/>
         </contents>
      </logical_group>
      <logical_group id="lg-19" display="no" color="cyan">
         <name>Cmpss3RegsFile</name>
         <run_address>0x5cc0</run_address>
         <size>0x20</size>
         <contents>
            <object_component_ref idref="oc-b2"/>
         </contents>
      </logical_group>
      <logical_group id="lg-1a" display="no" color="cyan">
         <name>Cmpss4RegsFile</name>
         <run_address>0x5ce0</run_address>
         <size>0x20</size>
         <contents>
            <object_component_ref idref="oc-b1"/>
         </contents>
      </logical_group>
      <logical_group id="lg-1b" display="no" color="cyan">
         <name>Cmpss5RegsFile</name>
         <run_address>0x5d00</run_address>
         <size>0x20</size>
         <contents>
            <object_component_ref idref="oc-b3"/>
         </contents>
      </logical_group>
      <logical_group id="lg-1c" display="no" color="cyan">
         <name>Cmpss6RegsFile</name>
         <run_address>0x5d20</run_address>
         <size>0x20</size>
         <contents>
            <object_component_ref idref="oc-ab"/>
         </contents>
      </logical_group>
      <logical_group id="lg-1d" display="no" color="cyan">
         <name>Cmpss7RegsFile</name>
         <run_address>0x5d40</run_address>
         <size>0x20</size>
         <contents>
            <object_component_ref idref="oc-aa"/>
         </contents>
      </logical_group>
      <logical_group id="lg-1e" display="no" color="cyan">
         <name>Cmpss8RegsFile</name>
         <run_address>0x5d60</run_address>
         <size>0x20</size>
         <contents>
            <object_component_ref idref="oc-ad"/>
         </contents>
      </logical_group>
      <logical_group id="lg-1f" display="no" color="cyan">
         <name>CpuTimer0RegsFile</name>
         <run_address>0xc00</run_address>
         <size>0x8</size>
         <contents>
            <object_component_ref idref="oc-91"/>
         </contents>
      </logical_group>
      <logical_group id="lg-20" display="no" color="cyan">
         <name>CpuTimer1RegsFile</name>
         <run_address>0xc08</run_address>
         <size>0x8</size>
         <contents>
            <object_component_ref idref="oc-90"/>
         </contents>
      </logical_group>
      <logical_group id="lg-21" display="no" color="cyan">
         <name>CpuTimer2RegsFile</name>
         <run_address>0xc10</run_address>
         <size>0x8</size>
         <contents>
            <object_component_ref idref="oc-93"/>
         </contents>
      </logical_group>
      <logical_group id="lg-22" display="no" color="cyan">
         <name>DacaRegsFile</name>
         <run_address>0x5c00</run_address>
         <size>0x8</size>
         <contents>
            <object_component_ref idref="oc-8d"/>
         </contents>
      </logical_group>
      <logical_group id="lg-23" display="no" color="cyan">
         <name>DacbRegsFile</name>
         <run_address>0x5c10</run_address>
         <size>0x8</size>
         <contents>
            <object_component_ref idref="oc-8f"/>
         </contents>
      </logical_group>
      <logical_group id="lg-24" display="no" color="cyan">
         <name>DaccRegsFile</name>
         <run_address>0x5c20</run_address>
         <size>0x8</size>
         <contents>
            <object_component_ref idref="oc-92"/>
         </contents>
      </logical_group>
      <logical_group id="lg-25" display="no" color="cyan">
         <name>DcsmZ1RegsFile</name>
         <run_address>0x5f000</run_address>
         <size>0x24</size>
         <contents>
            <object_component_ref idref="oc-bc"/>
         </contents>
      </logical_group>
      <logical_group id="lg-26" display="no" color="cyan">
         <name>DcsmZ2RegsFile</name>
         <run_address>0x5f040</run_address>
         <size>0x24</size>
         <contents>
            <object_component_ref idref="oc-bb"/>
         </contents>
      </logical_group>
      <logical_group id="lg-27" display="no" color="cyan">
         <name>DcsmCommonRegsFile</name>
         <run_address>0x5f070</run_address>
         <size>0x8</size>
         <contents>
            <object_component_ref idref="oc-8e"/>
         </contents>
      </logical_group>
      <logical_group id="lg-28" display="no" color="cyan">
         <name>DcsmZ1OtpFile</name>
         <run_address>0x78000</run_address>
         <size>0x20</size>
         <contents>
            <object_component_ref idref="oc-ac"/>
         </contents>
      </logical_group>
      <logical_group id="lg-29" display="no" color="cyan">
         <name>DcsmZ2OtpFile</name>
         <run_address>0x78200</run_address>
         <size>0x20</size>
         <contents>
            <object_component_ref idref="oc-ae"/>
         </contents>
      </logical_group>
      <logical_group id="lg-2a" display="no" color="cyan">
         <name>DmaRegsFile</name>
         <run_address>0x1000</run_address>
         <size>0xe0</size>
         <contents>
            <object_component_ref idref="oc-d5"/>
         </contents>
      </logical_group>
      <logical_group id="lg-2b" display="no" color="cyan">
         <name>DmaClaSrcSelRegsFile</name>
         <run_address>0x7980</run_address>
         <size>0x1a</size>
         <contents>
            <object_component_ref idref="oc-a0"/>
         </contents>
      </logical_group>
      <logical_group id="lg-2c" display="no" color="cyan">
         <name>ECap1RegsFile</name>
         <run_address>0x5000</run_address>
         <size>0x20</size>
         <contents>
            <object_component_ref idref="oc-b4"/>
         </contents>
      </logical_group>
      <logical_group id="lg-2d" display="no" color="cyan">
         <name>ECap2RegsFile</name>
         <run_address>0x5020</run_address>
         <size>0x20</size>
         <contents>
            <object_component_ref idref="oc-b5"/>
         </contents>
      </logical_group>
      <logical_group id="lg-2e" display="no" color="cyan">
         <name>ECap3RegsFile</name>
         <run_address>0x5040</run_address>
         <size>0x20</size>
         <contents>
            <object_component_ref idref="oc-a9"/>
         </contents>
      </logical_group>
      <logical_group id="lg-2f" display="no" color="cyan">
         <name>ECap4RegsFile</name>
         <run_address>0x5060</run_address>
         <size>0x20</size>
         <contents>
            <object_component_ref idref="oc-a3"/>
         </contents>
      </logical_group>
      <logical_group id="lg-30" display="no" color="cyan">
         <name>ECap5RegsFile</name>
         <run_address>0x5080</run_address>
         <size>0x20</size>
         <contents>
            <object_component_ref idref="oc-a4"/>
         </contents>
      </logical_group>
      <logical_group id="lg-31" display="no" color="cyan">
         <name>ECap6RegsFile</name>
         <run_address>0x50a0</run_address>
         <size>0x20</size>
         <contents>
            <object_component_ref idref="oc-a2"/>
         </contents>
      </logical_group>
      <logical_group id="lg-32" display="no" color="cyan">
         <name>Emif1RegsFile</name>
         <run_address>0x47000</run_address>
         <size>0x70</size>
         <contents>
            <object_component_ref idref="oc-cc"/>
         </contents>
      </logical_group>
      <logical_group id="lg-33" display="no" color="cyan">
         <name>Emif2RegsFile</name>
         <run_address>0x47800</run_address>
         <size>0x70</size>
         <contents>
            <object_component_ref idref="oc-cb"/>
         </contents>
      </logical_group>
      <logical_group id="lg-34" display="no" color="cyan">
         <name>EPwm1RegsFile</name>
         <run_address>0x4000</run_address>
         <size>0x100</size>
         <contents>
            <object_component_ref idref="oc-da"/>
         </contents>
      </logical_group>
      <logical_group id="lg-35" display="no" color="cyan">
         <name>EPwm2RegsFile</name>
         <run_address>0x4100</run_address>
         <size>0x100</size>
         <contents>
            <object_component_ref idref="oc-d9"/>
         </contents>
      </logical_group>
      <logical_group id="lg-36" display="no" color="cyan">
         <name>EPwm3RegsFile</name>
         <run_address>0x4200</run_address>
         <size>0x100</size>
         <contents>
            <object_component_ref idref="oc-dc"/>
         </contents>
      </logical_group>
      <logical_group id="lg-37" display="no" color="cyan">
         <name>EPwm4RegsFile</name>
         <run_address>0x4300</run_address>
         <size>0x100</size>
         <contents>
            <object_component_ref idref="oc-d7"/>
         </contents>
      </logical_group>
      <logical_group id="lg-38" display="no" color="cyan">
         <name>EPwm5RegsFile</name>
         <run_address>0x4400</run_address>
         <size>0x100</size>
         <contents>
            <object_component_ref idref="oc-d6"/>
         </contents>
      </logical_group>
      <logical_group id="lg-39" display="no" color="cyan">
         <name>EPwm6RegsFile</name>
         <run_address>0x4500</run_address>
         <size>0x100</size>
         <contents>
            <object_component_ref idref="oc-db"/>
         </contents>
      </logical_group>
      <logical_group id="lg-3a" display="no" color="cyan">
         <name>EPwm7RegsFile</name>
         <run_address>0x4600</run_address>
         <size>0x100</size>
         <contents>
            <object_component_ref idref="oc-d8"/>
         </contents>
      </logical_group>
      <logical_group id="lg-3b" display="no" color="cyan">
         <name>EPwm8RegsFile</name>
         <run_address>0x4700</run_address>
         <size>0x100</size>
         <contents>
            <object_component_ref idref="oc-e1"/>
         </contents>
      </logical_group>
      <logical_group id="lg-3c" display="no" color="cyan">
         <name>EPwm9RegsFile</name>
         <run_address>0x4800</run_address>
         <size>0x100</size>
         <contents>
            <object_component_ref idref="oc-df"/>
         </contents>
      </logical_group>
      <logical_group id="lg-3d" display="no" color="cyan">
         <name>EPwm10RegsFile</name>
         <run_address>0x4900</run_address>
         <size>0x100</size>
         <contents>
            <object_component_ref idref="oc-e0"/>
         </contents>
      </logical_group>
      <logical_group id="lg-3e" display="no" color="cyan">
         <name>EPwm11RegsFile</name>
         <run_address>0x4a00</run_address>
         <size>0x100</size>
         <contents>
            <object_component_ref idref="oc-dd"/>
         </contents>
      </logical_group>
      <logical_group id="lg-3f" display="no" color="cyan">
         <name>EPwm12RegsFile</name>
         <run_address>0x4b00</run_address>
         <size>0x100</size>
         <contents>
            <object_component_ref idref="oc-de"/>
         </contents>
      </logical_group>
      <logical_group id="lg-40" display="no" color="cyan">
         <name>EPwmXbarRegsFile</name>
         <run_address>0x7a00</run_address>
         <size>0x40</size>
         <contents>
            <object_component_ref idref="oc-c7"/>
         </contents>
      </logical_group>
      <logical_group id="lg-41" display="no" color="cyan">
         <name>EQep1RegsFile</name>
         <run_address>0x5100</run_address>
         <size>0x22</size>
         <contents>
            <object_component_ref idref="oc-b6"/>
         </contents>
      </logical_group>
      <logical_group id="lg-42" display="no" color="cyan">
         <name>EQep2RegsFile</name>
         <run_address>0x5140</run_address>
         <size>0x22</size>
         <contents>
            <object_component_ref idref="oc-b7"/>
         </contents>
      </logical_group>
      <logical_group id="lg-43" display="no" color="cyan">
         <name>EQep3RegsFile</name>
         <run_address>0x5180</run_address>
         <size>0x22</size>
         <contents>
            <object_component_ref idref="oc-ba"/>
         </contents>
      </logical_group>
      <logical_group id="lg-44" display="no" color="cyan">
         <name>Flash0CtrlRegsFile</name>
         <run_address>0x5f800</run_address>
         <size>0x182</size>
         <contents>
            <object_component_ref idref="oc-e5"/>
         </contents>
      </logical_group>
      <logical_group id="lg-45" display="no" color="cyan">
         <name>Flash0EccRegsFile</name>
         <run_address>0x5fb00</run_address>
         <size>0x28</size>
         <contents>
            <object_component_ref idref="oc-c0"/>
         </contents>
      </logical_group>
      <logical_group id="lg-46" display="no" color="cyan">
         <name>Flash1CtrlRegsFile</name>
         <run_address>0x5fc00</run_address>
         <size>0x182</size>
         <contents>
            <object_component_ref idref="oc-e4"/>
         </contents>
      </logical_group>
      <logical_group id="lg-47" display="no" color="cyan">
         <name>Flash1EccRegsFile</name>
         <run_address>0x5ff00</run_address>
         <size>0x28</size>
         <contents>
            <object_component_ref idref="oc-bf"/>
         </contents>
      </logical_group>
      <logical_group id="lg-48" display="no" color="cyan">
         <name>GpioCtrlRegsFile</name>
         <run_address>0x7c00</run_address>
         <size>0x180</size>
         <contents>
            <object_component_ref idref="oc-e3"/>
         </contents>
      </logical_group>
      <logical_group id="lg-49" display="no" color="cyan">
         <name>GpioDataRegsFile</name>
         <run_address>0x7f00</run_address>
         <size>0x30</size>
         <contents>
            <object_component_ref idref="oc-c2"/>
         </contents>
      </logical_group>
      <logical_group id="lg-4a" display="no" color="cyan">
         <name>OutputXbarRegsFile</name>
         <run_address>0x7a80</run_address>
         <size>0x40</size>
         <contents>
            <object_component_ref idref="oc-c8"/>
         </contents>
      </logical_group>
      <logical_group id="lg-4b" display="no" color="cyan">
         <name>I2caRegsFile</name>
         <run_address>0x7300</run_address>
         <size>0x22</size>
         <contents>
            <object_component_ref idref="oc-b9"/>
         </contents>
      </logical_group>
      <logical_group id="lg-4c" display="no" color="cyan">
         <name>I2cbRegsFile</name>
         <run_address>0x7340</run_address>
         <size>0x22</size>
         <contents>
            <object_component_ref idref="oc-b8"/>
         </contents>
      </logical_group>
      <logical_group id="lg-4d" display="no" color="cyan">
         <name>InputXbarRegsFile</name>
         <run_address>0x7900</run_address>
         <size>0x20</size>
         <contents>
            <object_component_ref idref="oc-a7"/>
         </contents>
      </logical_group>
      <logical_group id="lg-4e" display="no" color="cyan">
         <name>XbarRegsFile</name>
         <run_address>0x7920</run_address>
         <size>0x20</size>
         <contents>
            <object_component_ref idref="oc-a8"/>
         </contents>
      </logical_group>
      <logical_group id="lg-4f" display="no" color="cyan">
         <name>FlashPumpSemaphoreRegsFile</name>
         <run_address>0x50024</run_address>
         <size>0x2</size>
         <contents>
            <object_component_ref idref="oc-88"/>
         </contents>
      </logical_group>
      <logical_group id="lg-50" display="no" color="cyan">
         <name>RomPrefetchRegsFile</name>
         <run_address>0x5e608</run_address>
         <size>0x2</size>
         <contents>
            <object_component_ref idref="oc-87"/>
         </contents>
      </logical_group>
      <logical_group id="lg-51" display="no" color="cyan">
         <name>MemCfgRegsFile</name>
         <run_address>0x5f400</run_address>
         <size>0x80</size>
         <contents>
            <object_component_ref idref="oc-d3"/>
         </contents>
      </logical_group>
      <logical_group id="lg-52" display="no" color="cyan">
         <name>Emif1ConfigRegsFile</name>
         <run_address>0x5f480</run_address>
         <size>0x20</size>
         <contents>
            <object_component_ref idref="oc-a5"/>
         </contents>
      </logical_group>
      <logical_group id="lg-53" display="no" color="cyan">
         <name>Emif2ConfigRegsFile</name>
         <run_address>0x5f4a0</run_address>
         <size>0x20</size>
         <contents>
            <object_component_ref idref="oc-a6"/>
         </contents>
      </logical_group>
      <logical_group id="lg-54" display="no" color="cyan">
         <name>AccessProtectionRegsFile</name>
         <run_address>0x5f4c0</run_address>
         <size>0x40</size>
         <contents>
            <object_component_ref idref="oc-c5"/>
         </contents>
      </logical_group>
      <logical_group id="lg-55" display="no" color="cyan">
         <name>MemoryErrorRegsFile</name>
         <run_address>0x5f500</run_address>
         <size>0x40</size>
         <contents>
            <object_component_ref idref="oc-c6"/>
[...]
         <value>0x5f400</value>
         <object_component_ref idref="oc-d3"/>
      </symbol>
      <symbol id="sm-702d">
         <name>_CpuSysRegs</name>
         <value>0x5d300</value>
         <object_component_ref idref="oc-d4"/>
      </symbol>
      <symbol id="sm-702f">
         <name>_DmaRegs</name>
         <value>0x1000</value>
         <object_component_ref idref="oc-d5"/>
      </symbol>
      <symbol id="sm-7031">
         <name>_EPwm5Regs</name>
         <value>0x4400</value>
         <object_component_ref idref="oc-d6"/>
      </symbol>
      <symbol id="sm-7033">
         <name>_EPwm4Regs</name>
         <value>0x4300</value>
         <object_component_ref idref="oc-d7"/>
      </symbol>
      <symbol id="sm-7035">
         <name>_EPwm7Regs</name>
         <value>0x4600</value>
         <object_component_ref idref="oc-d8"/>
      </symbol>
      <symbol id="sm-7037">
         <name>_EPwm2Regs</name>
         <value>0x4100</value>
         <object_component_ref idref="oc-d9"/>
      </symbol>
      <symbol id="sm-7039">
         <name>_EPwm1Regs</name>
         <value>0x4000</value>
         <object_component_ref idref="oc-da"/>
      </symbol>
      <symbol id="sm-703b">
         <name>_EPwm6Regs</name>
         <value>0x4500</value>
         <object_component_ref idref="oc-db"/>
      </symbol>
      <symbol id="sm-703d">
         <name>_EPwm3Regs</name>
         <value>0x4200</value>
         <object_component_ref idref="oc-dc"/>
      </symbol>
      <symbol id="sm-703f">
         <name>_EPwm11Regs</name>
         <value>0x4a00</value>
         <object_component_ref idref="oc-dd"/>
      </symbol>
      <symbol id="sm-7041">
         <name>_EPwm12Regs</name>
         <value>0x4b00</value>
         <object_component_ref idref="oc-de"/>
      </symbol>
      <symbol id="sm-7043">
         <name>_EPwm9Regs</name>
         <value>0x4800</value>
         <object_component_ref idref="oc-df"/>
      </symbol>
      <symbol id="sm-7045">
         <name>_EPwm10Regs</name>
         <value>0x4900</value>
         <object_component_ref idref="oc-e0"/>
      </symbol>
      <symbol id="sm-7047">
         <name>_EPwm8Regs</name>
         <value>0x4700</value>
         <object_component_ref idref="oc-e1"/>
      </symbol>
      <symbol id="sm-7049">
         <name>_DevCfgRegs</name>
         <value>0x5d000</value>
         <object_component_ref idref="oc-e2"/>
      </symbol>
      <symbol id="sm-704b">
         <name>_GpioCtrlRegs</name>
         <value>0x7c00</value>
         <object_component_ref idref="oc-e3"/>
      </symbol>
      <symbol id="sm-704d">
         <name>_Flash1CtrlRegs</name>
         <value>0x5fc00</value>
         <object_component_ref idref="oc-e4"/>
      </symbol>
      <symbol id="sm-704f">
         <name>_Flash0CtrlRegs</name>
         <value>0x5f800</value>
         <object_component_ref idref="oc-e5"/>
      </symbol>
      <symbol id="sm-7051">
         <name>_PieVectTable</name>
         <value>0xd00</value>
         <object_component_ref idref="oc-e6"/>
      </symbol>
      <symbol id="sm-7055">
         <name>_InitGpio</name>
         <value>0xb585</value>
         <object_component_ref idref="oc-139"/>
      </symbol>
      <symbol id="sm-7064">
         <name>_GPIO_SetupPinMux</name>
         <value>0xb5c5</value>
         <object_component_ref idref="oc-139"/>
      </symbol>
      <symbol id="sm-7086">
         <name>_GPIO_SetupPinOptions</name>
         <value>0xb651</value>
         <object_component_ref idref="oc-139"/>
      </symbol>
      <symbol id="sm-70b5">
         <name>_GPIO_SetupLock</name>
         <value>0xb6e5</value>
         <object_component_ref idref="oc-139"/>
      </symbol>
      <symbol id="sm-70cd">
         <name>_GPIO_SetupXINT1Gpio</name>
         <value>0xb70e</value>
         <object_component_ref idref="oc-139"/>
      </symbol>
      <symbol id="sm-70d7">
         <name>_GPIO_SetupXINT2Gpio</name>
         <value>0xb718</value>
         <object_component_ref idref="oc-139"/>
      </symbol>
      <symbol id="sm-70e1">
         <name>_GPIO_SetupXINT3Gpio</name>
         <value>0xb722</value>
         <object_component_ref idref="oc-139"/>
      </symbol>
      <symbol id="sm-70eb">
         <name>_GPIO_SetupXINT4Gpio</name>
         <value>0xb72c</value>
         <object_component_ref idref="oc-139"/>
      </symbol>
      <symbol id="sm-70f5">
         <name>_GPIO_SetupXINT5Gpio</name>
         <value>0xb736</value>
         <object_component_ref idref="oc-139"/>
      </symbol>
      <symbol id="sm-70ff">
         <name>_GPIO_EnableUnbondedIOPullupsFor176Pin</name>
         <value>0xb740</value>
         <object_component_ref idref="oc-139"/>
      </symbol>
      <symbol id="sm-7105">
         <name>_GPIO_EnableUnbondedIOPullupsFor100Pin</name>
         <value>0xb759</value>
         <object_component_ref idref="oc-139"/>
      </symbol>
      <symbol id="sm-710b">
         <name>_GPIO_EnableUnbondedIOPullups</name>
         <value>0xb77e</value>
         <object_component_ref idref="oc-139"/>
      </symbol>
      <symbol id="sm-7115">
         <name>_GPIO_ReadPin</name>
         <value>0xb794</value>
         <object_component_ref idref="oc-139"/>
      </symbol>
      <symbol id="sm-7123">
         <name>_GPIO_WritePin</name>
         <value>0xb7ab</value>
         <object_component_ref idref="oc-139"/>
      </symbol>
      <symbol id="sm-7147">
         <name>_InitSysCtrl</name>
         <value>0x8000</value>
         <object_component_ref idref="oc-135"/>
      </symbol>
      <symbol id="sm-714e">
         <name>_InitPeripheralClocks</name>
         <value>0x8031</value>
         <object_component_ref idref="oc-135"/>
      </symbol>
      <symbol id="sm-7154">
         <name>_DisablePeripheralClocks</name>
         <value>0x80b5</value>
         <object_component_ref idref="oc-135"/>
      </symbol>
      <symbol id="sm-715a">
         <name>_SeizeFlashPump_Bank0</name>
         <value>0x80cd</value>
         <object_component_ref idref="oc-135"/>
      </symbol>
      <symbol id="sm-7162">
         <name>_SeizeFlashPump_Bank1</name>
         <value>0x80dc</value>
         <object_component_ref idref="oc-135"/>
      </symbol>
      <symbol id="sm-716a">
         <name>_ReleaseFlashPump</name>
         <value>0x80eb</value>
         <object_component_ref idref="oc-135"/>
      </symbol>
      <symbol id="sm-7170">
         <name>_ServiceDog</name>
         <value>0x80f5</value>
         <object_component_ref idref="oc-135"/>
      </symbol>
      <symbol id="sm-7176">
         <name>_DisableDog</name>
         <value>0x8103</value>
         <object_component_ref idref="oc-135"/>
      </symbol>
      <symbol id="sm-717e">
         <name>_InitSysPll</name>
         <value>0x8111</value>
         <object_component_ref idref="oc-135"/>
      </symbol>
      <symbol id="sm-71b2">
         <name>_InitAuxPll</name>
         <value>0x81d7</value>
         <object_component_ref idref="oc-135"/>
      </symbol>
      <symbol id="sm-71e8">
         <name>_CsmUnlock</name>
         <value>0x829f</value>
         <object_component_ref idref="oc-135"/>
      </symbol>
      <symbol id="sm-71ee">
         <name>_SysIntOsc1Sel</name>
         <value>0x82c0</value>
         <object_component_ref idref="oc-135"/>
      </symbol>
      <symbol id="sm-71f4">
         <name>_SysIntOsc2Sel</name>
         <value>0x82ca</value>
         <object_component_ref idref="oc-135"/>
      </symbol>
      <symbol id="sm-71fa">
         <name>_SysXtalOscSel</name>
         <value>0x82d4</value>
         <object_component_ref idref="oc-135"/>
      </symbol>
      <symbol id="sm-7200">
         <name>_AuxIntOsc2Sel</name>
         <value>0x82e0</value>
         <object_component_ref idref="oc-135"/>
      </symbol>
      <symbol id="sm-7206">
         <name>_AuxXtalOscSel</name>
         <value>0x82ea</value>
         <object_component_ref idref="oc-135"/>
      </symbol>
      <symbol id="sm-720c">
         <name>_AuxAuxClkSel</name>
         <value>0x82f6</value>
         <object_component_ref idref="oc-135"/>
      </symbol>
      <symbol id="sm-7212">
         <name>_IDLE</name>
         <value>0x8300</value>
         <object_component_ref idref="oc-135"/>
      </symbol>
      <symbol id="sm-7218">
         <name>_STANDBY</name>
         <value>0x8309</value>
         <object_component_ref idref="oc-135"/>
      </symbol>
      <symbol id="sm-721e">
         <name>_HALT</name>
         <value>0x8314</value>
         <object_component_ref idref="oc-135"/>
      </symbol>
      <symbol id="sm-7224">
         <name>_HIB</name>
         <value>0x8325</value>
         <object_component_ref idref="oc-135"/>
      </symbol>
      <symbol id="sm-7234">
         <name>_tempSensor_tempOffset</name>
         <value>0xa872</value>
         <object_component_ref idref="oc-e7"/>
      </symbol>
      <symbol id="sm-7236">
         <name>_tempSensor_scaleFactor</name>
         <value>0xa874</value>
         <object_component_ref idref="oc-e7"/>
      </symbol>
      <symbol id="sm-7238">
         <name>_tempSensor_tempSlope</name>
         <value>0xa876</value>
         <object_component_ref idref="oc-e7"/>
      </symbol>
      <symbol id="sm-761a">
         <name>_deviceOpen</name>
         <value>0xa8b5</value>
         <object_component_ref idref="oc-e9"/>
      </symbol>
      <symbol id="sm-762c">
         <name>_MCBSP</name>
         <value>0xa800</value>
         <object_component_ref idref="oc-eb"/>
      </symbol>
      <symbol id="sm-762e">
         <name>_I2C</name>
         <value>0xa804</value>
         <object_component_ref idref="oc-eb"/>
      </symbol>
      <symbol id="sm-7630">
         <name>_SCI</name>
         <value>0xa808</value>
         <object_component_ref idref="oc-eb"/>
      </symbol>
      <symbol id="sm-7632">
         <name>_SDFM</name>
         <value>0xa80c</value>
         <object_component_ref idref="oc-eb"/>
      </symbol>
      <symbol id="sm-7634">
         <name>_EQEP</name>
         <value>0xa812</value>
         <object_component_ref idref="oc-eb"/>
      </symbol>
      <symbol id="sm-7636">
         <name>_SPI</name>
         <value>0xa81a</value>
         <object_component_ref idref="oc-eb"/>
      </symbol>
      <symbol id="sm-7638">
         <name>_ECAP</name>
         <value>0xa822</value>
         <object_component_ref idref="oc-eb"/>
      </symbol>
      <symbol id="sm-763a">
         <name>_EPWM</name>
         <value>0xa840</value>
         <object_component_ref idref="oc-eb"/>
      </symbol>
      <symbol id="sm-7645">
         <name>_F28x_usDelay</name>
         <value>0x1fc</value>
         <object_component_ref idref="oc-ec"/>
      </symbol>
      <symbol id="sm-7648">
         <name>_ResetRing</name>
         <value>0x374</value>
         <object_component_ref idref="oc-13a"/>
      </symbol>
      <symbol id="sm-7652">
         <name>_AddRing</name>
         <value>0x871d</value>
         <object_component_ref idref="oc-131"/>
      </symbol>
      <symbol id="sm-7663">
         <name>_ExtractRing</name>
         <value>0x8749</value>
         <object_component_ref idref="oc-131"/>
      </symbol>
      <symbol id="sm-766c">
         <name>_ReadRing</name>
         <value>0x38b</value>
         <object_component_ref idref="oc-13a"/>
      </symbol>
      <symbol id="sm-767b">
         <name>_GetSizeRing</name>
         <value>0x3a5</value>
         <object_component_ref idref="oc-13a"/>
      </symbol>
      <symbol id="sm-7683">
         <name>_IsRingEmpty</name>
         <value>0x875d</value>
         <object_component_ref idref="oc-131"/>
      </symbol>
      <symbol id="sm-7692">
         <name>_ezDSP_nEndPos</name>
         <value>0xa880</value>
         <object_component_ref idref="oc-ee"/>
      </symbol>
      <symbol id="sm-7694">
         <name>_ezDSP_nMaxBuffSize</name>
         <value>0xa881</value>
         <object_component_ref idref="oc-ee"/>
      </symbol>
      <symbol id="sm-7696">
         <name>_ezDSP_nStartPos</name>
         <value>0xa882</value>
         <object_component_ref idref="oc-ee"/>
      </symbol>
      <symbol id="sm-7698">
         <name>_ezDSP_ringBuffer</name>
         <value>0xa883</value>
         <object_component_ref idref="oc-ee"/>
      </symbol>
      <symbol id="sm-769c">
         <name>_easyDSP_SCI_Init</name>
         <value>0x2de</value>
         <object_component_ref idref="oc-136"/>
      </symbol>
      <symbol id="sm-76a4">
         <name>_easy_RXINT_ISR</name>
         <value>0x835a</value>
         <object_component_ref idref="oc-f1"/>
      </symbol>
      <symbol id="sm-76ef">
         <name>_easy_TXINT_ISR</name>
         <value>0x86d8</value>
         <object_component_ref idref="oc-f1"/>
      </symbol>
      <symbol id="sm-7700">
         <name>_ezDSP_uWrongISRCount</name>
         <value>0xa8c0</value>
         <object_component_ref idref="oc-f0"/>
      </symbol>
      <symbol id="sm-7702">
         <name>_ezDSP_ucRx</name>
         <value>0xa8c1</value>
         <object_component_ref idref="oc-f0"/>
      </symbol>
      <symbol id="sm-7704">
         <name>_ezDSP_uPECount</name>
         <value>0xa8c2</value>
         <object_component_ref idref="oc-f0"/>
      </symbol>
      <symbol id="sm-7706">
         <name>_ezDSP_uBRKDTCount</name>
         <value>0xa8c3</value>
         <object_component_ref idref="oc-f0"/>
      </symbol>
      <symbol id="sm-7708">
         <name>_ezDSP_uOECount</name>
         <value>0xa8c4</value>
         <object_component_ref idref="oc-f0"/>
      </symbol>
      <symbol id="sm-770a">
         <name>_ezDSP_uAddrRdCnt</name>
         <value>0xa8c5</value>
         <object_component_ref idref="oc-f0"/>
      </symbol>
      <symbol id="sm-770c">
         <name>_ezDSP_uDataRdCnt</name>
         <value>0xa8c6</value>
         <object_component_ref idref="oc-f0"/>
      </symbol>
      <symbol id="sm-770e">
         <name>_ezDSP_uChksum</name>
         <value>0xa8c7</value>
         <object_component_ref idref="oc-f0"/>
      </symbol>
      <symbol id="sm-7710">
         <name>_ezDSP_uState</name>
         <value>0xa8c8</value>
         <object_component_ref idref="oc-f0"/>
      </symbol>
      <symbol id="sm-7712">
         <name>_ezDSP_uData</name>
         <value>0xa8c9</value>
         <object_component_ref idref="oc-f0"/>
      </symbol>
      <symbol id="sm-7714">
         <name>_ezDSP_uFECount</name>
         <value>0xa8ca</value>
         <object_component_ref idref="oc-f0"/>
      </symbol>
      <symbol id="sm-7716">
         <name>_ezDSP_Version_SCI</name>
         <value>0xa8cb</value>
         <object_component_ref idref="oc-f0"/>
      </symbol>
      <symbol id="sm-7718">
         <name>_ezDSP_uRead8BPossible</name>
         <value>0xa8cc</value>
         <object_component_ref idref="oc-f0"/>
      </symbol>
      <symbol id="sm-771a">
         <name>_ezDSP_uRead16BPossible</name>
         <value>0xa8cd</value>
         <object_component_ref idref="oc-f0"/>
      </symbol>
      <symbol id="sm-771c">
         <name>_ezDSP_ulData</name>
         <value>0xa8ce</value>
         <object_component_ref idref="oc-f0"/>
      </symbol>
      <symbol id="sm-771e">
         <name>_ezDSP_ulAddr</name>
         <value>0xa8d0</value>
         <object_component_ref idref="oc-f0"/>
      </symbol>
      <symbol id="sm-7720">
         <name>_ezDSP_fFloat</name>
         <value>0xa8d2</value>
         <object_component_ref idref="oc-f0"/>
      </symbol>
      <symbol id="sm-7722">
         <name>_ezDSP_ullData</name>
         <value>0xa8d4</value>
         <object_component_ref idref="oc-f0"/>
      </symbol>
      <symbol id="sm-7740">
         <name>_c_int00</name>
         <value>0x288</value>
         <object_component_ref idref="oc-80"/>
      </symbol>
      <symbol id="sm-7741">
         <name>__stack</name>
         <value>0x400</value>
         <object_component_ref idref="oc-f2"/>
      </symbol>
      <symbol id="sm-7757">
         <name>_copy_in</name>
         <value>0x32e</value>
         <object_component_ref idref="oc-12d"/>
      </symbol>
      <symbol id="sm-7766">
         <name>_ppcopy</name>
         <value>0xb7c9</value>
         <object_component_ref idref="oc-fd"/>
      </symbol>
      <symbol id="sm-7767">
         <name>_dpcopy</name>
         <value>0xb7c9</value>
         <object_component_ref idref="oc-fd"/>
      </symbol>
      <symbol id="sm-7768">
         <name>_pdcopy</name>
         <value>0xb7c9</value>
         <object_component_ref idref="oc-fd"/>
      </symbol>
      <symbol id="sm-7769">
         <name>_ddcopy</name>
         <value>0xb7c9</value>
         <object_component_ref idref="oc-fd"/>
      </symbol>
      <symbol id="sm-777e">
         <name>C$$EXIT</name>
         <value>0x3b1</value>
         <object_component_ref idref="oc-130"/>
      </symbol>
      <symbol id="sm-777f">
         <name>_exit</name>
         <value>0x3b3</value>
         <object_component_ref idref="oc-130"/>
      </symbol>
      <symbol id="sm-7780">
         <name>___TI_cleanup_ptr</name>
         <value>0xa87a</value>
         <object_component_ref idref="oc-104"/>
      </symbol>
      <symbol id="sm-7781">
         <name>___TI_enable_exit_profile_output</name>
         <value>0xa878</value>
         <object_component_ref idref="oc-104"/>
      </symbol>
      <symbol id="sm-7782">
         <name>_abort</name>
         <value>0x3b1</value>
         <object_component_ref idref="oc-130"/>
      </symbol>
      <symbol id="sm-7783">
         <name>___TI_dtors_ptr</name>
         <value>0xa87c</value>
         <object_component_ref idref="oc-104"/>
      </symbol>
      <symbol id="sm-7794">
         <name>FS$$DIV</name>
         <value>0x200</value>
         <object_component_ref idref="oc-109"/>
      </symbol>
      <symbol id="sm-77a0">
         <name>LL$$AND</name>
         <value>0x8339</value>
         <object_component_ref idref="oc-10e"/>
      </symbol>
      <symbol id="sm-77a1">
         <name>LL$$OR</name>
         <value>0x8341</value>
         <object_component_ref idref="oc-10e"/>
      </symbol>
      <symbol id="sm-77a2">
         <name>LL$$XOR</name>
         <value>0x8349</value>
         <object_component_ref idref="oc-10e"/>
      </symbol>
      <symbol id="sm-77b0">
         <name>ULL$$CMP</name>
         <value>0x3ec</value>
         <object_component_ref idref="oc-113"/>
      </symbol>
      <symbol id="sm-77b1">
         <name>LL$$CMP</name>
         <value>0x3da</value>
         <object_component_ref idref="oc-113"/>
      </symbol>
      <symbol id="sm-77be">
         <name>__system_pre_init</name>
         <value>0xb7fc</value>
         <object_component_ref idref="oc-12c"/>
      </symbol>
      <symbol id="sm-77cb">
         <name>__system_post_cinit</name>
         <value>0xb7fe</value>
         <object_component_ref idref="oc-12e"/>
      </symbol>
      <symbol id="sm-77e0">
         <name>__unlock</name>
         <value>0xa8b6</value>
         <object_component_ref idref="oc-13b"/>
      </symbol>
      <symbol id="sm-77e1">
         <name>__lock</name>
         <value>0xa87e</value>
         <object_component_ref idref="oc-133"/>
      </symbol>
      <symbol id="sm-77e2">
         <name>__register_lock</name>
         <value>0x8355</value>
         <object_component_ref idref="oc-137"/>
      </symbol>
      <symbol id="sm-77e3">
         <name>__nop</name>
         <value>0x8359</value>
         <object_component_ref idref="oc-137"/>
      </symbol>
      <symbol id="sm-77e4">
         <name>__register_unlock</name>
         <value>0x8351</value>
         <object_component_ref idref="oc-137"/>
      </symbol>
      <symbol id="sm-77f4">
         <name>__args_main</name>
         <value>0xb7e3</value>
         <object_component_ref idref="oc-12f"/>
      </symbol>
   </symbol_table>
   <title>Link successful</title>
</link_info>
