<?xml version="1.0"?>
<link_info>
   <banner>TMS320C2000 Linker PC v15.12.3.LTS</banner>
   <copyright>Copyright (c) 1996-2015 Texas Instruments Incorporated</copyright>
   <link_time>0x59a8c3b5</link_time>
   <link_errors>0x0</link_errors>
   <output_file>wpt_v4.out</output_file>
   <entry_point>
      <name>_c_int00</name>
      <address>0x9380</address>
   </entry_point>
   <input_file_list>
      <input_file id="fl-2">
         <path>.\Source\</path>
         <kind>object</kind>
         <file>F2837xS_Adc.obj</file>
         <name>F2837xS_Adc.obj</name>
      </input_file>
      <input_file id="fl-3">
         <path>.\Source\</path>
         <kind>object</kind>
         <file>F2837xS_CodeStartBranch.obj</file>
         <name>F2837xS_CodeStartBranch.obj</name>
      </input_file>
      <input_file id="fl-4">
         <path>.\Source\</path>
         <kind>object</kind>
         <file>F2837xS_CpuTimers.obj</file>
         <name>F2837xS_CpuTimers.obj</name>
      </input_file>
      <input_file id="fl-5">
         <path>.\Source\</path>
         <kind>object</kind>
         <file>F2837xS_DBGIER.obj</file>
         <name>F2837xS_DBGIER.obj</name>
      </input_file>
      <input_file id="fl-6">
         <path>.\Source\</path>
         <kind>object</kind>
         <file>F2837xS_DefaultISR.obj</file>
         <name>F2837xS_DefaultISR.obj</name>
      </input_file>
      <input_file id="fl-7">
         <path>.\Source\</path>
         <kind>object</kind>
         <file>F2837xS_Dma.obj</file>
         <name>F2837xS_Dma.obj</name>
      </input_file>
      <input_file id="fl-8">
         <path>.\Source\</path>
         <kind>object</kind>
         <file>F2837xS_ECap.obj</file>
         <name>F2837xS_ECap.obj</name>
      </input_file>
      <input_file id="fl-9">
         <path>.\Source\</path>
         <kind>object</kind>
         <file>F2837xS_EPwm.obj</file>
         <name>F2837xS_EPwm.obj</name>
      </input_file>
      <input_file id="fl-a">
         <path>.\Source\</path>
         <kind>object</kind>
         <file>F2837xS_EQep.obj</file>
         <name>F2837xS_EQep.obj</name>
      </input_file>
      <input_file id="fl-b">
         <path>.\Source\</path>
         <kind>object</kind>
         <file>F2837xS_Emif.obj</file>
         <name>F2837xS_Emif.obj</name>
      </input_file>
      <input_file id="fl-c">
         <path>.\Source\</path>
         <kind>object</kind>
         <file>F2837xS_GlobalVariableDefs.obj</file>
         <name>F2837xS_GlobalVariableDefs.obj</name>
      </input_file>
      <input_file id="fl-d">
         <path>.\Source\</path>
         <kind>object</kind>
         <file>F2837xS_Gpio.obj</file>
         <name>F2837xS_Gpio.obj</name>
      </input_file>
      <input_file id="fl-e">
         <path>.\Source\</path>
         <kind>object</kind>
         <file>F2837xS_I2C.obj</file>
         <name>F2837xS_I2C.obj</name>
      </input_file>
      <input_file id="fl-f">
         <path>.\Source\</path>
         <kind>object</kind>
         <file>F2837xS_Mcbsp.obj</file>
         <name>F2837xS_Mcbsp.obj</name>
      </input_file>
      <input_file id="fl-10">
         <path>.\Source\</path>
         <kind>object</kind>
         <file>F2837xS_PieCtrl.obj</file>
         <name>F2837xS_PieCtrl.obj</name>
      </input_file>
      <input_file id="fl-11">
         <path>.\Source\</path>
         <kind>object</kind>
         <file>F2837xS_PieVect.obj</file>
         <name>F2837xS_PieVect.obj</name>
      </input_file>
      <input_file id="fl-12">
         <path>.\Source\</path>
         <kind>object</kind>
         <file>F2837xS_Sci.obj</file>
         <name>F2837xS_Sci.obj</name>
      </input_file>
      <input_file id="fl-13">
         <path>.\Source\</path>
         <kind>object</kind>
         <file>F2837xS_Spi.obj</file>
         <name>F2837xS_Spi.obj</name>
      </input_file>
      <input_file id="fl-14">
         <path>.\Source\</path>
         <kind>object</kind>
         <file>F2837xS_SysCtrl.obj</file>
         <name>F2837xS_SysCtrl.obj</name>
      </input_file>
      <input_file id="fl-15">
         <path>.\Source\</path>
         <kind>object</kind>
         <file>F2837xS_TempSensorConv.obj</file>
         <name>F2837xS_TempSensorConv.obj</name>
      </input_file>
      <input_file id="fl-16">
         <path>.\Source\</path>
         <kind>object</kind>
         <file>F2837xS_Upp.obj</file>
         <name>F2837xS_Upp.obj</name>
      </input_file>
      <input_file id="fl-17">
         <path>.\Source\</path>
         <kind>object</kind>
         <file>F2837xS_can.obj</file>
         <name>F2837xS_can.obj</name>
      </input_file>
      <input_file id="fl-18">
         <path>.\Source\</path>
         <kind>object</kind>
         <file>F2837xS_sci_io.obj</file>
         <name>F2837xS_sci_io.obj</name>
      </input_file>
      <input_file id="fl-19">
         <path>.\Source\</path>
         <kind>object</kind>
         <file>F2837xS_sdfm_drivers.obj</file>
         <name>F2837xS_sdfm_drivers.obj</name>
      </input_file>
      <input_file id="fl-1a">
         <path>.\Source\</path>
         <kind>object</kind>
         <file>F2837xS_struct.obj</file>
         <name>F2837xS_struct.obj</name>
      </input_file>
      <input_file id="fl-1b">
         <path>.\Source\</path>
         <kind>object</kind>
         <file>F2837xS_usDelay.obj</file>
         <name>F2837xS_usDelay.obj</name>
      </input_file>
      <input_file id="fl-1c">
         <path>.\Source\</path>
         <kind>object</kind>
         <file>RingBuff.obj</file>
         <name>RingBuff.obj</name>
      </input_file>
      <input_file id="fl-1d">
         <path>.\Source\</path>
         <kind>object</kind>
         <file>adc.obj</file>
         <name>adc.obj</name>
      </input_file>
      <input_file id="fl-1e">
         <path>.\Source\</path>
         <kind>object</kind>
         <file>cc.obj</file>
         <name>cc.obj</name>
      </input_file>
      <input_file id="fl-1f">
         <path>.\Source\</path>
         <kind>object</kind>
         <file>da.obj</file>
         <name>da.obj</name>
      </input_file>
      <input_file id="fl-20">
         <path>.\Source\</path>
         <kind>object</kind>
         <file>dac.obj</file>
         <name>dac.obj</name>
      </input_file>
      <input_file id="fl-21">
         <path>.\Source\</path>
         <kind>object</kind>
         <file>easy2837xS_sci_v8.5.obj</file>
         <name>easy2837xS_sci_v8.5.obj</name>
      </input_file>
      <input_file id="fl-22">
         <path>.\Source\</path>
         <kind>object</kind>
         <file>epwm.obj</file>
         <name>epwm.obj</name>
      </input_file>
      <input_file id="fl-23">
         <path>.\Source\</path>
         <kind>object</kind>
         <file>fault.obj</file>
         <name>fault.obj</name>
      </input_file>
      <input_file id="fl-24">
         <path>.\Source\</path>
         <kind>object</kind>
         <file>gpio.obj</file>
         <name>gpio.obj</name>
      </input_file>
      <input_file id="fl-25">
         <path>.\Source\</path>
         <kind>object</kind>
         <file>main.obj</file>
         <name>main.obj</name>
      </input_file>
      <input_file id="fl-26">
         <path>.\Source\</path>
         <kind>object</kind>
         <file>variable.obj</file>
         <name>variable.obj</name>
      </input_file>
      <input_file id="fl-2d">
         <path>C:\ti\ccsv6.2\ccsv6\tools\compiler\c2000_15.12.3.LTS\lib\</path>
         <kind>archive</kind>
         <file>rts2800_fpu32.lib</file>
         <name>boot.obj</name>
      </input_file>
      <input_file id="fl-2e">
         <path>C:\ti\ccsv6.2\ccsv6\tools\compiler\c2000_15.12.3.LTS\lib\</path>
         <kind>archive</kind>
         <file>rts2800_fpu32.lib</file>
         <name>cpy_tbl.obj</name>
      </input_file>
      <input_file id="fl-2f">
         <path>C:\ti\ccsv6.2\ccsv6\tools\compiler\c2000_15.12.3.LTS\lib\</path>
         <kind>archive</kind>
         <file>rts2800_fpu32.lib</file>
         <name>cpy_utils.obj</name>
      </input_file>
      <input_file id="fl-30">
         <path>C:\ti\ccsv6.2\ccsv6\tools\compiler\c2000_15.12.3.LTS\lib\</path>
         <kind>archive</kind>
         <file>rts2800_fpu32.lib</file>
         <name>exit.obj</name>
      </input_file>
      <input_file id="fl-31">
         <path>C:\ti\ccsv6.2\ccsv6\tools\compiler\c2000_15.12.3.LTS\lib\</path>
         <kind>archive</kind>
         <file>rts2800_fpu32.lib</file>
         <name>fs_div.obj</name>
      </input_file>
      <input_file id="fl-32">
         <path>C:\ti\ccsv6.2\ccsv6\tools\compiler\c2000_15.12.3.LTS\lib\</path>
         <kind>archive</kind>
         <file>rts2800_fpu32.lib</file>
         <name>ll_aox.obj</name>
      </input_file>
      <input_file id="fl-33">
         <path>C:\ti\ccsv6.2\ccsv6\tools\compiler\c2000_15.12.3.LTS\lib\</path>
         <kind>archive</kind>
         <file>rts2800_fpu32.lib</file>
         <name>ll_cmp.obj</name>
      </input_file>
      <input_file id="fl-34">
         <path>C:\ti\ccsv6.2\ccsv6\tools\compiler\c2000_15.12.3.LTS\lib\</path>
         <kind>archive</kind>
         <file>rts2800_fpu32.lib</file>
         <name>pre_init.obj</name>
      </input_file>
      <input_file id="fl-35">
         <path>C:\ti\ccsv6.2\ccsv6\tools\compiler\c2000_15.12.3.LTS\lib\</path>
         <kind>archive</kind>
         <file>rts2800_fpu32.lib</file>
         <name>startup.obj</name>
      </input_file>
      <input_file id="fl-36">
         <path>C:\ti\ccsv6.2\ccsv6\tools\compiler\c2000_15.12.3.LTS\lib\</path>
         <kind>archive</kind>
         <file>rts2800_fpu32.lib</file>
         <name>_lock.obj</name>
      </input_file>
      <input_file id="fl-37">
         <path>C:\ti\ccsv6.2\ccsv6\tools\compiler\c2000_15.12.3.LTS\lib\</path>
         <kind>archive</kind>
         <file>rts2800_fpu32.lib</file>
         <name>args_main.obj</name>
      </input_file>
   </input_file_list>
   <object_component_list>
      <object_component id="oc-81">
         <name>codestart</name>
         <load_address>0x0</load_address>
         <run_address>0x0</run_address>
         <size>0x2</size>
         <input_file_ref idref="fl-3"/>
      </object_component>
      <object_component id="oc-83">
         <name>.text</name>
         <load_address>0x3fb</load_address>
         <run_address>0x3fb</run_address>
         <size>0x3</size>
         <input_file_ref idref="fl-5"/>
      </object_component>
      <object_component id="oc-136">
         <name>.text</name>
         <load_address>0x3fe</load_address>
         <run_address>0x3fe</run_address>
         <size>0x2</size>
         <input_file_ref idref="fl-34"/>
      </object_component>
      <object_component id="oc-13d">
         <name>.text</name>
         <load_address>0x8000</load_address>
         <run_address>0x8000</run_address>
         <size>0x3b1</size>
         <input_file_ref idref="fl-25"/>
      </object_component>
      <object_component id="oc-f9">
         <name>.text:retain</name>
         <load_address>0x83b1</load_address>
         <run_address>0x83b1</run_address>
         <size>0x350</size>
         <input_file_ref idref="fl-25"/>
      </object_component>
      <object_component id="oc-146">
         <name>.text</name>
         <load_address>0x8701</load_address>
         <run_address>0x8701</run_address>
         <size>0xfd</size>
         <input_file_ref idref="fl-9"/>
      </object_component>
      <object_component id="oc-140">
         <name>.text</name>
         <load_address>0x8800</load_address>
         <run_address>0x8800</run_address>
         <size>0x339</size>
         <input_file_ref idref="fl-14"/>
      </object_component>
      <object_component id="oc-147">
         <name>.text</name>
         <load_address>0x8b39</load_address>
         <run_address>0x8b39</run_address>
         <size>0x280</size>
         <input_file_ref idref="fl-22"/>
      </object_component>
      <object_component id="oc-f6">
         <name>.text:retain</name>
         <load_address>0x8db9</load_address>
         <run_address>0x8db9</run_address>
         <size>0x16d</size>
         <input_file_ref idref="fl-23"/>
      </object_component>
      <object_component id="oc-145">
         <name>.text</name>
         <load_address>0x8f26</load_address>
         <run_address>0x8f26</run_address>
         <size>0xb8</size>
         <input_file_ref idref="fl-24"/>
      </object_component>
      <object_component id="oc-11d">
         <name>.text</name>
         <load_address>0x8fde</load_address>
         <run_address>0x8fde</run_address>
         <size>0x1e</size>
         <input_file_ref idref="fl-33"/>
      </object_component>
      <object_component id="oc-ef">
         <name>.text:retain</name>
         <load_address>0x9000</load_address>
         <run_address>0x9000</run_address>
         <size>0xf3</size>
         <input_file_ref idref="fl-1e"/>
      </object_component>
      <object_component id="oc-14e">
         <name>.text</name>
         <load_address>0x90f3</load_address>
         <run_address>0x90f3</run_address>
         <size>0xdd</size>
         <input_file_ref idref="fl-2"/>
      </object_component>
      <object_component id="oc-144">
         <name>.text</name>
         <load_address>0x91d0</load_address>
         <run_address>0x91d0</run_address>
         <size>0xac</size>
         <input_file_ref idref="fl-1d"/>
      </object_component>
      <object_component id="oc-113">
         <name>.text</name>
         <load_address>0x927c</load_address>
         <run_address>0x927c</run_address>
         <size>0x88</size>
         <input_file_ref idref="fl-31"/>
      </object_component>
      <object_component id="oc-149">
         <name>.text</name>
         <load_address>0x9304</load_address>
         <run_address>0x9304</run_address>
         <size>0x7c</size>
         <input_file_ref idref="fl-4"/>
      </object_component>
      <object_component id="oc-80">
         <name>.text</name>
         <load_address>0x9380</load_address>
         <run_address>0x9380</run_address>
         <size>0x56</size>
         <input_file_ref idref="fl-2d"/>
      </object_component>
      <object_component id="oc-143">
         <name>.text</name>
         <load_address>0x93d6</load_address>
         <run_address>0x93d6</run_address>
         <size>0x50</size>
         <input_file_ref idref="fl-21"/>
      </object_component>
      <object_component id="oc-137">
         <name>.text</name>
         <load_address>0x9426</load_address>
         <run_address>0x9426</run_address>
         <size>0x46</size>
         <input_file_ref idref="fl-2e"/>
      </object_component>
      <object_component id="oc-14d">
         <name>.text</name>
         <load_address>0x946c</load_address>
         <run_address>0x946c</run_address>
         <size>0x3d</size>
         <input_file_ref idref="fl-1c"/>
      </object_component>
      <object_component id="oc-148">
         <name>.text</name>
         <load_address>0x94a9</load_address>
         <run_address>0x94a9</run_address>
         <size>0x3b</size>
         <input_file_ref idref="fl-20"/>
      </object_component>
      <object_component id="oc-141">
         <name>.text</name>
         <load_address>0x94e4</load_address>
         <run_address>0x94e4</run_address>
         <size>0x28</size>
         <input_file_ref idref="fl-10"/>
      </object_component>
      <object_component id="oc-142">
         <name>.text</name>
         <load_address>0x950c</load_address>
         <run_address>0x950c</run_address>
         <size>0x26</size>
         <input_file_ref idref="fl-11"/>
      </object_component>
      <object_component id="oc-107">
         <name>.text</name>
         <load_address>0x9532</load_address>
         <run_address>0x9532</run_address>
         <size>0x1a</size>
         <input_file_ref idref="fl-2f"/>
      </object_component>
      <object_component id="oc-139">
         <name>.text</name>
         <load_address>0x954c</load_address>
         <run_address>0x954c</run_address>
         <size>0x19</size>
         <input_file_ref idref="fl-37"/>
      </object_component>
      <object_component id="oc-118">
         <name>.text</name>
         <load_address>0x9565</load_address>
         <run_address>0x9565</run_address>
         <size>0x18</size>
         <input_file_ref idref="fl-32"/>
      </object_component>
      <object_component id="oc-84">
         <name>.text:retain</name>
         <load_address>0xb000</load_address>
         <run_address>0xb000</run_address>
         <size>0x585</size>
         <input_file_ref idref="fl-6"/>
      </object_component>
      <object_component id="oc-13b">
         <name>.text</name>
         <load_address>0xb585</load_address>
         <run_address>0xb585</run_address>
         <size>0x244</size>
         <input_file_ref idref="fl-d"/>
      </object_component>
      <object_component id="oc-13a">
         <name>.text</name>
         <load_address>0xb7c9</load_address>
         <run_address>0xb7c9</run_address>
         <size>0x29</size>
         <input_file_ref idref="fl-30"/>
      </object_component>
      <object_component id="oc-14a">
         <name>.text</name>
         <load_address>0xb7f2</load_address>
         <run_address>0xb7f2</run_address>
         <size>0x9</size>
         <input_file_ref idref="fl-36"/>
      </object_component>
      <object_component id="oc-138">
         <name>.text</name>
         <load_address>0xb7fb</load_address>
         <run_address>0xb7fb</run_address>
         <size>0x1</size>
         <input_file_ref idref="fl-35"/>
      </object_component>
      <object_component id="oc-fa">
         <name>.cinit</name>
         <load_address>0x122</load_address>
         <run_address>0x122</run_address>
         <size>0x1a1</size>
         <input_file_ref idref="fl-26"/>
      </object_component>
      <object_component id="oc-ea">
         <name>.cinit</name>
         <load_address>0x2c3</load_address>
         <run_address>0x2c3</run_address>
         <size>0x62</size>
         <input_file_ref idref="fl-1a"/>
      </object_component>
      <object_component id="oc-f2">
         <name>.cinit</name>
         <load_address>0x325</load_address>
         <run_address>0x325</run_address>
         <size>0x4e</size>
         <input_file_ref idref="fl-21"/>
      </object_component>
      <object_component id="oc-f0">
         <name>.cinit</name>
         <load_address>0x373</load_address>
         <run_address>0x373</run_address>
         <size>0x45</size>
         <input_file_ref idref="fl-1f"/>
      </object_component>
      <object_component id="oc-f7">
         <name>.cinit</name>
         <load_address>0x3b8</load_address>
         <run_address>0x3b8</run_address>
         <size>0x15</size>
         <input_file_ref idref="fl-25"/>
      </object_component>
      <object_component id="oc-10d">
         <name>.cinit</name>
         <load_address>0x3cd</load_address>
         <run_address>0x3cd</run_address>
         <size>0xe</size>
         <input_file_ref idref="fl-30"/>
      </object_component>
      <object_component id="oc-ed">
         <name>.cinit</name>
         <load_address>0x3db</load_address>
         <run_address>0x3db</run_address>
         <size>0xc</size>
         <input_file_ref idref="fl-1c"/>
      </object_component>
      <object_component id="oc-13f">
         <name>.cinit:__lock</name>
         <load_address>0x3e7</load_address>
         <run_address>0x3e7</run_address>
         <size>0x5</size>
         <input_file_ref idref="fl-36"/>
      </object_component>
      <object_component id="oc-14b">
         <name>.cinit:__unlock</name>
         <load_address>0x3ec</load_address>
         <run_address>0x3ec</run_address>
         <size>0x5</size>
         <input_file_ref idref="fl-36"/>
      </object_component>
      <object_component id="oc-e8">
         <name>.cinit</name>
         <load_address>0x3f1</load_address>
         <run_address>0x3f1</run_address>
         <size>0x4</size>
         <input_file_ref idref="fl-18"/>
      </object_component>
      <object_component id="oc-fd">
         <name>.reset</name>
         <load_address>0x3fffc0</load_address>
         <run_address>0x3fffc0</run_address>
         <size>0x2</size>
         <input_file_ref idref="fl-2d"/>
      </object_component>
      <object_component id="oc-fc">
         <name>.stack</name>
         <uninitialized>true</uninitialized>
         <run_address>0x400</run_address>
         <size>0x0</size>
         <input_file_ref idref="fl-2d"/>
      </object_component>
      <object_component id="oc-1da">
         <name>.stack</name>
         <uninitialized>true</uninitialized>
         <run_address>0x400</run_address>
         <size>0x0</size>
      </object_component>
      <object_component id="oc-82">
         <name>.ebss</name>
         <uninitialized>true</uninitialized>
         <run_address>0xa9d8</run_address>
         <size>0x18</size>
         <input_file_ref idref="fl-4"/>
      </object_component>
      <object_component id="oc-e7">
         <name>.ebss</name>
         <uninitialized>true</uninitialized>
         <run_address>0xa9f8</run_address>
         <size>0x6</size>
         <input_file_ref idref="fl-15"/>
      </object_component>
      <object_component id="oc-e9">
         <name>.ebss</name>
         <uninitialized>true</uninitialized>
         <run_address>0xa9f7</run_address>
         <size>0x1</size>
         <input_file_ref idref="fl-18"/>
      </object_component>
      <object_component id="oc-eb">
         <name>.ebss</name>
         <uninitialized>true</uninitialized>
         <run_address>0xaa00</run_address>
         <size>0x5a</size>
         <input_file_ref idref="fl-1a"/>
      </object_component>
      <object_component id="oc-ee">
         <name>.ebss</name>
         <uninitialized>true</uninitialized>
         <run_address>0xaa80</run_address>
         <size>0x35</size>
         <input_file_ref idref="fl-1c"/>
      </object_component>
      <object_component id="oc-f1">
         <name>.ebss</name>
         <uninitialized>true</uninitialized>
         <run_address>0xaa5a</run_address>
         <size>0x18</size>
         <input_file_ref idref="fl-1f"/>
      </object_component>
      <object_component id="oc-f3">
         <name>.ebss</name>
         <uninitialized>true</uninitialized>
         <run_address>0xaac0</run_address>
         <size>0x18</size>
         <input_file_ref idref="fl-21"/>
      </object_component>
      <object_component id="oc-f5">
         <name>.ebss</name>
         <uninitialized>true</uninitialized>
         <run_address>0xa9f0</run_address>
         <size>0x7</size>
         <input_file_ref idref="fl-22"/>
      </object_component>
      <object_component id="oc-f8">
         <name>.ebss</name>
         <uninitialized>true</uninitialized>
         <run_address>0xaad8</run_address>
         <size>0x14</size>
         <input_file_ref idref="fl-25"/>
      </object_component>
      <object_component id="oc-fb">
         <name>.ebss</name>
         <uninitialized>true</uninitialized>
         <run_address>0xa800</run_address>
         <size>0x1d8</size>
         <input_file_ref idref="fl-26"/>
      </object_component>
      <object_component id="oc-10e">
         <name>.ebss</name>
         <uninitialized>true</uninitialized>
         <run_address>0xaa72</run_address>
         <size>0x6</size>
         <input_file_ref idref="fl-30"/>
      </object_component>
      <object_component id="oc-14f">
         <name>.ebss:__unlock</name>
         <uninitialized>true</uninitialized>
         <run_address>0xaa78</run_address>
         <size>0x2</size>
         <input_file_ref idref="fl-36"/>
      </object_component>
      <object_component id="oc-13e">
         <name>.ebss:__lock</name>
         <uninitialized>true</uninitialized>
         <run_address>0xa9fe</run_address>
         <size>0x2</size>
         <input_file_ref idref="fl-36"/>
      </object_component>
      <object_component id="oc-14c">
         <name>.econst:_PieVectTableInit</name>
         <load_address>0xaaec</load_address>
         <run_address>0xaaec</run_address>
         <size>0x1c0</size>
         <input_file_ref idref="fl-11"/>
      </object_component>
      <object_component id="oc-ec">
         <name>.TI.ramfunc</name>
         <load_address>0x3f7</load_address>
         <run_address>0x3f7</run_address>
         <size>0x4</size>
         <input_file_ref idref="fl-1b"/>
      </object_component>
      <object_component id="oc-e6">
         <name>PieVectTableFile</name>
         <uninitialized>true</uninitialized>
         <run_address>0xd00</run_address>
         <size>0x1c0</size>
         <input_file_ref idref="fl-c"/>
      </object_component>
      <object_component id="oc-85">
         <name>EmuKeyVar</name>
         <uninitialized>true</uninitialized>
         <run_address>0xd00</run_address>
         <size>0x1</size>
         <input_file_ref idref="fl-c"/>
      </object_component>
      <object_component id="oc-86">
         <name>EmuBModeVar</name>
         <uninitialized>true</uninitialized>
         <run_address>0xd01</run_address>
         <size>0x1</size>
         <input_file_ref idref="fl-c"/>
      </object_component>
      <object_component id="oc-9d">
         <name>AdcaResultFile</name>
         <uninitialized>true</uninitialized>
         <run_address>0xb00</run_address>
         <size>0x18</size>
         <input_file_ref idref="fl-c"/>
      </object_component>
      <object_component id="oc-9c">
         <name>AdcbResultFile</name>
         <uninitialized>true</uninitialized>
         <run_address>0xb20</run_address>
         <size>0x18</size>
         <input_file_ref idref="fl-c"/>
      </object_component>
      <object_component id="oc-9f">
         <name>AdccResultFile</name>
         <uninitialized>true</uninitialized>
         <run_address>0xb40</run_address>
         <size>0x18</size>
         <input_file_ref idref="fl-c"/>
      </object_component>
      <object_component id="oc-9e">
         <name>AdcdResultFile</name>
         <uninitialized>true</uninitialized>
         <run_address>0xb60</run_address>
         <size>0x18</size>
         <input_file_ref idref="fl-c"/>
      </object_component>
      <object_component id="oc-ce">
         <name>AdcaRegsFile</name>
         <uninitialized>true</uninitialized>
         <run_address>0x7400</run_address>
         <size>0x80</size>
         <input_file_ref idref="fl-c"/>
      </object_component>
      <object_component id="oc-cd">
         <name>AdcbRegsFile</name>
         <uninitialized>true</uninitialized>
         <run_address>0x7480</run_address>
         <size>0x80</size>
         <input_file_ref idref="fl-c"/>
      </object_component>
      <object_component id="oc-d0">
         <name>AdccRegsFile</name>
         <uninitialized>true</uninitialized>
         <run_address>0x7500</run_address>
         <size>0x80</size>
         <input_file_ref idref="fl-c"/>
      </object_component>
      <object_component id="oc-cf">
         <name>AdcdRegsFile</name>
         <uninitialized>true</uninitialized>
         <run_address>0x7580</run_address>
         <size>0x80</size>
         <input_file_ref idref="fl-c"/>
      </object_component>
      <object_component id="oc-ca">
         <name>AnalogSubsysRegsFile</name>
         <uninitialized>true</uninitialized>
         <run_address>0x5d180</run_address>
         <size>0x48</size>
         <input_file_ref idref="fl-c"/>
      </object_component>
      <object_component id="oc-c4">
         <name>Cla1RegsFile</name>
         <uninitialized>true</uninitialized>
         <run_address>0x1400</run_address>
         <size>0x3e</size>
         <input_file_ref idref="fl-c"/>
      </object_component>
      <object_component id="oc-8a">
         <name>Cla1SoftIntRegsFile</name>
         <uninitialized>true</uninitialized>
         <run_address>0xce0</run_address>
         <size>0x4</size>
         <input_file_ref idref="fl-c"/>
      </object_component>
      <object_component id="oc-b0">
         <name>Cmpss1RegsFile</name>
         <uninitialized>true</uninitialized>
         <run_address>0x5c80</run_address>
         <size>0x20</size>
         <input_file_ref idref="fl-c"/>
      </object_component>
      <object_component id="oc-af">
         <name>Cmpss2RegsFile</name>
         <uninitialized>true</uninitialized>
         <run_address>0x5ca0</run_address>
         <size>0x20</size>
         <input_file_ref idref="fl-c"/>
      </object_component>
      <object_component id="oc-b2">
         <name>Cmpss3RegsFile</name>
         <uninitialized>true</uninitialized>
         <run_address>0x5cc0</run_address>
         <size>0x20</size>
         <input_file_ref idref="fl-c"/>
      </object_component>
      <object_component id="oc-b1">
         <name>Cmpss4RegsFile</name>
         <uninitialized>true</uninitialized>
         <run_address>0x5ce0</run_address>
         <size>0x20</size>
         <input_file_ref idref="fl-c"/>
      </object_component>
      <object_component id="oc-b3">
         <name>Cmpss5RegsFile</name>
         <uninitialized>true</uninitialized>
         <run_address>0x5d00</run_address>
         <size>0x20</size>
         <input_file_ref idref="fl-c"/>
      </object_component>
      <object_component id="oc-ab">
         <name>Cmpss6RegsFile</name>
         <uninitialized>true</uninitialized>
         <run_address>0x5d20</run_address>
         <size>0x20</size>
         <input_file_ref idref="fl-c"/>
      </object_component>
      <object_component id="oc-aa">
         <name>Cmpss7RegsFile</name>
         <uninitialized>true</uninitialized>
         <run_address>0x5d40</run_address>
         <size>0x20</size>
         <input_file_ref idref="fl-c"/>
      </object_component>
      <object_component id="oc-ad">
         <name>Cmpss8RegsFile</name>
         <uninitialized>true</uninitialized>
         <run_address>0x5d60</run_address>
         <size>0x20</size>
         <input_file_ref idref="fl-c"/>
      </object_component>
      <object_component id="oc-91">
         <name>CpuTimer0RegsFile</name>
         <uninitialized>true</uninitialized>
         <run_address>0xc00</run_address>
         <size>0x8</size>
         <input_file_ref idref="fl-c"/>
      </object_component>
      <object_component id="oc-90">
         <name>CpuTimer1RegsFile</name>
         <uninitialized>true</uninitialized>
         <run_address>0xc08</run_address>
         <size>0x8</size>
         <input_file_ref idref="fl-c"/>
      </object_component>
      <object_component id="oc-93">
         <name>CpuTimer2RegsFile</name>
         <uninitialized>true</uninitialized>
         <run_address>0xc10</run_address>
         <size>0x8</size>
         <input_file_ref idref="fl-c"/>
      </object_component>
      <object_component id="oc-8d">
         <name>DacaRegsFile</name>
         <uninitialized>true</uninitialized>
         <run_address>0x5c00</run_address>
         <size>0x8</size>
         <input_file_ref idref="fl-c"/>
      </object_component>
      <object_component id="oc-8f">
         <name>DacbRegsFile</name>
         <uninitialized>true</uninitialized>
         <run_address>0x5c10</run_address>
         <size>0x8</size>
         <input_file_ref idref="fl-c"/>
      </object_component>
      <object_component id="oc-92">
         <name>DaccRegsFile</name>
         <uninitialized>true</uninitialized>
         <run_address>0x5c20</run_address>
         <size>0x8</size>
         <input_file_ref idref="fl-c"/>
      </object_component>
      <object_component id="oc-bc">
         <name>DcsmZ1RegsFile</name>
         <uninitialized>true</uninitialized>
         <run_address>0x5f000</run_address>
         <size>0x24</size>
         <input_file_ref idref="fl-c"/>
      </object_component>
      <object_component id="oc-bb">
         <name>DcsmZ2RegsFile</name>
         <uninitialized>true</uninitialized>
         <run_address>0x5f040</run_address>
         <size>0x24</size>
         <input_file_ref idref="fl-c"/>
      </object_component>
      <object_component id="oc-8e">
         <name>DcsmCommonRegsFile</name>
         <uninitialized>true</uninitialized>
         <run_address>0x5f070</run_address>
         <size>0x8</size>
         <input_file_ref idref="fl-c"/>
      </object_component>
      <object_component id="oc-ac">
         <name>DcsmZ1OtpFile</name>
         <uninitialized>true</uninitialized>
         <run_address>0x78000</run_address>
         <size>0x20</size>
         <input_file_ref idref="fl-c"/>
      </object_component>
      <object_component id="oc-ae">
         <name>DcsmZ2OtpFile</name>
         <uninitialized>true</uninitialized>
         <run_address>0x78200</run_address>
         <size>0x20</size>
         <input_file_ref idref="fl-c"/>
      </object_component>
      <object_component id="oc-d5">
         <name>DmaRegsFile</name>
         <uninitialized>true</uninitialized>
         <run_address>0x1000</run_address>
         <size>0xe0</size>
         <input_file_ref idref="fl-c"/>
      </object_component>
      <object_component id="oc-a0">
         <name>DmaClaSrcSelRegsFile</name>
         <uninitialized>true</uninitialized>
         <run_address>0x7980</run_address>
         <size>0x1a</size>
         <input_file_ref idref="fl-c"/>
      </object_component>
      <object_component id="oc-b4">
         <name>ECap1RegsFile</name>
         <uninitialized>true</uninitialized>
         <run_address>0x5000</run_address>
         <size>0x20</size>
         <input_file_ref idref="fl-c"/>
      </object_component>
      <object_component id="oc-b5">
         <name>ECap2RegsFile</name>
         <uninitialized>true</uninitialized>
         <run_address>0x5020</run_address>
         <size>0x20</size>
         <input_file_ref idref="fl-c"/>
      </object_component>
      <object_component id="oc-a9">
         <name>ECap3RegsFile</name>
         <uninitialized>true</uninitialized>
         <run_address>0x5040</run_address>
         <size>0x20</size>
         <input_file_ref idref="fl-c"/>
      </object_component>
      <object_component id="oc-a3">
         <name>ECap4RegsFile</name>
         <uninitialized>true</uninitialized>
         <run_address>0x5060</run_address>
         <size>0x20</size>
         <input_file_ref idref="fl-c"/>
      </object_component>
      <object_component id="oc-a4">
         <name>ECap5RegsFile</name>
         <uninitialized>true</uninitialized>
         <run_address>0x5080</run_address>
         <size>0x20</size>
         <input_file_ref idref="fl-c"/>
      </object_component>
      <object_component id="oc-a2">
         <name>ECap6RegsFile</name>
         <uninitialized>true</uninitialized>
         <run_address>0x50a0</run_address>
         <size>0x20</size>
         <input_file_ref idref="fl-c"/>
      </object_component>
      <object_component id="oc-cc">
         <name>Emif1RegsFile</name>
         <uninitialized>true</uninitialized>
         <run_address>0x47000</run_address>
         <size>0x70</size>
         <input_file_ref idref="fl-c"/>
      </object_component>
      <object_component id="oc-cb">
         <name>Emif2RegsFile</name>
         <uninitialized>true</uninitialized>
         <run_address>0x47800</run_address>
         <size>0x70</size>
         <input_file_ref idref="fl-c"/>
      </object_component>
      <object_component id="oc-da">
         <name>EPwm1RegsFile</name>
         <uninitialized>true</uninitialized>
         <run_address>0x4000</run_address>
         <size>0x100</size>
         <input_file_ref idref="fl-c"/>
      </object_component>
      <object_component id="oc-d9">
         <name>EPwm2RegsFile</name>
         <uninitialized>true</uninitialized>
         <run_address>0x4100</run_address>
         <size>0x100</size>
         <input_file_ref idref="fl-c"/>
      </object_component>
      <object_component id="oc-dc">
         <name>EPwm3RegsFile</name>
         <uninitialized>true</uninitialized>
         <run_address>0x4200</run_address>
         <size>0x100</size>
         <input_file_ref idref="fl-c"/>
      </object_component>
      <object_component id="oc-d7">
         <name>EPwm4RegsFile</name>
         <uninitialized>true</uninitialized>
         <run_address>0x4300</run_address>
         <size>0x100</size>
         <input_file_ref idref="fl-c"/>
      </object_component>
      <object_component id="oc-d6">
         <name>EPwm5RegsFile</name>
         <uninitialized>true</uninitialized>
         <run_address>0x4400</run_address>
         <size>0x100</size>
         <input_file_ref idref="fl-c"/>
      </object_component>
      <object_component id="oc-db">
         <name>EPwm6RegsFile</name>
         <uninitialized>true</uninitialized>
         <run_address>0x4500</run_address>
         <size>0x100</size>
         <input_file_ref idref="fl-c"/>
      </object_component>
      <object_component id="oc-d8">
         <name>EPwm7RegsFile</name>
         <uninitialized>true</uninitialized>
         <run_address>0x4600</run_address>
         <size>0x100</size>
         <input_file_ref idref="fl-c"/>
      </object_component>
      <object_component id="oc-e1">
         <name>EPwm8RegsFile</name>
         <uninitialized>true</uninitialized>
         <run_address>0x4700</run_address>
         <size>0x100</size>
         <input_file_ref idref="fl-c"/>
      </object_component>
      <object_component id="oc-df">
         <name>EPwm9RegsFile</name>
         <uninitialized>true</uninitialized>
         <run_address>0x4800</run_address>
         <size>0x100</size>
         <input_file_ref idref="fl-c"/>
      </object_component>
      <object_component id="oc-e0">
         <name>EPwm10RegsFile</name>
         <uninitialized>true</uninitialized>
         <run_address>0x4900</run_address>
         <size>0x100</size>
         <input_file_ref idref="fl-c"/>
      </object_component>
      <object_component id="oc-dd">
         <name>EPwm11RegsFile</name>
         <uninitialized>true</uninitialized>
         <run_address>0x4a00</run_address>
         <size>0x100</size>
         <input_file_ref idref="fl-c"/>
      </object_component>
      <object_component id="oc-de">
         <name>EPwm12RegsFile</name>
         <uninitialized>true</uninitialized>
         <run_address>0x4b00</run_address>
         <size>0x100</size>
         <input_file_ref idref="fl-c"/>
      </object_component>
      <object_component id="oc-c7">
         <name>EPwmXbarRegsFile</name>
         <uninitialized>true</uninitialized>
         <run_address>0x7a00</run_address>
         <size>0x40</size>
         <input_file_ref idref="fl-c"/>
      </object_component>
      <object_component id="oc-b6">
         <name>EQep1RegsFile</name>
         <uninitialized>true</uninitialized>
         <run_address>0x5100</run_address>
         <size>0x22</size>
         <input_file_ref idref="fl-c"/>
      </object_component>
      <object_component id="oc-b7">
         <name>EQep2RegsFile</name>
         <uninitialized>true</uninitialized>
         <run_address>0x5140</run_address>
         <size>0x22</size>
         <input_file_ref idref="fl-c"/>
      </object_component>
      <object_component id="oc-ba">
         <name>EQep3RegsFile</name>
         <uninitialized>true</uninitialized>
         <run_address>0x5180</run_address>
         <size>0x22</size>
         <input_file_ref idref="fl-c"/>
      </object_component>
      <object_component id="oc-e5">
         <name>Flash0CtrlRegsFile</name>
         <uninitialized>true</uninitialized>
         <run_address>0x5f800</run_address>
         <size>0x182</size>
         <input_file_ref idref="fl-c"/>
      </object_component>
      <object_component id="oc-c0">
         <name>Flash0EccRegsFile</name>
         <uninitialized>true</uninitialized>
         <run_address>0x5fb00</run_address>
         <size>0x28</size>
         <input_file_ref idref="fl-c"/>
      </object_component>
      <object_component id="oc-e4">
         <name>Flash1CtrlRegsFile</name>
         <uninitialized>true</uninitialized>
         <run_address>0x5fc00</run_address>
         <size>0x182</size>
         <input_file_ref idref="fl-c"/>
      </object_component>
      <object_component id="oc-bf">
         <name>Flash1EccRegsFile</name>
         <uninitialized>true</uninitialized>
         <run_address>0x5ff00</run_address>
         <size>0x28</size>
         <input_file_ref idref="fl-c"/>
      </object_component>
      <object_component id="oc-e3">
         <name>GpioCtrlRegsFile</name>
         <uninitialized>true</uninitialized>
         <run_address>0x7c00</run_address>
         <size>0x180</size>
         <input_file_ref idref="fl-c"/>
      </object_component>
      <object_component id="oc-c2">
         <name>GpioDataRegsFile</name>
         <uninitialized>true</uninitialized>
         <run_address>0x7f00</run_address>
         <size>0x30</size>
         <input_file_ref idref="fl-c"/>
      </object_component>
      <object_component id="oc-c8">
         <name>OutputXbarRegsFile</name>
         <uninitialized>true</uninitialized>
         <run_address>0x7a80</run_address>
         <size>0x40</size>
         <input_file_ref idref="fl-c"/>
      </object_component>
      <object_component id="oc-b9">
         <name>I2caRegsFile</name>
         <uninitialized>true</uninitialized>
         <run_address>0x7300</run_address>
         <size>0x22</size>
         <input_file_ref idref="fl-c"/>
      </object_component>
      <object_component id="oc-b8">
         <name>I2cbRegsFile</name>
         <uninitialized>true</uninitialized>
         <run_address>0x7340</run_address>
         <size>0x22</size>
         <input_file_ref idref="fl-c"/>
      </object_component>
      <object_component id="oc-a7">
         <name>InputXbarRegsFile</name>
         <uninitialized>true</uninitialized>
         <run_address>0x7900</run_address>
         <size>0x20</size>
         <input_file_ref idref="fl-c"/>
      </object_component>
      <object_component id="oc-a8">
         <name>XbarRegsFile</name>
         <uninitialized>true</uninitialized>
         <run_address>0x7920</run_address>
         <size>0x20</size>
         <input_file_ref idref="fl-c"/>
      </object_component>
      <object_component id="oc-88">
         <name>FlashPumpSemaphoreRegsFile</name>
         <uninitialized>true</uninitialized>
         <run_address>0x50024</run_address>
         <size>0x2</size>
         <input_file_ref idref="fl-c"/>
      </object_component>
      <object_component id="oc-87">
         <name>RomPrefetchRegsFile</name>
         <uninitialized>true</uninitialized>
         <run_address>0x5e608</run_address>
         <size>0x2</size>
         <input_file_ref idref="fl-c"/>
      </object_component>
      <object_component id="oc-d3">
         <name>MemCfgRegsFile</name>
         <uninitialized>true</uninitialized>
         <run_address>0x5f400</run_address>
         <size>0x80</size>
         <input_file_ref idref="fl-c"/>
      </object_component>
      <object_component id="oc-a5">
         <name>Emif1ConfigRegsFile</name>
         <uninitialized>true</uninitialized>
         <run_address>0x5f480</run_address>
         <size>0x20</size>
         <input_file_ref idref="fl-c"/>
      </object_component>
      <object_component id="oc-a6">
         <name>Emif2ConfigRegsFile</name>
         <uninitialized>true</uninitialized>
         <run_address>0x5f4a0</run_address>
         <size>0x20</size>
         <input_file_ref idref="fl-c"/>
      </object_component>
      <object_component id="oc-c5">
         <name>AccessProtectionRegsFile</name>
         <uninitialized>true</uninitialized>
         <run_address>0x5f4c0</run_address>
         <size>0x40</size>
         <input_file_ref idref="fl-c"/>
      </object_component>
      <object_component id="oc-c6">
         <name>MemoryErrorRegsFile</name>
         <uninitialized>true</uninitialized>
         <run_address>0x5f500</run_address>
         <size>0x40</size>
         <input_file_ref idref="fl-c"/>
      </object_component>
      <object_component id="oc-89">
         <name>RomWaitStateRegsFile</name>
         <uninitialized>true</uninitialized>
         <run_address>0x5f540</run_address>
         <size>0x2</size>
         <input_file_ref idref="fl-c"/>
      </object_component>
      <object_component id="oc-be">
         <name>McbspaRegsFile</name>
         <uninitialized>true</uninitialized>
         <run_address>0x6000</run_address>
         <size>0x24</size>
         <input_file_ref idref="fl-c"/>
      </object_component>
      <object_component id="oc-bd">
         <name>McbspbRegsFile</name>
         <uninitialized>true</uninitialized>
         <run_address>0x6040</run_address>
         <size>0x24</size>
         <input_file_ref idref="fl-c"/>
      </object_component>
      <object_component id="oc-c9">
         <name>UppRegsFile</name>
         <uninitialized>true</uninitialized>
         <run_address>0x6200</run_address>
         <size>0x48</size>
         <input_file_ref idref="fl-c"/>
      </object_component>
      <object_component id="oc-8c">
         <name>NmiIntruptRegsFile</name>
         <uninitialized>true</uninitialized>
         <run_address>0x7060</run_address>
         <size>0x7</size>
         <input_file_ref idref="fl-c"/>
      </object_component>
      <object_component id="oc-a1">
         <name>PieCtrlRegsFile</name>
         <uninitialized>true</uninitialized>
         <run_address>0xce0</run_address>
         <size>0x1a</size>
         <input_file_ref idref="fl-c"/>
      </object_component>
      <object_component id="oc-9a">
         <name>SciaRegsFile</name>
         <uninitialized>true</uninitialized>
         <run_address>0x7200</run_address>
         <size>0x10</size>
         <input_file_ref idref="fl-c"/>
      </object_component>
      <object_component id="oc-99">
         <name>ScibRegsFile</name>
         <uninitialized>true</uninitialized>
         <run_address>0x7210</run_address>
         <size>0x10</size>
         <input_file_ref idref="fl-c"/>
      </object_component>
      <object_component id="oc-9b">
         <name>ScicRegsFile</name>
         <uninitialized>true</uninitialized>
         <run_address>0x7220</run_address>
         <size>0x10</size>
         <input_file_ref idref="fl-c"/>
      </object_component>
      <object_component id="oc-98">
         <name>ScidRegsFile</name>
         <uninitialized>true</uninitialized>
         <run_address>0x7230</run_address>
         <size>0x10</size>
         <input_file_ref idref="fl-c"/>
      </object_component>
      <object_component id="oc-d1">
         <name>Sdfm1RegsFile</name>
         <uninitialized>true</uninitialized>
         <run_address>0x5e00</run_address>
         <size>0x80</size>
         <input_file_ref idref="fl-c"/>
      </object_component>
      <object_component id="oc-d2">
         <name>Sdfm2RegsFile</name>
         <uninitialized>true</uninitialized>
         <run_address>0x5e80</run_address>
         <size>0x80</size>
         <input_file_ref idref="fl-c"/>
      </object_component>
      <object_component id="oc-95">
         <name>SpiaRegsFile</name>
         <uninitialized>true</uninitialized>
         <run_address>0x6100</run_address>
         <size>0x10</size>
         <input_file_ref idref="fl-c"/>
      </object_component>
      <object_component id="oc-97">
         <name>SpibRegsFile</name>
         <uninitialized>true</uninitialized>
         <run_address>0x6110</run_address>
         <size>0x10</size>
         <input_file_ref idref="fl-c"/>
      </object_component>
      <object_component id="oc-96">
         <name>SpicRegsFile</name>
         <uninitialized>true</uninitialized>
         <run_address>0x6120</run_address>
         <size>0x10</size>
         <input_file_ref idref="fl-c"/>
      </object_component>
      <object_component id="oc-e2">
         <name>DevCfgRegsFile</name>
         <uninitialized>true</uninitialized>
         <run_address>0x5d000</run_address>
         <size>0x12e</size>
         <input_file_ref idref="fl-c"/>
      </object_component>
      <object_component id="oc-c3">
         <name>ClkCfgRegsFile</name>
         <uninitialized>true</uninitialized>
         <run_address>0x5d200</run_address>
         <size>0x32</size>
         <input_file_ref idref="fl-c"/>
      </object_component>
      <object_component id="oc-d4">
         <name>CpuSysRegsFile</name>
         <uninitialized>true</uninitialized>
         <run_address>0x5d300</run_address>
         <size>0x82</size>
         <input_file_ref idref="fl-c"/>
      </object_component>
      <object_component id="oc-8b">
         <name>SyncSocRegsFile</name>
         <uninitialized>true</uninitialized>
         <run_address>0x7940</run_address>
         <size>0x6</size>
         <input_file_ref idref="fl-c"/>
      </object_component>
      <object_component id="oc-c1">
         <name>WdRegsFile</name>
         <uninitialized>true</uninitialized>
         <run_address>0x7000</run_address>
         <size>0x2b</size>
         <input_file_ref idref="fl-c"/>
      </object_component>
      <object_component id="oc-94">
         <name>XintRegsFile</name>
         <uninitialized>true</uninitialized>
         <run_address>0x7070</run_address>
         <size>0xb</size>
         <input_file_ref idref="fl-c"/>
      </object_component>
      <object_component id="oc-f4">
         <name>ramfuncs:retain</name>
         <load_address>0x9800</load_address>
         <run_address>0x9800</run_address>
         <size>0x3c3</size>
         <input_file_ref idref="fl-21"/>
      </object_component>
      <object_component id="oc-13c">
         <name>ramfuncs</name>
         <load_address>0x9bc3</load_address>
         <run_address>0x9bc3</run_address>
         <size>0x48</size>
         <input_file_ref idref="fl-1c"/>
      </object_component>
      <object_component id="oc-fe">
         <name>.debug_info</name>
         <load_address>0x0</load_address>
         <run_address>0x0</run_address>
         <size>0x16c</size>
         <input_file_ref idref="fl-2d"/>
      </object_component>
      <object_component id="oc-102">
         <name>.debug_info</name>
         <load_address>0x16c</load_address>
         <run_address>0x16c</run_address>
         <size>0x628</size>
         <input_file_ref idref="fl-2e"/>
      </object_component>
      <object_component id="oc-108">
         <name>.debug_info</name>
         <load_address>0x794</load_address>
         <run_address>0x794</run_address>
         <size>0x113</size>
         <input_file_ref idref="fl-2f"/>
      </object_component>
      <object_component id="oc-10c">
         <name>.debug_info</name>
         <load_address>0x8a7</load_address>
         <run_address>0x8a7</run_address>
         <size>0x5ac</size>
         <input_file_ref idref="fl-30"/>
      </object_component>
      <object_component id="oc-114">
         <name>.debug_info</name>
         <load_address>0xe53</load_address>
         <run_address>0xe53</run_address>
         <size>0x10d</size>
         <input_file_ref idref="fl-31"/>
      </object_component>
      <object_component id="oc-119">
         <name>.debug_info</name>
         <load_address>0xf60</load_address>
         <run_address>0xf60</run_address>
         <size>0x16f</size>
         <input_file_ref idref="fl-32"/>
      </object_component>
      <object_component id="oc-11e">
         <name>.debug_info</name>
         <load_address>0x10cf</load_address>
         <run_address>0x10cf</run_address>
         <size>0x147</size>
         <input_file_ref idref="fl-33"/>
      </object_component>
      <object_component id="oc-122">
         <name>.debug_info</name>
         <load_address>0x1216</load_address>
         <run_address>0x1216</run_address>
         <size>0x3e3</size>
         <input_file_ref idref="fl-34"/>
      </object_component>
      <object_component id="oc-127">
         <name>.debug_info</name>
         <load_address>0x15f9</load_address>
         <run_address>0x15f9</run_address>
         <size>0x3e0</size>
         <input_file_ref idref="fl-35"/>
      </object_component>
      <object_component id="oc-12c">
         <name>.debug_info</name>
         <load_address>0x19d9</load_address>
         <run_address>0x19d9</run_address>
         <size>0x502</size>
         <input_file_ref idref="fl-36"/>
      </object_component>
      <object_component id="oc-131">
         <name>.debug_info</name>
         <load_address>0x1edb</load_address>
         <run_address>0x1edb</run_address>
         <size>0x4cf</size>
         <input_file_ref idref="fl-37"/>
      </object_component>
      <object_component id="oc-1e0">
         <name>.debug_info</name>
         <load_address>0x23aa</load_address>
         <run_address>0x23aa</run_address>
         <size>0xa3</size>
      </object_component>
      <object_component id="oc-ff">
         <name>.debug_line</name>
         <load_address>0x0</load_address>
         <run_address>0x0</run_address>
         <size>0x7e</size>
         <input_file_ref idref="fl-2d"/>
      </object_component>
      <object_component id="oc-104">
         <name>.debug_line</name>
         <load_address>0x7e</load_address>
         <run_address>0x7e</run_address>
         <size>0x6a</size>
         <input_file_ref idref="fl-2e"/>
      </object_component>
      <object_component id="oc-109">
         <name>.debug_line</name>
         <load_address>0xe8</load_address>
         <run_address>0xe8</run_address>
         <size>0x50</size>
         <input_file_ref idref="fl-2f"/>
      </object_component>
      <object_component id="oc-110">
         <name>.debug_line</name>
         <load_address>0x138</load_address>
         <run_address>0x138</run_address>
         <size>0x65</size>
         <input_file_ref idref="fl-30"/>
      </object_component>
      <object_component id="oc-115">
         <name>.debug_line</name>
         <load_address>0x19d</load_address>
         <run_address>0x19d</run_address>
         <size>0xad</size>
         <input_file_ref idref="fl-31"/>
      </object_component>
      <object_component id="oc-11a">
         <name>.debug_line</name>
         <load_address>0x24a</load_address>
         <run_address>0x24a</run_address>
         <size>0x6c</size>
         <input_file_ref idref="fl-32"/>
      </object_component>
      <object_component id="oc-11f">
         <name>.debug_line</name>
         <load_address>0x2b6</load_address>
         <run_address>0x2b6</run_address>
         <size>0x63</size>
         <input_file_ref idref="fl-33"/>
      </object_component>
      <object_component id="oc-124">
         <name>.debug_line</name>
         <load_address>0x319</load_address>
         <run_address>0x319</run_address>
         <size>0x3e</size>
         <input_file_ref idref="fl-34"/>
      </object_component>
      <object_component id="oc-129">
         <name>.debug_line</name>
         <load_address>0x357</load_address>
         <run_address>0x357</run_address>
         <size>0x3a</size>
         <input_file_ref idref="fl-35"/>
      </object_component>
      <object_component id="oc-12e">
         <name>.debug_line</name>
         <load_address>0x391</load_address>
         <run_address>0x391</run_address>
         <size>0x5e</size>
         <input_file_ref idref="fl-36"/>
      </object_component>
      <object_component id="oc-133">
         <name>.debug_line</name>
         <load_address>0x3ef</load_address>
         <run_address>0x3ef</run_address>
         <size>0x55</size>
         <input_file_ref idref="fl-37"/>
      </object_component>
      <object_component id="oc-100">
         <name>.debug_abbrev</name>
         <load_address>0x0</load_address>
         <run_address>0x0</run_address>
         <size>0x46</size>
         <input_file_ref idref="fl-2d"/>
      </object_component>
      <object_component id="oc-105">
         <name>.debug_abbrev</name>
         <load_address>0x46</load_address>
         <run_address>0x46</run_address>
         <size>0xfa</size>
         <input_file_ref idref="fl-2e"/>
      </object_component>
      <object_component id="oc-10a">
         <name>.debug_abbrev</name>
         <load_address>0x140</load_address>
         <run_address>0x140</run_address>
         <size>0x32</size>
         <input_file_ref idref="fl-2f"/>
      </object_component>
      <object_component id="oc-111">
         <name>.debug_abbrev</name>
         <load_address>0x172</load_address>
         <run_address>0x172</run_address>
         <size>0x142</size>
         <input_file_ref idref="fl-30"/>
      </object_component>
      <object_component id="oc-116">
         <name>.debug_abbrev</name>
         <load_address>0x2b4</load_address>
         <run_address>0x2b4</run_address>
         <size>0x38</size>
         <input_file_ref idref="fl-31"/>
      </object_component>
      <object_component id="oc-11b">
         <name>.debug_abbrev</name>
         <load_address>0x2ec</load_address>
         <run_address>0x2ec</run_address>
         <size>0x38</size>
         <input_file_ref idref="fl-32"/>
      </object_component>
      <object_component id="oc-120">
         <name>.debug_abbrev</name>
         <load_address>0x324</load_address>
         <run_address>0x324</run_address>
         <size>0x38</size>
         <input_file_ref idref="fl-33"/>
      </object_component>
      <object_component id="oc-125">
         <name>.debug_abbrev</name>
         <load_address>0x35c</load_address>
         <run_address>0x35c</run_address>
         <size>0x68</size>
         <input_file_ref idref="fl-34"/>
      </object_component>
      <object_component id="oc-12a">
         <name>.debug_abbrev</name>
         <load_address>0x3c4</load_address>
         <run_address>0x3c4</run_address>
         <size>0x66</size>
         <input_file_ref idref="fl-35"/>
      </object_component>
      <object_component id="oc-12f">
         <name>.debug_abbrev</name>
         <load_address>0x42a</load_address>
         <run_address>0x42a</run_address>
         <size>0xb2</size>
         <input_file_ref idref="fl-36"/>
      </object_component>
      <object_component id="oc-134">
         <name>.debug_abbrev</name>
         <load_address>0x4dc</load_address>
         <run_address>0x4dc</run_address>
         <size>0xfe</size>
         <input_file_ref idref="fl-37"/>
      </object_component>
      <object_component id="oc-1e1">
         <name>.debug_abbrev</name>
         <load_address>0x5da</load_address>
         <run_address>0x5da</run_address>
         <size>0xf</size>
      </object_component>
      <object_component id="oc-101">
         <name>.debug_aranges</name>
         <load_address>0x0</load_address>
         <run_address>0x0</run_address>
         <size>0x20</size>
         <input_file_ref idref="fl-2d"/>
      </object_component>
      <object_component id="oc-106">
         <name>.debug_aranges</name>
         <load_address>0x20</load_address>
         <run_address>0x20</run_address>
         <size>0x20</size>
         <input_file_ref idref="fl-2e"/>
      </object_component>
      <object_component id="oc-10b">
         <name>.debug_aranges</name>
         <load_address>0x40</load_address>
         <run_address>0x40</run_address>
         <size>0x20</size>
         <input_file_ref idref="fl-2f"/>
      </object_component>
      <object_component id="oc-112">
         <name>.debug_aranges</name>
         <load_address>0x60</load_address>
         <run_address>0x60</run_address>
         <size>0x28</size>
         <input_file_ref idref="fl-30"/>
      </object_component>
      <object_component id="oc-117">
         <name>.debug_aranges</name>
         <load_address>0x88</load_address>
         <run_address>0x88</run_address>
         <size>0x20</size>
         <input_file_ref idref="fl-31"/>
      </object_component>
      <object_component id="oc-11c">
         <name>.debug_aranges</name>
         <load_address>0xa8</load_address>
         <run_address>0xa8</run_address>
         <size>0x30</size>
         <input_file_ref idref="fl-32"/>
      </object_component>
      <object_component id="oc-121">
         <name>.debug_aranges</name>
         <load_address>0xd8</load_address>
         <run_address>0xd8</run_address>
         <size>0x28</size>
         <input_file_ref idref="fl-33"/>
      </object_component>
      <object_component id="oc-126">
         <name>.debug_aranges</name>
         <load_address>0x100</load_address>
         <run_address>0x100</run_address>
         <size>0x20</size>
         <input_file_ref idref="fl-34"/>
      </object_component>
      <object_component id="oc-12b">
         <name>.debug_aranges</name>
         <load_address>0x120</load_address>
         <run_address>0x120</run_address>
         <size>0x20</size>
         <input_file_ref idref="fl-35"/>
      </object_component>
      <object_component id="oc-130">
         <name>.debug_aranges</name>
         <load_address>0x140</load_address>
         <run_address>0x140</run_address>
         <size>0x30</size>
         <input_file_ref idref="fl-36"/>
      </object_component>
      <object_component id="oc-135">
         <name>.debug_aranges</name>
         <load_address>0x170</load_address>
         <run_address>0x170</run_address>
         <size>0x20</size>
         <input_file_ref idref="fl-37"/>
      </object_component>
      <object_component id="oc-103">
         <name>.debug_frame</name>
         <load_address>0x0</load_address>
         <run_address>0x0</run_address>
         <size>0xba</size>
         <input_file_ref idref="fl-2e"/>
      </object_component>
      <object_component id="oc-10f">
         <name>.debug_frame</name>
         <load_address>0xba</load_address>
         <run_address>0xba</run_address>
         <size>0xbf</size>
         <input_file_ref idref="fl-30"/>
      </object_component>
      <object_component id="oc-123">
         <name>.debug_frame</name>
         <load_address>0x179</load_address>
         <run_address>0x179</run_address>
         <size>0xa1</size>
         <input_file_ref idref="fl-34"/>
      </object_component>
      <object_component id="oc-128">
         <name>.debug_frame</name>
         <load_address>0x21a</load_address>
         <run_address>0x21a</run_address>
         <size>0xa1</size>
         <input_file_ref idref="fl-35"/>
      </object_component>
      <object_component id="oc-12d">
         <name>.debug_frame</name>
         <load_address>0x2bb</load_address>
         <run_address>0x2bb</run_address>
         <size>0xcb</size>
         <input_file_ref idref="fl-36"/>
      </object_component>
      <object_component id="oc-132">
         <name>.debug_frame</name>
         <load_address>0x386</load_address>
         <run_address>0x386</run_address>
         <size>0xa1</size>
         <input_file_ref idref="fl-37"/>
      </object_component>
   </object_component_list>
   <logical_group_list>
      <logical_group id="lg-2" display="no" color="cyan">
         <name>codestart</name>
         <load_address>0x0</load_address>
         <run_address>0x0</run_address>
         <size>0x2</size>
         <contents>
            <object_component_ref idref="oc-81"/>
         </contents>
      </logical_group>
      <logical_group id="lg-1db" display="no" color="cyan">
         <name>.text.1</name>
         <load_address>0x3fb</load_address>
         <run_address>0x3fb</run_address>
         <size>0x5</size>
         <contents>
            <object_component_ref idref="oc-83"/>
            <object_component_ref idref="oc-136"/>
         </contents>
      </logical_group>
      <logical_group id="lg-1dc" display="no" color="cyan">
         <name>.text.2</name>
         <load_address>0x8000</load_address>
         <run_address>0x8000</run_address>
         <size>0x7fe</size>
         <contents>
            <object_component_ref idref="oc-13d"/>
            <object_component_ref idref="oc-f9"/>
            <object_component_ref idref="oc-146"/>
         </contents>
      </logical_group>
      <logical_group id="lg-1dd" display="no" color="cyan">
         <name>.text.3</name>
         <load_address>0x8800</load_address>
         <run_address>0x8800</run_address>
         <size>0x7fc</size>
         <contents>
            <object_component_ref idref="oc-140"/>
            <object_component_ref idref="oc-147"/>
            <object_component_ref idref="oc-f6"/>
            <object_component_ref idref="oc-145"/>
            <object_component_ref idref="oc-11d"/>
         </contents>
      </logical_group>
      <logical_group id="lg-1de" display="no" color="cyan">
         <name>.text.4</name>
         <load_address>0x9000</load_address>
         <run_address>0x9000</run_address>
         <size>0x57d</size>
         <contents>
            <object_component_ref idref="oc-ef"/>
            <object_component_ref idref="oc-14e"/>
            <object_component_ref idref="oc-144"/>
            <object_component_ref idref="oc-113"/>
            <object_component_ref idref="oc-149"/>
            <object_component_ref idref="oc-80"/>
            <object_component_ref idref="oc-143"/>
            <object_component_ref idref="oc-137"/>
            <object_component_ref idref="oc-14d"/>
            <object_component_ref idref="oc-148"/>
            <object_component_ref idref="oc-141"/>
            <object_component_ref idref="oc-142"/>
            <object_component_ref idref="oc-107"/>
            <object_component_ref idref="oc-139"/>
            <object_component_ref idref="oc-118"/>
         </contents>
      </logical_group>
      <logical_group id="lg-1df" display="no" color="cyan">
         <name>.text.5</name>
         <load_address>0xb000</load_address>
         <run_address>0xb000</run_address>
         <size>0x7fc</size>
         <contents>
            <object_component_ref idref="oc-84"/>
            <object_component_ref idref="oc-13b"/>
            <object_component_ref idref="oc-13a"/>
            <object_component_ref idref="oc-14a"/>
            <object_component_ref idref="oc-138"/>
         </contents>
      </logical_group>
      <split_section id="lg-3" display="no" color="cyan">
         <name>.text</name>
         <contents>
            <logical_group_ref idref="lg-1db"/>
            <logical_group_ref idref="lg-1dc"/>
            <logical_group_ref idref="lg-1dd"/>
            <logical_group_ref idref="lg-1de"/>
            <logical_group_ref idref="lg-1df"/>
         </contents>
      </split_section>
      <logical_group id="lg-4" display="no" color="cyan">
         <name>.cinit</name>
         <load_address>0x122</load_address>
         <run_address>0x122</run_address>
         <size>0x2d5</size>
         <contents>
            <object_component_ref idref="oc-fa"/>
            <object_component_ref idref="oc-ea"/>
            <object_component_ref idref="oc-f2"/>
            <object_component_ref idref="oc-f0"/>
            <object_component_ref idref="oc-f7"/>
            <object_component_ref idref="oc-10d"/>
            <object_component_ref idref="oc-ed"/>
            <object_component_ref idref="oc-13f"/>
            <object_component_ref idref="oc-14b"/>
            <object_component_ref idref="oc-e8"/>
         </contents>
      </logical_group>
      <logical_group id="lg-5" display="no" color="cyan">
         <name>.pinit</name>
         <run_address>0x0</run_address>
         <size>0x0</size>
         <contents>
         </contents>
      </logical_group>
      <logical_group id="lg-6" display="no" color="cyan">
         <name>.switch</name>
         <run_address>0x0</run_address>
         <size>0x0</size>
         <contents>
         </contents>
      </logical_group>
      <logical_group id="lg-7" display="no" color="cyan">
         <name>.reset</name>
         <load_address>0x3fffc0</load_address>
         <run_address>0x3fffc0</run_address>
         <size>0x2</size>
         <contents>
            <object_component_ref idref="oc-fd"/>
         </contents>
      </logical_group>
      <logical_group id="lg-8" display="no" color="cyan">
         <name>.stack</name>
         <run_address>0x400</run_address>
         <size>0x100</size>
         <contents>
            <object_component_ref idref="oc-fc"/>
            <object_component_ref idref="oc-1da"/>
         </contents>
      </logical_group>
      <logical_group id="lg-9" display="no" color="cyan">
         <name>.ebss</name>
         <run_address>0xa800</run_address>
         <size>0x2ec</size>
         <contents>
            <object_component_ref idref="oc-82"/>
            <object_component_ref idref="oc-e7"/>
            <object_component_ref idref="oc-e9"/>
            <object_component_ref idref="oc-eb"/>
            <object_component_ref idref="oc-ee"/>
            <object_component_ref idref="oc-f1"/>
            <object_component_ref idref="oc-f3"/>
            <object_component_ref idref="oc-f5"/>
            <object_component_ref idref="oc-f8"/>
            <object_component_ref idref="oc-fb"/>
            <object_component_ref idref="oc-10e"/>
            <object_component_ref idref="oc-14f"/>
            <object_component_ref idref="oc-13e"/>
         </contents>
      </logical_group>
      <logical_group id="lg-a" display="no" color="cyan">
         <name>.econst</name>
         <load_address>0xaaec</load_address>
         <run_address>0xaaec</run_address>
         <size>0x1c0</size>
         <contents>
            <object_component_ref idref="oc-14c"/>
         </contents>
      </logical_group>
      <logical_group id="lg-b" display="no" color="cyan">
         <name>.esysmem</name>
         <run_address>0x0</run_address>
         <size>0x0</size>
         <contents>
         </contents>
      </logical_group>
      <logical_group id="lg-c" display="no" color="cyan">
         <name>ramgs0</name>
         <run_address>0x0</run_address>
         <size>0x0</size>
         <contents>
         </contents>
      </logical_group>
      <logical_group id="lg-d" display="no" color="cyan">
         <name>ramgs1</name>
         <run_address>0x0</run_address>
         <size>0x0</size>
         <contents>
         </contents>
      </logical_group>
      <logical_group id="lg-e" display="no" color="cyan">
         <name>.TI.ramfunc</name>
         <load_address>0x3f7</load_address>
         <run_address>0x3f7</run_address>
         <size>0x4</size>
         <contents>
            <object_component_ref idref="oc-ec"/>
         </contents>
      </logical_group>
      <logical_group id="lg-f" display="no" color="cyan">
         <name>Filter1_RegsFile</name>
         <load_address>0xd000</load_address>
         <run_address>0xd000</run_address>
         <size>0x0</size>
         <contents>
         </contents>
      </logical_group>
      <logical_group id="lg-10" display="no" color="cyan">
         <name>Filter2_RegsFile</name>
         <load_address>0xe000</load_address>
         <run_address>0xe000</run_address>
         <size>0x0</size>
         <contents>
         </contents>
      </logical_group>
      <logical_group id="lg-11" display="no" color="cyan">
         <name>Filter3_RegsFile</name>
         <load_address>0xf000</load_address>
         <run_address>0xf000</run_address>
         <size>0x0</size>
         <contents>
         </contents>
      </logical_group>
      <logical_group id="lg-12" display="no" color="cyan">
         <name>Filter4_RegsFile</name>
         <load_address>0x10000</load_address>
         <run_address>0x10000</run_address>
         <size>0x0</size>
         <contents>
         </contents>
      </logical_group>
      <logical_group id="lg-13" display="no" color="cyan">
         <name>Difference_RegsFile</name>
         <load_address>0x11000</load_address>
         <run_address>0x11000</run_address>
         <size>0x0</size>
         <contents>
         </contents>
      </logical_group>
      <logical_group id="lg-15" display="no" color="cyan">
         <name>PieVectTableFile</name>
         <run_address>0xd00</run_address>
         <size>0x1c0</size>
         <contents>
            <object_component_ref idref="oc-e6"/>
         </contents>
      </logical_group>
      <logical_group id="lg-17" display="no" color="cyan">
         <name>EmuKeyVar</name>
         <run_address>0xd00</run_address>
         <size>0x1</size>
         <contents>
            <object_component_ref idref="oc-85"/>
         </contents>
      </logical_group>
      <logical_group id="lg-18" display="no" color="cyan">
         <name>EmuBModeVar</name>
         <run_address>0xd01</run_address>
         <size>0x1</size>
         <contents>
            <object_component_ref idref="oc-86"/>
         </contents>
      </logical_group>
      <logical_group id="lg-19" display="no" color="cyan">
         <name>FlashCallbackVar</name>
         <run_address>0xd02</run_address>
         <size>0x0</size>
         <contents>
         </contents>
      </logical_group>
      <logical_group id="lg-1a" display="no" color="cyan">
         <name>FlashScalingVar</name>
         <run_address>0xd02</run_address>
         <size>0x0</size>
         <contents>
         </contents>
      </logical_group>
      <logical_group id="lg-16" display="no" color="cyan">
         <name>GROUP_2</name>
         <run_address>0xd00</run_address>
         <size>0x2</size>
         <contents>
            <logical_group_ref idref="lg-17"/>
            <logical_group_ref idref="lg-18"/>
            <logical_group_ref idref="lg-19"/>
            <logical_group_ref idref="lg-1a"/>
         </contents>
      </logical_group>
      <overlay id="lg-14" display="no" color="cyan">
         <name>UNION_1</name>
         <run_address>0xd00</run_address>
         <size>0x1c0</size>
         <contents>
            <logical_group_ref idref="lg-15"/>
            <logical_group_ref idref="lg-16"/>
         </contents>
      </overlay>
      <logical_group id="lg-1b" display="no" color="cyan">
         <name>AdcaResultFile</name>
         <run_address>0xb00</run_address>
         <size>0x18</size>
         <contents>
            <object_component_ref idref="oc-9d"/>
         </contents>
      </logical_group>
      <logical_group id="lg-1c" display="no" color="cyan">
         <name>AdcbResultFile</name>
         <run_address>0xb20</run_address>
         <size>0x18</size>
         <contents>
            <object_component_ref idref="oc-9c"/>
         </contents>
      </logical_group>
      <logical_group id="lg-1d" display="no" color="cyan">
         <name>AdccResultFile</name>
         <run_address>0xb40</run_address>
         <size>0x18</size>
         <contents>
            <object_component_ref idref="oc-9f"/>
         </contents>
      </logical_group>
      <logical_group id="lg-1e" display="no" color="cyan">
         <name>AdcdResultFile</name>
         <run_address>0xb60</run_address>
         <size>0x18</size>
         <contents>
            <object_component_ref idref="oc-9e"/>
         </contents>
      </logical_group>
      <logical_group id="lg-1f" display="no" color="cyan">
         <name>AdcaRegsFile</name>
         <run_address>0x7400</run_address>
         <size>0x80</size>
         <contents>
            <object_component_ref idref="oc-ce"/>
         </contents>
      </logical_group>
      <logical_group id="lg-20" display="no" color="cyan">
         <name>AdcbRegsFile</name>
         <run_address>0x7480</run_address>
         <size>0x80</size>
         <contents>
            <object_component_ref idref="oc-cd"/>
         </contents>
      </logical_group>
      <logical_group id="lg-21" display="no" color="cyan">
         <name>AdccRegsFile</name>
         <run_address>0x7500</run_address>
         <size>0x80</size>
         <contents>
            <object_component_ref idref="oc-d0"/>
         </contents>
      </logical_group>
      <logical_group id="lg-22" display="no" color="cyan">
         <name>AdcdRegsFile</name>
         <run_address>0x7580</run_address>
         <size>0x80</size>
         <contents>
            <object_component_ref idref="oc-cf"/>
         </contents>
      </logical_group>
      <logical_group id="lg-23" display="no" color="cyan">
         <name>AnalogSubsysRegsFile</name>
         <run_address>0x5d180</run_address>
         <size>0x48</size>
         <contents>
            <object_component_ref idref="oc-ca"/>
         </contents>
      </logical_group>
      <logical_group id="lg-24" display="no" color="cyan">
         <name>CanaRegsFile</name>
         <run_address>0x0</run_address>
         <size>0x0</size>
         <contents>
         </contents>
      </logical_group>
      <logical_group id="lg-25" display="no" color="cyan">
         <name>CanbRegsFile</name>
         <run_address>0x0</run_address>
         <size>0x0</size>
         <contents>
         </contents>
      </logical_group>
      <logical_group id="lg-26" display="no" color="cyan">
         <name>Cla1RegsFile</name>
         <run_address>0x1400</run_address>
         <size>0x3e</size>
         <contents>
            <object_component_ref idref="oc-c4"/>
         </contents>
      </logical_group>
      <logical_group id="lg-27" display="no" color="cyan">
         <name>Cla1SoftIntRegsFile</name>
         <run_address>0xce0</run_address>
         <size>0x4</size>
         <contents>
            <object_component_ref idref="oc-8a"/>
         </contents>
      </logical_group>
      <logical_group id="lg-28" display="no" color="cyan">
         <name>ClbXbarRegsFile</name>
         <run_address>0x0</run_address>
         <size>0x0</size>
         <contents>
         </contents>
      </logical_group>
      <logical_group id="lg-29" display="no" color="cyan">
         <name>Cmpss1RegsFile</name>
         <run_address>0x5c80</run_address>
         <size>0x20</size>
         <contents>
            <object_component_ref idref="oc-b0"/>
         </contents>
      </logical_group>
      <logical_group id="lg-2a" display="no" color="cyan">
         <name>Cmpss2RegsFile</name>
         <run_address>0x5ca0</run_address>
         <size>0x20</size>
         <contents>
            <object_component_ref idref="oc-af"/>
         </contents>
      </logical_group>
      <logical_group id="lg-2b" display="no" color="cyan">
         <name>Cmpss3RegsFile</name>
         <run_address>0x5cc0</run_address>
         <size>0x20</size>
         <contents>
            <object_component_ref idref="oc-b2"/>
         </contents>
      </logical_group>
      <logical_group id="lg-2c" display="no" color="cyan">
         <name>Cmpss4RegsFile</name>
         <run_address>0x5ce0</run_address>
         <size>0x20</size>
         <contents>
            <object_component_ref idref="oc-b1"/>
         </contents>
      </logical_group>
      <logical_group id="lg-2d" display="no" color="cyan">
         <name>Cmpss5RegsFile</name>
         <run_address>0x5d00</run_address>
         <size>0x20</size>
         <contents>
            <object_component_ref idref="oc-b3"/>
         </contents>
      </logical_group>
      <logical_group id="lg-2e" display="no" color="cyan">
         <name>Cmpss6RegsFile</name>
         <run_address>0x5d20</run_address>
         <size>0x20</size>
         <contents>
            <object_component_ref idref="oc-ab"/>
         </contents>
      </logical_group>
      <logical_group id="lg-2f" display="no" color="cyan">
         <name>Cmpss7RegsFile</name>
         <run_address>0x5d40</run_address>
         <size>0x20</size>
         <contents>
            <object_component_ref idref="oc-aa"/>
         </contents>
      </logical_group>
      <logical_group id="lg-30" display="no" color="cyan">
         <name>Cmpss8RegsFile</name>
         <run_address>0x5d60</run_address>
         <size>0x20</size>
         <contents>
            <object_component_ref idref="oc-ad"/>
         </contents>
[...]
      </symbol>
      <symbol id="sm-78be">
         <name>_init_7_segment</name>
         <value>0x8367</value>
         <object_component_ref idref="oc-13d"/>
      </symbol>
      <symbol id="sm-78c4">
         <name>_Configure_HW_Fault_Pin</name>
         <value>0x8388</value>
         <object_component_ref idref="oc-13d"/>
      </symbol>
      <symbol id="sm-78ca">
         <name>_cpu_timer0_isr</name>
         <value>0x83b1</value>
         <object_component_ref idref="oc-f9"/>
      </symbol>
      <symbol id="sm-78e9">
         <name>_error</name>
         <value>0x83ae</value>
         <object_component_ref idref="oc-13d"/>
      </symbol>
      <symbol id="sm-7907">
         <name>_status</name>
         <value>0xaad8</value>
         <object_component_ref idref="oc-f8"/>
      </symbol>
      <symbol id="sm-7909">
         <name>_MEP_ScaleFactor</name>
         <value>0xaad9</value>
         <object_component_ref idref="oc-f8"/>
      </symbol>
      <symbol id="sm-790b">
         <name>_ePWM</name>
         <value>0xaada</value>
         <object_component_ref idref="oc-f8"/>
      </symbol>
      <symbol id="sm-793a">
         <name>_EPWM1_TBPRD</name>
         <value>0xa800</value>
         <object_component_ref idref="oc-fb"/>
      </symbol>
      <symbol id="sm-793c">
         <name>_FLAG_PWM_ENABLE</name>
         <value>0xa801</value>
         <object_component_ref idref="oc-fb"/>
      </symbol>
      <symbol id="sm-793e">
         <name>_EPWM2_TBPRD</name>
         <value>0xa802</value>
         <object_component_ref idref="oc-fb"/>
      </symbol>
      <symbol id="sm-7940">
         <name>_TWO_EPWM1_TBPRD</name>
         <value>0xa803</value>
         <object_component_ref idref="oc-fb"/>
      </symbol>
      <symbol id="sm-7942">
         <name>_EPWM7_TBPRD</name>
         <value>0xa804</value>
         <object_component_ref idref="oc-fb"/>
      </symbol>
      <symbol id="sm-7944">
         <name>_AIN21</name>
         <value>0xa805</value>
         <object_component_ref idref="oc-fb"/>
      </symbol>
      <symbol id="sm-7946">
         <name>_AIN14</name>
         <value>0xa806</value>
         <object_component_ref idref="oc-fb"/>
      </symbol>
      <symbol id="sm-7948">
         <name>_AIN23</name>
         <value>0xa807</value>
         <object_component_ref idref="oc-fb"/>
      </symbol>
      <symbol id="sm-794a">
         <name>_AIN22</name>
         <value>0xa808</value>
         <object_component_ref idref="oc-fb"/>
      </symbol>
      <symbol id="sm-794c">
         <name>_EPWM4_DB</name>
         <value>0xa809</value>
         <object_component_ref idref="oc-fb"/>
      </symbol>
      <symbol id="sm-794e">
         <name>_EPWM3_DB</name>
         <value>0xa80a</value>
         <object_component_ref idref="oc-fb"/>
      </symbol>
      <symbol id="sm-7950">
         <name>_EPWM6_DB</name>
         <value>0xa80b</value>
         <object_component_ref idref="oc-fb"/>
      </symbol>
      <symbol id="sm-7952">
         <name>_EPWM5_DB</name>
         <value>0xa80c</value>
         <object_component_ref idref="oc-fb"/>
      </symbol>
      <symbol id="sm-7954">
         <name>_EPWM7_DB</name>
         <value>0xa80d</value>
         <object_component_ref idref="oc-fb"/>
      </symbol>
      <symbol id="sm-7956">
         <name>_EPWM2_TBPHS</name>
         <value>0xa80e</value>
         <object_component_ref idref="oc-fb"/>
      </symbol>
      <symbol id="sm-7958">
         <name>_AIN24</name>
         <value>0xa80f</value>
         <object_component_ref idref="oc-fb"/>
      </symbol>
      <symbol id="sm-795a">
         <name>_EPWM1_DB</name>
         <value>0xa810</value>
         <object_component_ref idref="oc-fb"/>
      </symbol>
      <symbol id="sm-795c">
         <name>_EPWM1_TBPRDHR</name>
         <value>0xa811</value>
         <object_component_ref idref="oc-fb"/>
      </symbol>
      <symbol id="sm-795e">
         <name>_EPWM2_DB</name>
         <value>0xa812</value>
         <object_component_ref idref="oc-fb"/>
      </symbol>
      <symbol id="sm-7960">
         <name>_FLAG_ITX_FAULT</name>
         <value>0xa813</value>
         <object_component_ref idref="oc-fb"/>
      </symbol>
      <symbol id="sm-7962">
         <name>_FLAG_VDC_RX_FAULT</name>
         <value>0xa814</value>
         <object_component_ref idref="oc-fb"/>
      </symbol>
      <symbol id="sm-7964">
         <name>_FLAG_HW_FAULT</name>
         <value>0xa815</value>
         <object_component_ref idref="oc-fb"/>
      </symbol>
      <symbol id="sm-7966">
         <name>_FLAG_VDC_TX_FAULT</name>
         <value>0xa816</value>
         <object_component_ref idref="oc-fb"/>
      </symbol>
      <symbol id="sm-7968">
         <name>_FLAG_SW_FAULT</name>
         <value>0xa817</value>
         <object_component_ref idref="oc-fb"/>
      </symbol>
      <symbol id="sm-796a">
         <name>_AIN12</name>
         <value>0xa818</value>
         <object_component_ref idref="oc-fb"/>
      </symbol>
      <symbol id="sm-796c">
         <name>_AIN13</name>
         <value>0xa819</value>
         <object_component_ref idref="oc-fb"/>
      </symbol>
      <symbol id="sm-796e">
         <name>_FLAG_STARTUP</name>
         <value>0xa81a</value>
         <object_component_ref idref="oc-fb"/>
      </symbol>
      <symbol id="sm-7970">
         <name>_AIN11</name>
         <value>0xa81b</value>
         <object_component_ref idref="oc-fb"/>
      </symbol>
      <symbol id="sm-7972">
         <name>_FLAG_IRX_FAULT</name>
         <value>0xa81c</value>
         <object_component_ref idref="oc-fb"/>
      </symbol>
      <symbol id="sm-7974">
         <name>_theta</name>
         <value>0xa81e</value>
         <object_component_ref idref="oc-fb"/>
      </symbol>
      <symbol id="sm-7976">
         <name>_Itx_phase</name>
         <value>0xa820</value>
         <object_component_ref idref="oc-fb"/>
      </symbol>
      <symbol id="sm-7978">
         <name>_Itx_de</name>
         <value>0xa822</value>
         <object_component_ref idref="oc-fb"/>
      </symbol>
      <symbol id="sm-797a">
         <name>_Itx_qs</name>
         <value>0xa824</value>
         <object_component_ref idref="oc-fb"/>
      </symbol>
      <symbol id="sm-797c">
         <name>_Itx_qe</name>
         <value>0xa826</value>
         <object_component_ref idref="oc-fb"/>
      </symbol>
      <symbol id="sm-797e">
         <name>_Itx_qe_2</name>
         <value>0xa828</value>
         <object_component_ref idref="oc-fb"/>
      </symbol>
      <symbol id="sm-7980">
         <name>_Itx_qe_sum</name>
         <value>0xa82a</value>
         <object_component_ref idref="oc-fb"/>
      </symbol>
      <symbol id="sm-7982">
         <name>_Itx_de_2</name>
         <value>0xa82c</value>
         <object_component_ref idref="oc-fb"/>
      </symbol>
      <symbol id="sm-7984">
         <name>_Itx_de_1</name>
         <value>0xa82e</value>
         <object_component_ref idref="oc-fb"/>
      </symbol>
      <symbol id="sm-7986">
         <name>_Itx_qe_avg</name>
         <value>0xa830</value>
         <object_component_ref idref="oc-fb"/>
      </symbol>
      <symbol id="sm-7988">
         <name>_Itx_qe_1</name>
         <value>0xa832</value>
         <object_component_ref idref="oc-fb"/>
      </symbol>
      <symbol id="sm-798a">
         <name>_Itx_de_avg</name>
         <value>0xa834</value>
         <object_component_ref idref="oc-fb"/>
      </symbol>
      <symbol id="sm-798c">
         <name>_Itx_de_sum</name>
         <value>0xa836</value>
         <object_component_ref idref="oc-fb"/>
      </symbol>
      <symbol id="sm-798e">
         <name>_Scale_Irx</name>
         <value>0xa838</value>
         <object_component_ref idref="oc-fb"/>
      </symbol>
      <symbol id="sm-7990">
         <name>_Scale_Itx</name>
         <value>0xa83a</value>
         <object_component_ref idref="oc-fb"/>
      </symbol>
      <symbol id="sm-7992">
         <name>_Scale_Vdc_rx</name>
         <value>0xa83c</value>
         <object_component_ref idref="oc-fb"/>
      </symbol>
      <symbol id="sm-7994">
         <name>_Scale_Vdc_tx</name>
         <value>0xa83e</value>
         <object_component_ref idref="oc-fb"/>
      </symbol>
      <symbol id="sm-7996">
         <name>_Kp_cc</name>
         <value>0xa840</value>
         <object_component_ref idref="oc-fb"/>
      </symbol>
      <symbol id="sm-7998">
         <name>_Ki_cc</name>
         <value>0xa842</value>
         <object_component_ref idref="oc-fb"/>
      </symbol>
      <symbol id="sm-799a">
         <name>_Vtx_duty</name>
         <value>0xa844</value>
         <object_component_ref idref="oc-fb"/>
      </symbol>
      <symbol id="sm-799c">
         <name>_w_cc</name>
         <value>0xa846</value>
         <object_component_ref idref="oc-fb"/>
      </symbol>
      <symbol id="sm-799e">
         <name>_Rtx</name>
         <value>0xa848</value>
         <object_component_ref idref="oc-fb"/>
      </symbol>
      <symbol id="sm-79a0">
         <name>_Idc_tx</name>
         <value>0xa84a</value>
         <object_component_ref idref="oc-fb"/>
      </symbol>
      <symbol id="sm-79a2">
         <name>_Ka_cc</name>
         <value>0xa84c</value>
         <object_component_ref idref="oc-fb"/>
      </symbol>
      <symbol id="sm-79a4">
         <name>_Ltx</name>
         <value>0xa84e</value>
         <object_component_ref idref="oc-fb"/>
      </symbol>
      <symbol id="sm-79a6">
         <name>_Itx_mag</name>
         <value>0xa850</value>
         <object_component_ref idref="oc-fb"/>
      </symbol>
      <symbol id="sm-79a8">
         <name>_Itx_mag_flt</name>
         <value>0xa852</value>
         <object_component_ref idref="oc-fb"/>
      </symbol>
      <symbol id="sm-79aa">
         <name>_Itx_mag_cmd</name>
         <value>0xa854</value>
         <object_component_ref idref="oc-fb"/>
      </symbol>
      <symbol id="sm-79ac">
         <name>_Itx_mag_cmd_flt</name>
         <value>0xa856</value>
         <object_component_ref idref="oc-fb"/>
      </symbol>
      <symbol id="sm-79ae">
         <name>_Vtx_cmd</name>
         <value>0xa858</value>
         <object_component_ref idref="oc-fb"/>
      </symbol>
      <symbol id="sm-79b0">
         <name>_Vtx_cmd_sat</name>
         <value>0xa85a</value>
         <object_component_ref idref="oc-fb"/>
      </symbol>
      <symbol id="sm-79b2">
         <name>_Itx_mag_err</name>
         <value>0xa85c</value>
         <object_component_ref idref="oc-fb"/>
      </symbol>
      <symbol id="sm-79b4">
         <name>_Vtx_cmd_integ</name>
         <value>0xa85e</value>
         <object_component_ref idref="oc-fb"/>
      </symbol>
      <symbol id="sm-79b6">
         <name>_Itx_phase_flt</name>
         <value>0xa860</value>
         <object_component_ref idref="oc-fb"/>
      </symbol>
      <symbol id="sm-79b8">
         <name>_Itx_Cmd_Flt_Cutoff_Freq</name>
         <value>0xa862</value>
         <object_component_ref idref="oc-fb"/>
      </symbol>
      <symbol id="sm-79ba">
         <name>_Itx_Phase_Flt_Cutoff_Freq</name>
         <value>0xa864</value>
         <object_component_ref idref="oc-fb"/>
      </symbol>
      <symbol id="sm-79bc">
         <name>_Vdc_tx_Flt_Cutoff_Freq</name>
         <value>0xa866</value>
         <object_component_ref idref="oc-fb"/>
      </symbol>
      <symbol id="sm-79be">
         <name>_Itx_mag_Flt_Cutoff_Freq</name>
         <value>0xa868</value>
         <object_component_ref idref="oc-fb"/>
      </symbol>
      <symbol id="sm-79c0">
         <name>_Vdc_rx_Flt_Cutoff_Freq</name>
         <value>0xa86a</value>
         <object_component_ref idref="oc-fb"/>
      </symbol>
      <symbol id="sm-79c2">
         <name>_IL_REF_FLT_CUT_FREQ</name>
         <value>0xa86c</value>
         <object_component_ref idref="oc-fb"/>
      </symbol>
      <symbol id="sm-79c4">
         <name>_adc_cnt</name>
         <value>0xa86e</value>
         <object_component_ref idref="oc-fb"/>
      </symbol>
      <symbol id="sm-79c6">
         <name>_cc_cnt</name>
         <value>0xa870</value>
         <object_component_ref idref="oc-fb"/>
      </symbol>
      <symbol id="sm-79c8">
         <name>_HRPWM_TBPRD</name>
         <value>0xa872</value>
         <object_component_ref idref="oc-fb"/>
      </symbol>
      <symbol id="sm-79ca">
         <name>_Tsamp</name>
         <value>0xa874</value>
         <object_component_ref idref="oc-fb"/>
      </symbol>
      <symbol id="sm-79cc">
         <name>_fsw</name>
         <value>0xa876</value>
         <object_component_ref idref="oc-fb"/>
      </symbol>
      <symbol id="sm-79ce">
         <name>_temp</name>
         <value>0xa878</value>
         <object_component_ref idref="oc-fb"/>
      </symbol>
      <symbol id="sm-79d0">
         <name>_Itx</name>
         <value>0xa87a</value>
         <object_component_ref idref="oc-fb"/>
      </symbol>
      <symbol id="sm-79d2">
         <name>_Vdc_rx_flt</name>
         <value>0xa87c</value>
         <object_component_ref idref="oc-fb"/>
      </symbol>
      <symbol id="sm-79d4">
         <name>_Itx_1</name>
         <value>0xa87e</value>
         <object_component_ref idref="oc-fb"/>
      </symbol>
      <symbol id="sm-79d6">
         <name>_Irx</name>
         <value>0xa880</value>
         <object_component_ref idref="oc-fb"/>
      </symbol>
      <symbol id="sm-79d8">
         <name>_Itx_2</name>
         <value>0xa882</value>
         <object_component_ref idref="oc-fb"/>
      </symbol>
      <symbol id="sm-79da">
         <name>_Itx_ds</name>
         <value>0xa884</value>
         <object_component_ref idref="oc-fb"/>
      </symbol>
      <symbol id="sm-79dc">
         <name>_IL_FAULT_LEVEL</name>
         <value>0xa886</value>
         <object_component_ref idref="oc-fb"/>
      </symbol>
      <symbol id="sm-79de">
         <name>_Vdc_tx</name>
         <value>0xa888</value>
         <object_component_ref idref="oc-fb"/>
      </symbol>
      <symbol id="sm-79e0">
         <name>_VDC_FAULT_LEVEL</name>
         <value>0xa88a</value>
         <object_component_ref idref="oc-fb"/>
      </symbol>
      <symbol id="sm-79e2">
         <name>_Vdc_tx_flt</name>
         <value>0xa88c</value>
         <object_component_ref idref="oc-fb"/>
      </symbol>
      <symbol id="sm-79e4">
         <name>_IDC_FAULT_LEVEL</name>
         <value>0xa88e</value>
         <object_component_ref idref="oc-fb"/>
      </symbol>
      <symbol id="sm-79e6">
         <name>_Vdc_rx</name>
         <value>0xa890</value>
         <object_component_ref idref="oc-fb"/>
      </symbol>
      <symbol id="sm-79e8">
         <name>_DAC_PTR</name>
         <value>0xa892</value>
         <object_component_ref idref="oc-fb"/>
      </symbol>
      <symbol id="sm-79ea">
         <name>_HPF1</name>
         <value>0xa89a</value>
         <object_component_ref idref="oc-fb"/>
      </symbol>
      <symbol id="sm-79ec">
         <name>_HPF2</name>
         <value>0xa8a6</value>
         <object_component_ref idref="oc-fb"/>
      </symbol>
      <symbol id="sm-79ee">
         <name>_BPF</name>
         <value>0xa8c0</value>
         <object_component_ref idref="oc-fb"/>
      </symbol>
      <symbol id="sm-79f0">
         <name>_NF</name>
         <value>0xa8d8</value>
         <object_component_ref idref="oc-fb"/>
      </symbol>
      <symbol id="sm-79f2">
         <name>_LPF1</name>
         <value>0xa900</value>
         <object_component_ref idref="oc-fb"/>
      </symbol>
      <symbol id="sm-79f4">
         <name>_LPF2</name>
         <value>0xa980</value>
         <object_component_ref idref="oc-fb"/>
      </symbol>
      <symbol id="sm-7a12">
         <name>_c_int00</name>
         <value>0x9380</value>
         <object_component_ref idref="oc-80"/>
      </symbol>
      <symbol id="sm-7a13">
         <name>__stack</name>
         <value>0x400</value>
         <object_component_ref idref="oc-fc"/>
      </symbol>
      <symbol id="sm-7a29">
         <name>_copy_in</name>
         <value>0x9426</value>
         <object_component_ref idref="oc-137"/>
      </symbol>
      <symbol id="sm-7a38">
         <name>_ppcopy</name>
         <value>0x9532</value>
         <object_component_ref idref="oc-107"/>
      </symbol>
      <symbol id="sm-7a39">
         <name>_dpcopy</name>
         <value>0x9532</value>
         <object_component_ref idref="oc-107"/>
      </symbol>
      <symbol id="sm-7a3a">
         <name>_pdcopy</name>
         <value>0x9532</value>
         <object_component_ref idref="oc-107"/>
      </symbol>
      <symbol id="sm-7a3b">
         <name>_ddcopy</name>
         <value>0x9532</value>
         <object_component_ref idref="oc-107"/>
      </symbol>
      <symbol id="sm-7a50">
         <name>C$$EXIT</name>
         <value>0xb7c9</value>
         <object_component_ref idref="oc-13a"/>
      </symbol>
      <symbol id="sm-7a51">
         <name>_exit</name>
         <value>0xb7cb</value>
         <object_component_ref idref="oc-13a"/>
      </symbol>
      <symbol id="sm-7a52">
         <name>___TI_cleanup_ptr</name>
         <value>0xaa74</value>
         <object_component_ref idref="oc-10e"/>
      </symbol>
      <symbol id="sm-7a53">
         <name>___TI_enable_exit_profile_output</name>
         <value>0xaa72</value>
         <object_component_ref idref="oc-10e"/>
      </symbol>
      <symbol id="sm-7a54">
         <name>_abort</name>
         <value>0xb7c9</value>
         <object_component_ref idref="oc-13a"/>
      </symbol>
      <symbol id="sm-7a55">
         <name>___TI_dtors_ptr</name>
         <value>0xaa76</value>
         <object_component_ref idref="oc-10e"/>
      </symbol>
      <symbol id="sm-7a66">
         <name>FS$$DIV</name>
         <value>0x927c</value>
         <object_component_ref idref="oc-113"/>
      </symbol>
      <symbol id="sm-7a72">
         <name>LL$$AND</name>
         <value>0x9565</value>
         <object_component_ref idref="oc-118"/>
      </symbol>
      <symbol id="sm-7a73">
         <name>LL$$OR</name>
         <value>0x956d</value>
         <object_component_ref idref="oc-118"/>
      </symbol>
      <symbol id="sm-7a74">
         <name>LL$$XOR</name>
         <value>0x9575</value>
         <object_component_ref idref="oc-118"/>
      </symbol>
      <symbol id="sm-7a82">
         <name>ULL$$CMP</name>
         <value>0x8ff0</value>
         <object_component_ref idref="oc-11d"/>
      </symbol>
      <symbol id="sm-7a83">
         <name>LL$$CMP</name>
         <value>0x8fde</value>
         <object_component_ref idref="oc-11d"/>
      </symbol>
      <symbol id="sm-7a90">
         <name>__system_pre_init</name>
         <value>0x3fe</value>
         <object_component_ref idref="oc-136"/>
      </symbol>
      <symbol id="sm-7a9d">
         <name>__system_post_cinit</name>
         <value>0xb7fb</value>
         <object_component_ref idref="oc-138"/>
      </symbol>
      <symbol id="sm-7ab2">
         <name>__unlock</name>
         <value>0xaa78</value>
         <object_component_ref idref="oc-14f"/>
      </symbol>
      <symbol id="sm-7ab3">
         <name>__lock</name>
         <value>0xa9fe</value>
         <object_component_ref idref="oc-13e"/>
      </symbol>
      <symbol id="sm-7ab4">
         <name>__register_lock</name>
         <value>0xb7f6</value>
         <object_component_ref idref="oc-14a"/>
      </symbol>
      <symbol id="sm-7ab5">
         <name>__nop</name>
         <value>0xb7fa</value>
         <object_component_ref idref="oc-14a"/>
      </symbol>
      <symbol id="sm-7ab6">
         <name>__register_unlock</name>
         <value>0xb7f2</value>
         <object_component_ref idref="oc-14a"/>
      </symbol>
      <symbol id="sm-7ac6">
         <name>__args_main</name>
         <value>0x954c</value>
         <object_component_ref idref="oc-139"/>
      </symbol>
   </symbol_table>
   <title>Link successful</title>
</link_info>
