******************************************************************************
             TMS320C2000 Linker PC v15.12.3                    
******************************************************************************
>> Linked Fri Sep 22 21:09:26 2017

OUTPUT FILE NAME:   <wpt_60kHz_v2.out>
ENTRY POINT SYMBOL: "_c_int00"  address: 0000b7a0


MEMORY CONFIGURATION

         name            origin    length      used     unused   attr    fill
----------------------  --------  ---------  --------  --------  ----  --------
PAGE 0:
  BEGIN                 00000000   00000002  00000002  00000000  RWIX
  RAMM0                 00000122   000002de  000002c4  0000001a  RWIX
  RAMLS4                0000a000   00000c00  00000aac  00000154  RWIX
  RAMLS5                0000ac00   00000400  00000088  00000378  RWIX
  RAMD0                 0000b000   00000800  00000800  00000000  RWIX
  RAMD1                 0000b800   00000800  000007ff  00000001  RWIX
  RESET                 003fffc0   00000002  00000000  00000002  RWIX

PAGE 1:
  BOOT_RSVD             00000002   00000120  00000000  00000120  RWIX
  RAMM1                 00000400   00000400  00000100  00000300  RWIX
  ADCA_RESULT           00000b00   00000020  00000018  00000008  RWIX
  ADCB_RESULT           00000b20   00000020  00000018  00000008  RWIX
  ADCC_RESULT           00000b40   00000020  00000018  00000008  RWIX
  ADCD_RESULT           00000b60   00000020  00000018  00000008  RWIX
  CPU_TIMER0            00000c00   00000008  00000008  00000000  RWIX
  CPU_TIMER1            00000c08   00000008  00000008  00000000  RWIX
  CPU_TIMER2            00000c10   00000008  00000008  00000000  RWIX
  PIE_CTRL              00000ce0   00000020  0000001a  00000006  RWIX
  PIE_VECT              00000d00   00000200  000001c0  00000040  RWIX
  DMA                   00001000   00000200  000000e0  00000120  RWIX
  CLA1                  00001400   00000040  0000003e  00000002  RWIX
  CLA1_MSGRAMLOW        00001480   00000080  00000002  0000007e  RWIX
  CLA1_MSGRAMHIGH       00001500   00000080  00000000  00000080  RWIX
  EPWM1                 00004000   00000100  00000100  00000000  RWIX
  EPWM2                 00004100   00000100  00000100  00000000  RWIX
  EPWM3                 00004200   00000100  00000100  00000000  RWIX
  EPWM4                 00004300   00000100  00000100  00000000  RWIX
  EPWM5                 00004400   00000100  00000100  00000000  RWIX
  EPWM6                 00004500   00000100  00000100  00000000  RWIX
  EPWM7                 00004600   00000100  00000100  00000000  RWIX
  EPWM8                 00004700   00000100  00000100  00000000  RWIX
  EPWM9                 00004800   00000100  00000100  00000000  RWIX
  EPWM10                00004900   00000100  00000100  00000000  RWIX
  EPWM11                00004a00   00000100  00000100  00000000  RWIX
  EPWM12                00004b00   00000100  00000100  00000000  RWIX
  ECAP1                 00005000   00000020  00000020  00000000  RWIX
  ECAP2                 00005020   00000020  00000020  00000000  RWIX
  ECAP3                 00005040   00000020  00000020  00000000  RWIX
  ECAP4                 00005060   00000020  00000020  00000000  RWIX
  ECAP5                 00005080   00000020  00000020  00000000  RWIX
  ECAP6                 000050a0   00000020  00000020  00000000  RWIX
  EQEP1                 00005100   00000040  00000022  0000001e  RWIX
  EQEP2                 00005140   00000040  00000022  0000001e  RWIX
  EQEP3                 00005180   00000040  00000022  0000001e  RWIX
  DACA                  00005c00   00000010  00000008  00000008  RWIX
  DACB                  00005c10   00000010  00000008  00000008  RWIX
  DACC                  00005c20   00000010  00000008  00000008  RWIX
  CMPSS1                00005c80   00000020  00000020  00000000  RWIX
  CMPSS2                00005ca0   00000020  00000020  00000000  RWIX
  CMPSS3                00005cc0   00000020  00000020  00000000  RWIX
  CMPSS4                00005ce0   00000020  00000020  00000000  RWIX
  CMPSS5                00005d00   00000020  00000020  00000000  RWIX
  CMPSS6                00005d20   00000020  00000020  00000000  RWIX
  CMPSS7                00005d40   00000020  00000020  00000000  RWIX
  CMPSS8                00005d60   00000020  00000020  00000000  RWIX
  SDFM1                 00005e00   00000080  00000080  00000000  RWIX
  SDFM2                 00005e80   00000080  00000080  00000000  RWIX
  MCBSPA                00006000   00000040  00000024  0000001c  RWIX
  MCBSPB                00006040   00000040  00000024  0000001c  RWIX
  SPIA                  00006100   00000010  00000010  00000000  RWIX
  SPIB                  00006110   00000010  00000010  00000000  RWIX
  SPIC                  00006120   00000010  00000010  00000000  RWIX
  SPID                  00006130   00000010  00000000  00000010  RWIX
  UPP                   00006200   00000100  00000048  000000b8  RWIX
  WD                    00007000   00000040  0000002b  00000015  RWIX
  NMIINTRUPT            00007060   00000010  00000007  00000009  RWIX
  XINT                  00007070   00000010  0000000b  00000005  RWIX
  SCIA                  00007200   00000010  00000010  00000000  RWIX
  SCIB                  00007210   00000010  00000010  00000000  RWIX
  SCIC                  00007220   00000010  00000010  00000000  RWIX
  SCID                  00007230   00000010  00000010  00000000  RWIX
  I2CA                  00007300   00000040  00000022  0000001e  RWIX
  I2CB                  00007340   00000040  00000022  0000001e  RWIX
  ADCA                  00007400   00000080  00000080  00000000  RWIX
  ADCB                  00007480   00000080  00000080  00000000  RWIX
  ADCC                  00007500   00000080  00000080  00000000  RWIX
  ADCD                  00007580   00000080  00000080  00000000  RWIX
  INPUT_XBAR            00007900   00000020  00000020  00000000  RWIX
  XBAR                  00007920   00000020  00000020  00000000  RWIX
  SYNC_SOC              00007940   00000010  00000006  0000000a  RWIX
  DMACLASRCSEL          00007980   00000040  0000001a  00000026  RWIX
  EPWM_XBAR             00007a00   00000040  00000040  00000000  RWIX
  CLB_XBAR              00007a40   00000040  00000000  00000040  RWIX
  OUTPUT_XBAR           00007a80   00000040  00000040  00000000  RWIX
  GPIOCTRL              00007c00   00000180  00000180  00000000  RWIX
  GPIODAT               00007f00   00000030  00000030  00000000  RWIX
  RAMLS0                00008000   00000800  0000040b  000003f5  RWIX
  RAMLS1                00008800   00000800  00000100  00000700  RWIX
  RAMLS2                00009000   00000800  00000000  00000800  RWIX
  RAMLS3                00009800   00000800  000001c0  00000640  RWIX
  RAMGS0                0000c000   00001000  000002d8  00000d28  RWIX
  RAMGS1                0000d000   00001000  00000000  00001000  RWIX
  RAMGS2                0000e000   00001000  00000000  00001000  RWIX
  RAMGS3                0000f000   00001000  00000000  00001000  RWIX
  RAMGS4                00010000   00001000  00000000  00001000  RWIX
  RAMGS5                00011000   00001000  00000000  00001000  RWIX
  RAMGS6                00012000   00001000  00000000  00001000  RWIX
  RAMGS7                00013000   00001000  00000000  00001000  RWIX
  RAMGS8                00014000   00001000  00000000  00001000  RWIX
  RAMGS9                00015000   00001000  00000000  00001000  RWIX
  RAMGS10               00016000   00001000  00000000  00001000  RWIX
  RAMGS11               00017000   00001000  00000000  00001000  RWIX
  RAMGS12               00018000   00001000  00000000  00001000  RWIX
  RAMGS13               00019000   00001000  00000000  00001000  RWIX
  RAMGS14               0001a000   00001000  00000000  00001000  RWIX
  RAMGS15               0001b000   00001000  00000000  00001000  RWIX
  EMIF1                 00047000   00000800  00000070  00000790  RWIX
  EMIF2                 00047800   00000800  00000070  00000790  RWIX
  CANA                  00048000   00000800  00000000  00000800  RWIX
  CANA_MSG_RAM          00049000   00000800  00000000  00000800  RWIX
  CANB                  0004a000   00000800  00000000  00000800  RWIX
  CANB_MSG_RAM          0004b000   00000800  00000000  00000800  RWIX
  FLASHPUMPSEMAPHORE    00050024   00000002  00000002  00000000  RWIX
  DEV_CFG               0005d000   00000180  0000012e  00000052  RWIX
  ANALOG_SUBSYS         0005d180   00000080  00000048  00000038  RWIX
  CLK_CFG               0005d200   00000100  00000032  000000ce  RWIX
  CPU_SYS               0005d300   00000100  00000082  0000007e  RWIX
  ROMPREFETCH           0005e608   00000002  00000002  00000000  RWIX
  DCSM_Z1               0005f000   00000030  00000024  0000000c  RWIX
  DCSM_Z2               0005f040   00000030  00000024  0000000c  RWIX
  DCSM_COMMON           0005f070   00000010  00000008  00000008  RWIX
  MEMCFG                0005f400   00000080  00000080  00000000  RWIX
  EMIF1CONFIG           0005f480   00000020  00000020  00000000  RWIX
  EMIF2CONFIG           0005f4a0   00000020  00000020  00000000  RWIX
  ACCESSPROTECTION      0005f4c0   00000040  00000040  00000000  RWIX
  MEMORYERROR           0005f500   00000040  00000040  00000000  RWIX
  ROMWAITSTATE          0005f540   00000002  00000002  00000000  RWIX
  FLASH0_CTRL           0005f800   00000300  00000182  0000017e  RWIX
  FLASH0_ECC            0005fb00   00000040  00000028  00000018  RWIX
  FLASH1_CTRL           0005fc00   00000300  00000182  0000017e  RWIX
  FLASH1_ECC            0005ff00   00000040  00000028  00000018  RWIX
  DCSM_Z1_OTP           00078000   00000020  00000020  00000000  RWIX
  DCSM_Z2_OTP           00078200   00000020  00000020  00000000  RWIX


SECTION ALLOCATION MAP

 output                                  attributes/
section   page    origin      length       input sections
--------  ----  ----------  ----------   ----------------
codestart 
*          0    00000000    00000002     
                  00000000    00000002     F2837xS_CodeStartBranch.obj (codestart)

.cinit     0    00000122    000002c0     
                  00000122    000001a1     variable.obj (.cinit)
                  000002c3    00000062     F2837xS_struct.obj (.cinit)
                  00000325    0000004e     easy2837xS_sci_v8.5.obj (.cinit)
                  00000373    00000045     da.obj (.cinit)
                  000003b8    0000000e     rts2800_fpu32.lib : exit.obj (.cinit)
                  000003c6    0000000c     RingBuff.obj (.cinit)
                  000003d2    00000005     rts2800_fpu32.lib : _lock.obj (.cinit:__lock)
                  000003d7    00000005                       : _lock.obj (.cinit:__unlock)
                  000003dc    00000004     F2837xS_sci_io.obj (.cinit)
                  000003e0    00000002     --HOLE-- [fill = 0]

.pinit     0    00000122    00000000     UNINITIALIZED

.reset     0    003fffc0    00000002     DSECT
                  003fffc0    00000002     rts2800_fpu32.lib : boot.obj (.reset)

.TI.ramfunc 
*          0    000003e2    00000004     
                  000003e2    00000004     F2837xS_usDelay.obj (.TI.ramfunc)

.text.1    0    0000a000    00000aac     
                  0000a000    00000339     F2837xS_SysCtrl.obj (.text)
                  0000a339    0000016d     fault.obj (.text:retain)
                  0000a4a6    00000149     epwm.obj (.text)
                  0000a5ef    000000de     cc.obj (.text:retain)
                  0000a6cd    000000ac     adc.obj (.text)
                  0000a779    000000a1     F2837xS_Adc.obj (.text)
                  0000a81a    00000088     rts2800_fpu32.lib : fs_div.obj (.text)
                  0000a8a2    0000007c     F2837xS_CpuTimers.obj (.text)
                  0000a91e    00000068     gpio.obj (.text)
                  0000a986    00000046     rts2800_fpu32.lib : cpy_tbl.obj (.text)
                  0000a9cc    00000029                       : exit.obj (.text)
                  0000a9f5    00000028     F2837xS_PieCtrl.obj (.text)
                  0000aa1d    00000026     F2837xS_PieVect.obj (.text)
                  0000aa43    0000001e     rts2800_fpu32.lib : ll_cmp.obj (.text)
                  0000aa61    0000001a                       : cpy_utils.obj (.text)
                  0000aa7b    00000019                       : args_main.obj (.text)
                  0000aa94    00000018                       : ll_aox.obj (.text)

Cla1Prog   0    0000ac00    00000088     
                  0000ac00    00000048     cla_test.obj (Cla1Prog:_Cla1Task1)
                  0000ac48    00000034     cla_test.obj (Cla1Prog:_Cla1Task8)
                  0000ac7c    00000002     cla_test.obj (Cla1Prog:_Cla1Task2)
                  0000ac7e    00000002     cla_test.obj (Cla1Prog:_Cla1Task3)
                  0000ac80    00000002     cla_test.obj (Cla1Prog:_Cla1Task4)
                  0000ac82    00000002     cla_test.obj (Cla1Prog:_Cla1Task5)
                  0000ac84    00000002     cla_test.obj (Cla1Prog:_Cla1Task6)
                  0000ac86    00000002     cla_test.obj (Cla1Prog:_Cla1Task7)

.text.2    0    0000b000    00000800     
                  0000b000    00000585     F2837xS_DefaultISR.obj (.text:retain)
                  0000b585    0000021b     F2837xS_Gpio.obj (.text)
                  0000b7a0    00000056     rts2800_fpu32.lib : boot.obj (.text)
                  0000b7f6    00000009                       : _lock.obj (.text)
                  0000b7ff    00000001                       : startup.obj (.text)

.text.3    0    0000b800    000007ff     
                  0000b800    00000419     main.obj (.text)
                  0000bc19    000003a2     main.obj (.text:retain)
                  0000bfbb    0000003f     F2837xS_EPwm.obj (.text)
                  0000bffa    00000003     F2837xS_DBGIER.obj (.text)
                  0000bffd    00000002     rts2800_fpu32.lib : pre_init.obj (.text)

.stack     1    00000400    00000100     UNINITIALIZED
                  00000400    00000100     --HOLE--

AdcaResultFile 
*          1    00000b00    00000018     UNINITIALIZED
                  00000b00    00000018     F2837xS_GlobalVariableDefs.obj (AdcaResultFile)

AdcbResultFile 
*          1    00000b20    00000018     UNINITIALIZED
                  00000b20    00000018     F2837xS_GlobalVariableDefs.obj (AdcbResultFile)

AdccResultFile 
*          1    00000b40    00000018     UNINITIALIZED
                  00000b40    00000018     F2837xS_GlobalVariableDefs.obj (AdccResultFile)

AdcdResultFile 
*          1    00000b60    00000018     UNINITIALIZED
                  00000b60    00000018     F2837xS_GlobalVariableDefs.obj (AdcdResultFile)

CpuTimer0RegsFile 
*          1    00000c00    00000008     UNINITIALIZED
                  00000c00    00000008     F2837xS_GlobalVariableDefs.obj (CpuTimer0RegsFile)

CpuTimer1RegsFile 
*          1    00000c08    00000008     UNINITIALIZED
                  00000c08    00000008     F2837xS_GlobalVariableDefs.obj (CpuTimer1RegsFile)

CpuTimer2RegsFile 
*          1    00000c10    00000008     UNINITIALIZED
                  00000c10    00000008     F2837xS_GlobalVariableDefs.obj (CpuTimer2RegsFile)

PieCtrlRegsFile 
*          1    00000ce0    0000001a     UNINITIALIZED
                  00000ce0    0000001a     F2837xS_GlobalVariableDefs.obj (PieCtrlRegsFile)

PieVectTableFile 
*          1    00000d00    000001c0     UNINITIALIZED
                  00000d00    000001c0     F2837xS_GlobalVariableDefs.obj (PieVectTableFile)

EmuKeyVar 
*          1    00000d00    00000001     UNINITIALIZED
                  00000d00    00000001     F2837xS_GlobalVariableDefs.obj (EmuKeyVar)

EmuBModeVar 
*          1    00000d01    00000001     UNINITIALIZED
                  00000d01    00000001     F2837xS_GlobalVariableDefs.obj (EmuBModeVar)

FlashCallbackVar 
*          1    00000d02    00000000     UNINITIALIZED

FlashScalingVar 
*          1    00000d02    00000000     UNINITIALIZED

DmaRegsFile 
*          1    00001000    000000e0     UNINITIALIZED
                  00001000    000000e0     F2837xS_GlobalVariableDefs.obj (DmaRegsFile)

Cla1RegsFile 
*          1    00001400    0000003e     UNINITIALIZED
                  00001400    0000003e     F2837xS_GlobalVariableDefs.obj (Cla1RegsFile)

Cla1ToCpuMsgRAM 
*          1    00001480    00000002     UNINITIALIZED
                  00001480    00000002     main.obj (Cla1ToCpuMsgRAM)

EPwm1RegsFile 
*          1    00004000    00000100     UNINITIALIZED
                  00004000    00000100     F2837xS_GlobalVariableDefs.obj (EPwm1RegsFile)

EPwm2RegsFile 
*          1    00004100    00000100     UNINITIALIZED
                  00004100    00000100     F2837xS_GlobalVariableDefs.obj (EPwm2RegsFile)

EPwm3RegsFile 
*          1    00004200    00000100     UNINITIALIZED
                  00004200    00000100     F2837xS_GlobalVariableDefs.obj (EPwm3RegsFile)

EPwm4RegsFile 
*          1    00004300    00000100     UNINITIALIZED
                  00004300    00000100     F2837xS_GlobalVariableDefs.obj (EPwm4RegsFile)

EPwm5RegsFile 
*          1    00004400    00000100     UNINITIALIZED
                  00004400    00000100     F2837xS_GlobalVariableDefs.obj (EPwm5RegsFile)

EPwm6RegsFile 
*          1    00004500    00000100     UNINITIALIZED
                  00004500    00000100     F2837xS_GlobalVariableDefs.obj (EPwm6RegsFile)

EPwm7RegsFile 
*          1    00004600    00000100     UNINITIALIZED
                  00004600    00000100     F2837xS_GlobalVariableDefs.obj (EPwm7RegsFile)

EPwm8RegsFile 
*          1    00004700    00000100     UNINITIALIZED
                  00004700    00000100     F2837xS_GlobalVariableDefs.obj (EPwm8RegsFile)

EPwm9RegsFile 
*          1    00004800    00000100     UNINITIALIZED
                  00004800    00000100     F2837xS_GlobalVariableDefs.obj (EPwm9RegsFile)

EPwm10RegsFile 
*          1    00004900    00000100     UNINITIALIZED
                  00004900    00000100     F2837xS_GlobalVariableDefs.obj (EPwm10RegsFile)

EPwm11RegsFile 
*          1    00004a00    00000100     UNINITIALIZED
                  00004a00    00000100     F2837xS_GlobalVariableDefs.obj (EPwm11RegsFile)

EPwm12RegsFile 
*          1    00004b00    00000100     UNINITIALIZED
                  00004b00    00000100     F2837xS_GlobalVariableDefs.obj (EPwm12RegsFile)

ECap1RegsFile 
*          1    00005000    00000020     UNINITIALIZED
                  00005000    00000020     F2837xS_GlobalVariableDefs.obj (ECap1RegsFile)

ECap2RegsFile 
*          1    00005020    00000020     UNINITIALIZED
                  00005020    00000020     F2837xS_GlobalVariableDefs.obj (ECap2RegsFile)

ECap3RegsFile 
*          1    00005040    00000020     UNINITIALIZED
                  00005040    00000020     F2837xS_GlobalVariableDefs.obj (ECap3RegsFile)

ECap4RegsFile 
*          1    00005060    00000020     UNINITIALIZED
                  00005060    00000020     F2837xS_GlobalVariableDefs.obj (ECap4RegsFile)

ECap5RegsFile 
*          1    00005080    00000020     UNINITIALIZED
                  00005080    00000020     F2837xS_GlobalVariableDefs.obj (ECap5RegsFile)

ECap6RegsFile 
*          1    000050a0    00000020     UNINITIALIZED
                  000050a0    00000020     F2837xS_GlobalVariableDefs.obj (ECap6RegsFile)

EQep1RegsFile 
*          1    00005100    00000022     UNINITIALIZED
                  00005100    00000022     F2837xS_GlobalVariableDefs.obj (EQep1RegsFile)

EQep2RegsFile 
*          1    00005140    00000022     UNINITIALIZED
                  00005140    00000022     F2837xS_GlobalVariableDefs.obj (EQep2RegsFile)

EQep3RegsFile 
*          1    00005180    00000022     UNINITIALIZED
                  00005180    00000022     F2837xS_GlobalVariableDefs.obj (EQep3RegsFile)

DacaRegsFile 
*          1    00005c00    00000008     UNINITIALIZED
                  00005c00    00000008     F2837xS_GlobalVariableDefs.obj (DacaRegsFile)

DacbRegsFile 
*          1    00005c10    00000008     UNINITIALIZED
                  00005c10    00000008     F2837xS_GlobalVariableDefs.obj (DacbRegsFile)

DaccRegsFile 
*          1    00005c20    00000008     UNINITIALIZED
                  00005c20    00000008     F2837xS_GlobalVariableDefs.obj (DaccRegsFile)

Cmpss1RegsFile 
*          1    00005c80    00000020     UNINITIALIZED
                  00005c80    00000020     F2837xS_GlobalVariableDefs.obj (Cmpss1RegsFile)

Cmpss2RegsFile 
*          1    00005ca0    00000020     UNINITIALIZED
                  00005ca0    00000020     F2837xS_GlobalVariableDefs.obj (Cmpss2RegsFile)

Cmpss3RegsFile 
*          1    00005cc0    00000020     UNINITIALIZED
                  00005cc0    00000020     F2837xS_GlobalVariableDefs.obj (Cmpss3RegsFile)

Cmpss4RegsFile 
*          1    00005ce0    00000020     UNINITIALIZED
                  00005ce0    00000020     F2837xS_GlobalVariableDefs.obj (Cmpss4RegsFile)

Cmpss5RegsFile 
*          1    00005d00    00000020     UNINITIALIZED
                  00005d00    00000020     F2837xS_GlobalVariableDefs.obj (Cmpss5RegsFile)

Cmpss6RegsFile 
*          1    00005d20    00000020     UNINITIALIZED
                  00005d20    00000020     F2837xS_GlobalVariableDefs.obj (Cmpss6RegsFile)

Cmpss7RegsFile 
*          1    00005d40    00000020     UNINITIALIZED
                  00005d40    00000020     F2837xS_GlobalVariableDefs.obj (Cmpss7RegsFile)

Cmpss8RegsFile 
*          1    00005d60    00000020     UNINITIALIZED
                  00005d60    00000020     F2837xS_GlobalVariableDefs.obj (Cmpss8RegsFile)

Sdfm1RegsFile 
*          1    00005e00    00000080     UNINITIALIZED
                  00005e00    00000080     F2837xS_GlobalVariableDefs.obj (Sdfm1RegsFile)

Sdfm2RegsFile 
*          1    00005e80    00000080     UNINITIALIZED
                  00005e80    00000080     F2837xS_GlobalVariableDefs.obj (Sdfm2RegsFile)

McbspaRegsFile 
*          1    00006000    00000024     UNINITIALIZED
                  00006000    00000024     F2837xS_GlobalVariableDefs.obj (McbspaRegsFile)

McbspbRegsFile 
*          1    00006040    00000024     UNINITIALIZED
                  00006040    00000024     F2837xS_GlobalVariableDefs.obj (McbspbRegsFile)

SpiaRegsFile 
*          1    00006100    00000010     UNINITIALIZED
                  00006100    00000010     F2837xS_GlobalVariableDefs.obj (SpiaRegsFile)

SpibRegsFile 
*          1    00006110    00000010     UNINITIALIZED
                  00006110    00000010     F2837xS_GlobalVariableDefs.obj (SpibRegsFile)

SpicRegsFile 
*          1    00006120    00000010     UNINITIALIZED
                  00006120    00000010     F2837xS_GlobalVariableDefs.obj (SpicRegsFile)

UppRegsFile 
*          1    00006200    00000048     UNINITIALIZED
                  00006200    00000048     F2837xS_GlobalVariableDefs.obj (UppRegsFile)

WdRegsFile 
*          1    00007000    0000002b     UNINITIALIZED
                  00007000    0000002b     F2837xS_GlobalVariableDefs.obj (WdRegsFile)

NmiIntruptRegsFile 
*          1    00007060    00000007     UNINITIALIZED
                  00007060    00000007     F2837xS_GlobalVariableDefs.obj (NmiIntruptRegsFile)

XintRegsFile 
*          1    00007070    0000000b     UNINITIALIZED
                  00007070    0000000b     F2837xS_GlobalVariableDefs.obj (XintRegsFile)

SciaRegsFile 
*          1    00007200    00000010     UNINITIALIZED
                  00007200    00000010     F2837xS_GlobalVariableDefs.obj (SciaRegsFile)

ScibRegsFile 
*          1    00007210    00000010     UNINITIALIZED
                  00007210    00000010     F2837xS_GlobalVariableDefs.obj (ScibRegsFile)

ScicRegsFile 
*          1    00007220    00000010     UNINITIALIZED
                  00007220    00000010     F2837xS_GlobalVariableDefs.obj (ScicRegsFile)

ScidRegsFile 
*          1    00007230    00000010     UNINITIALIZED
                  00007230    00000010     F2837xS_GlobalVariableDefs.obj (ScidRegsFile)

I2caRegsFile 
*          1    00007300    00000022     UNINITIALIZED
                  00007300    00000022     F2837xS_GlobalVariableDefs.obj (I2caRegsFile)

I2cbRegsFile 
*          1    00007340    00000022     UNINITIALIZED
                  00007340    00000022     F2837xS_GlobalVariableDefs.obj (I2cbRegsFile)

AdcaRegsFile 
*          1    00007400    00000080     UNINITIALIZED
                  00007400    00000080     F2837xS_GlobalVariableDefs.obj (AdcaRegsFile)

AdcbRegsFile 
*          1    00007480    00000080     UNINITIALIZED
                  00007480    00000080     F2837xS_GlobalVariableDefs.obj (AdcbRegsFile)

AdccRegsFile 
*          1    00007500    00000080     UNINITIALIZED
                  00007500    00000080     F2837xS_GlobalVariableDefs.obj (AdccRegsFile)

AdcdRegsFile 
*          1    00007580    00000080     UNINITIALIZED
                  00007580    00000080     F2837xS_GlobalVariableDefs.obj (AdcdRegsFile)

InputXbarRegsFile 
*          1    00007900    00000020     UNINITIALIZED
                  00007900    00000020     F2837xS_GlobalVariableDefs.obj (InputXbarRegsFile)

XbarRegsFile 
*          1    00007920    00000020     UNINITIALIZED
                  00007920    00000020     F2837xS_GlobalVariableDefs.obj (XbarRegsFile)

SyncSocRegsFile 
*          1    00007940    00000006     UNINITIALIZED
                  00007940    00000006     F2837xS_GlobalVariableDefs.obj (SyncSocRegsFile)

DmaClaSrcSelRegsFile 
*          1    00007980    0000001a     UNINITIALIZED
                  00007980    0000001a     F2837xS_GlobalVariableDefs.obj (DmaClaSrcSelRegsFile)

EPwmXbarRegsFile 
*          1    00007a00    00000040     UNINITIALIZED
                  00007a00    00000040     F2837xS_GlobalVariableDefs.obj (EPwmXbarRegsFile)

OutputXbarRegsFile 
*          1    00007a80    00000040     UNINITIALIZED
                  00007a80    00000040     F2837xS_GlobalVariableDefs.obj (OutputXbarRegsFile)

GpioCtrlRegsFile 
*          1    00007c00    00000180     UNINITIALIZED
                  00007c00    00000180     F2837xS_GlobalVariableDefs.obj (GpioCtrlRegsFile)

GpioDataRegsFile 
*          1    00007f00    00000030     UNINITIALIZED
                  00007f00    00000030     F2837xS_GlobalVariableDefs.obj (GpioDataRegsFile)

ramfuncs   1    00008000    0000040b     
                  00008000    000003c3     easy2837xS_sci_v8.5.obj (ramfuncs:retain)
                  000083c3    00000048     RingBuff.obj (ramfuncs)

CLAscratch 
*          1    00008800    00000100     UNINITIALIZED
                  00008800    00000100     --HOLE--

.econst    1    00009800    000001c0     
                  00009800    000001c0     F2837xS_PieVect.obj (.econst:_PieVectTableInit)

.ebss      1    0000c000    000002d8     UNINITIALIZED
                  0000c000    000001d8     variable.obj (.ebss)
                  0000c1d8    00000018     F2837xS_CpuTimers.obj (.ebss)
                  0000c1f0    00000006     F2837xS_TempSensorConv.obj (.ebss)
                  0000c1f6    00000006     rts2800_fpu32.lib : exit.obj (.ebss)
                  0000c1fc    00000003     epwm.obj (.ebss)
                  0000c1ff    00000001     F2837xS_sci_io.obj (.ebss)
                  0000c200    0000005a     F2837xS_struct.obj (.ebss)
                  0000c25a    00000018     da.obj (.ebss)
                  0000c272    00000003     main.obj (.ebss)
                  0000c275    00000001     --HOLE--
                  0000c276    00000002     rts2800_fpu32.lib : _lock.obj (.ebss:__lock)
                  0000c278    00000002                       : _lock.obj (.ebss:__unlock)
                  0000c27a    00000006     --HOLE--
                  0000c280    00000035     RingBuff.obj (.ebss)
                  0000c2b5    0000000b     --HOLE--
                  0000c2c0    00000018     easy2837xS_sci_v8.5.obj (.ebss)

AnalogSubsysRegsFile 
*          1    0005d180    00000048     UNINITIALIZED
                  0005d180    00000048     F2837xS_GlobalVariableDefs.obj (AnalogSubsysRegsFile)

Cla1SoftIntRegsFile 
*          1    00000ce0    00000004     DSECT
                  00000ce0    00000004     F2837xS_GlobalVariableDefs.obj (Cla1SoftIntRegsFile)

Emif1RegsFile 
*          1    00047000    00000070     UNINITIALIZED
                  00047000    00000070     F2837xS_GlobalVariableDefs.obj (Emif1RegsFile)

Emif2RegsFile 
*          1    00047800    00000070     UNINITIALIZED
                  00047800    00000070     F2837xS_GlobalVariableDefs.obj (Emif2RegsFile)

FlashPumpSemaphoreRegsFile 
*          1    00050024    00000002     UNINITIALIZED
                  00050024    00000002     F2837xS_GlobalVariableDefs.obj (FlashPumpSemaphoreRegsFile)

DevCfgRegsFile 
*          1    0005d000    0000012e     UNINITIALIZED
                  0005d000    0000012e     F2837xS_GlobalVariableDefs.obj (DevCfgRegsFile)

ClkCfgRegsFile 
*          1    0005d200    00000032     UNINITIALIZED
                  0005d200    00000032     F2837xS_GlobalVariableDefs.obj (ClkCfgRegsFile)

CpuSysRegsFile 
*          1    0005d300    00000082     UNINITIALIZED
                  0005d300    00000082     F2837xS_GlobalVariableDefs.obj (CpuSysRegsFile)

RomPrefetchRegsFile 
*          1    0005e608    00000002     UNINITIALIZED
                  0005e608    00000002     F2837xS_GlobalVariableDefs.obj (RomPrefetchRegsFile)

DcsmZ1RegsFile 
*          1    0005f000    00000024     UNINITIALIZED
                  0005f000    00000024     F2837xS_GlobalVariableDefs.obj (DcsmZ1RegsFile)

DcsmZ2RegsFile 
*          1    0005f040    00000024     UNINITIALIZED
                  0005f040    00000024     F2837xS_GlobalVariableDefs.obj (DcsmZ2RegsFile)

DcsmCommonRegsFile 
*          1    0005f070    00000008     UNINITIALIZED
                  0005f070    00000008     F2837xS_GlobalVariableDefs.obj (DcsmCommonRegsFile)

MemCfgRegsFile 
*          1    0005f400    00000080     UNINITIALIZED
                  0005f400    00000080     F2837xS_GlobalVariableDefs.obj (MemCfgRegsFile)

Emif1ConfigRegsFile 
*          1    0005f480    00000020     UNINITIALIZED
                  0005f480    00000020     F2837xS_GlobalVariableDefs.obj (Emif1ConfigRegsFile)

Emif2ConfigRegsFile 
*          1    0005f4a0    00000020     UNINITIALIZED
                  0005f4a0    00000020     F2837xS_GlobalVariableDefs.obj (Emif2ConfigRegsFile)

AccessProtectionRegsFile 
*          1    0005f4c0    00000040     UNINITIALIZED
                  0005f4c0    00000040     F2837xS_GlobalVariableDefs.obj (AccessProtectionRegsFile)

MemoryErrorRegsFile 
*          1    0005f500    00000040     UNINITIALIZED
                  0005f500    00000040     F2837xS_GlobalVariableDefs.obj (MemoryErrorRegsFile)

RomWaitStateRegsFile 
*          1    0005f540    00000002     UNINITIALIZED
                  0005f540    00000002     F2837xS_GlobalVariableDefs.obj (RomWaitStateRegsFile)

Flash0CtrlRegsFile 
*          1    0005f800    00000182     UNINITIALIZED
                  0005f800    00000182     F2837xS_GlobalVariableDefs.obj (Flash0CtrlRegsFile)

Flash0EccRegsFile 
*          1    0005fb00    00000028     UNINITIALIZED
                  0005fb00    00000028     F2837xS_GlobalVariableDefs.obj (Flash0EccRegsFile)

Flash1CtrlRegsFile 
*          1    0005fc00    00000182     UNINITIALIZED
                  0005fc00    00000182     F2837xS_GlobalVariableDefs.obj (Flash1CtrlRegsFile)

Flash1EccRegsFile 
*          1    0005ff00    00000028     UNINITIALIZED
                  0005ff00    00000028     F2837xS_GlobalVariableDefs.obj (Flash1EccRegsFile)

DcsmZ1OtpFile 
*          1    00078000    00000020     NOLOAD SECTION
                  00078000    00000020     F2837xS_GlobalVariableDefs.obj (DcsmZ1OtpFile)

DcsmZ2OtpFile 
*          1    00078200    00000020     NOLOAD SECTION
                  00078200    00000020     F2837xS_GlobalVariableDefs.obj (DcsmZ2OtpFile)

MODULE SUMMARY

       Module                           code   ro data   rw data
       ------                           ----   -------   -------
    .\Source\
       F2837xS_GlobalVariableDefs.obj   0      0         8437   
       main.obj                         1979   0         5      
       F2837xS_DefaultISR.obj           1413   0         0      
       easy2837xS_sci_v8.5.obj          963    0         102    
       variable.obj                     0      0         889    
       F2837xS_SysCtrl.obj              825    0         0      
       F2837xS_Gpio.obj                 539    0         0      
       F2837xS_PieVect.obj              38     0         448    
       fault.obj                        365    0         0      
       epwm.obj                         329    0         3      
       cc.obj                           222    0         0      
       F2837xS_struct.obj               0      0         188    
       adc.obj                          172    0         0      
       F2837xS_Adc.obj                  161    0         0      
       F2837xS_CpuTimers.obj            124    0         24     
       RingBuff.obj                     72     0         65     
       cla_test.obj                     136    0         0      
       gpio.obj                         104    0         0      
       da.obj                           0      0         93     
       F2837xS_EPwm.obj                 63     0         0      
       F2837xS_PieCtrl.obj              40     0         0      
       F2837xS_TempSensorConv.obj       0      0         6      
       F2837xS_sci_io.obj               0      0         5      
       F2837xS_usDelay.obj              4      0         0      
       F2837xS_DBGIER.obj               3      0         0      
       F2837xS_CodeStartBranch.obj      2      0         0      
    +--+--------------------------------+------+---------+---------+
       Total:                           7554   0         10265  
                                                                
    C:/ti/ccsv6/tools/compiler/c2000_15.12.3.LTS/lib/rts2800_fpu32.lib
       fs_div.obj                       136    0         0      
       boot.obj                         86     0         0      
       cpy_tbl.obj                      70     0         0      
       exit.obj                         41     0         20     
       ll_cmp.obj                       30     0         0      
       cpy_utils.obj                    26     0         0      
       args_main.obj                    25     0         0      
       ll_aox.obj                       24     0         0      
       _lock.obj                        9      0         14     
       pre_init.obj                     2      0         0      
       startup.obj                      1      0         0      
    +--+--------------------------------+------+---------+---------+
       Total:                           450    0         34     
                                                                
       Stack:                           0      0         256    
    +--+--------------------------------+------+---------+---------+
       Grand Total:                     8004   0         10555  


GLOBAL DATA SYMBOLS: SORTED BY DATA PAGE

address     data page           name
--------    ----------------    ----
00000400      10 (00000400)     __stack

00000b00      2c (00000b00)     _AdcaResultRegs
00000b20      2c (00000b00)     _AdcbResultRegs

00000b40      2d (00000b40)     _AdccResultRegs
00000b60      2d (00000b40)     _AdcdResultRegs

00000c00      30 (00000c00)     _CpuTimer0Regs
00000c08      30 (00000c00)     _CpuTimer1Regs
00000c10      30 (00000c00)     _CpuTimer2Regs

00000ce0      33 (00000cc0)     _Cla1SoftIntRegs
00000ce0      33 (00000cc0)     _PieCtrlRegs

00000d00      34 (00000d00)     _EmuKey
00000d00      34 (00000d00)     _PieVectTable
00000d01      34 (00000d00)     _EmuBMode

00001000      40 (00001000)     _DmaRegs

00001400      50 (00001400)     _Cla1Regs

00001480      52 (00001480)     _cla_task1_cnt

00004000     100 (00004000)     _EPwm1Regs

00004100     104 (00004100)     _EPwm2Regs

00004200     108 (00004200)     _EPwm3Regs

00004300     10c (00004300)     _EPwm4Regs

00004400     110 (00004400)     _EPwm5Regs

00004500     114 (00004500)     _EPwm6Regs

00004600     118 (00004600)     _EPwm7Regs

00004700     11c (00004700)     _EPwm8Regs

00004800     120 (00004800)     _EPwm9Regs

00004900     124 (00004900)     _EPwm10Regs

00004a00     128 (00004a00)     _EPwm11Regs

00004b00     12c (00004b00)     _EPwm12Regs

00005000     140 (00005000)     _ECap1Regs
00005020     140 (00005000)     _ECap2Regs

00005040     141 (00005040)     _ECap3Regs
00005060     141 (00005040)     _ECap4Regs

00005080     142 (00005080)     _ECap5Regs
000050a0     142 (00005080)     _ECap6Regs

00005100     144 (00005100)     _EQep1Regs

00005140     145 (00005140)     _EQep2Regs

00005180     146 (00005180)     _EQep3Regs

00005c00     170 (00005c00)     _DacaRegs
00005c10     170 (00005c00)     _DacbRegs
00005c20     170 (00005c00)     _DaccRegs

00005c80     172 (00005c80)     _Cmpss1Regs
00005ca0     172 (00005c80)     _Cmpss2Regs

00005cc0     173 (00005cc0)     _Cmpss3Regs
00005ce0     173 (00005cc0)     _Cmpss4Regs

00005d00     174 (00005d00)     _Cmpss5Regs
00005d20     174 (00005d00)     _Cmpss6Regs

00005d40     175 (00005d40)     _Cmpss7Regs
00005d60     175 (00005d40)     _Cmpss8Regs

00005e00     178 (00005e00)     _Sdfm1Regs

00005e80     17a (00005e80)     _Sdfm2Regs

00006000     180 (00006000)     _McbspaRegs

00006040     181 (00006040)     _McbspbRegs

00006100     184 (00006100)     _SpiaRegs
00006110     184 (00006100)     _SpibRegs
00006120     184 (00006100)     _SpicRegs

00006200     188 (00006200)     _UppRegs

00007000     1c0 (00007000)     _WdRegs

00007060     1c1 (00007040)     _NmiIntruptRegs
00007070     1c1 (00007040)     _XintRegs

00007200     1c8 (00007200)     _SciaRegs
00007210     1c8 (00007200)     _ScibRegs
00007220     1c8 (00007200)     _ScicRegs
00007230     1c8 (00007200)     _ScidRegs

00007300     1cc (00007300)     _I2caRegs

00007340     1cd (00007340)     _I2cbRegs

00007400     1d0 (00007400)     _AdcaRegs

00007480     1d2 (00007480)     _AdcbRegs

00007500     1d4 (00007500)     _AdccRegs

00007580     1d6 (00007580)     _AdcdRegs

00007900     1e4 (00007900)     _InputXbarRegs
00007920     1e4 (00007900)     _XbarRegs

00007940     1e5 (00007940)     _SyncSocRegs

00007980     1e6 (00007980)     _DmaClaSrcSelRegs

00007a00     1e8 (00007a00)     _EPwmXbarRegs

00007a80     1ea (00007a80)     _OutputXbarRegs

00007c00     1f0 (00007c00)     _GpioCtrlRegs

00007f00     1fc (00007f00)     _GpioDataRegs

00009800     260 (00009800)     _PieVectTableInit

0000c000     300 (0000c000)     _EPWM1_TBPRD
0000c001     300 (0000c000)     _FLAG_PWM_ENABLE
0000c002     300 (0000c000)     _EPWM2_TBPRD
0000c003     300 (0000c000)     _TWO_EPWM1_TBPRD
0000c004     300 (0000c000)     _EPWM7_TBPRD
0000c005     300 (0000c000)     _AIN21
0000c006     300 (0000c000)     _AIN14
0000c007     300 (0000c000)     _AIN23
0000c008     300 (0000c000)     _AIN22
0000c009     300 (0000c000)     _EPWM4_DB
0000c00a     300 (0000c000)     _EPWM3_DB
0000c00b     300 (0000c000)     _EPWM6_DB
0000c00c     300 (0000c000)     _EPWM5_DB
0000c00d     300 (0000c000)     _EPWM7_DB
0000c00e     300 (0000c000)     _EPWM2_TBPHS
0000c00f     300 (0000c000)     _AIN24
0000c010     300 (0000c000)     _EPWM1_DB
0000c011     300 (0000c000)     _EPWM1_TBPRDHR
0000c012     300 (0000c000)     _EPWM2_DB
0000c013     300 (0000c000)     _FLAG_ITX_FAULT
0000c014     300 (0000c000)     _FLAG_VDC_RX_FAULT
0000c015     300 (0000c000)     _FLAG_HW_FAULT
0000c016     300 (0000c000)     _FLAG_VDC_TX_FAULT
0000c017     300 (0000c000)     _FLAG_SW_FAULT
0000c018     300 (0000c000)     _AIN12
0000c019     300 (0000c000)     _AIN13
0000c01a     300 (0000c000)     _FLAG_STARTUP
0000c01b     300 (0000c000)     _AIN11
0000c01c     300 (0000c000)     _FLAG_IRX_FAULT
0000c01e     300 (0000c000)     _theta
0000c020     300 (0000c000)     _Itx_phase
0000c022     300 (0000c000)     _Itx_de
0000c024     300 (0000c000)     _Itx_qs
0000c026     300 (0000c000)     _Itx_qe
0000c028     300 (0000c000)     _Itx_qe_2
0000c02a     300 (0000c000)     _Itx_qe_sum
0000c02c     300 (0000c000)     _Itx_de_2
0000c02e     300 (0000c000)     _Itx_de_1
0000c030     300 (0000c000)     _Itx_qe_avg
0000c032     300 (0000c000)     _Itx_qe_1
0000c034     300 (0000c000)     _Itx_de_avg
0000c036     300 (0000c000)     _Itx_de_sum
0000c038     300 (0000c000)     _Scale_Irx
0000c03a     300 (0000c000)     _Scale_Itx
0000c03c     300 (0000c000)     _Scale_Vdc_rx
0000c03e     300 (0000c000)     _Scale_Vdc_tx

0000c040     301 (0000c040)     _Kp_cc
0000c042     301 (0000c040)     _Ki_cc
0000c044     301 (0000c040)     _Vtx_duty
0000c046     301 (0000c040)     _w_cc
0000c048     301 (0000c040)     _Rtx
0000c04a     301 (0000c040)     _Idc_tx
0000c04c     301 (0000c040)     _Ka_cc
0000c04e     301 (0000c040)     _Ltx
0000c050     301 (0000c040)     _Itx_mag
0000c052     301 (0000c040)     _Itx_mag_flt
0000c054     301 (0000c040)     _Itx_mag_cmd
0000c056     301 (0000c040)     _Itx_mag_cmd_flt
0000c058     301 (0000c040)     _Vtx_cmd
0000c05a     301 (0000c040)     _Vtx_cmd_sat
0000c05c     301 (0000c040)     _Itx_mag_err
0000c05e     301 (0000c040)     _Vtx_cmd_integ
0000c060     301 (0000c040)     _Itx_phase_flt
0000c062     301 (0000c040)     _Itx_Cmd_Flt_Cutoff_Freq
0000c064     301 (0000c040)     _Itx_Phase_Flt_Cutoff_Freq
0000c066     301 (0000c040)     _Vdc_tx_Flt_Cutoff_Freq
0000c068     301 (0000c040)     _Itx_mag_Flt_Cutoff_Freq
0000c06a     301 (0000c040)     _Vdc_rx_Flt_Cutoff_Freq
0000c06c     301 (0000c040)     _IL_REF_FLT_CUT_FREQ
0000c06e     301 (0000c040)     _adc_cnt
0000c070     301 (0000c040)     _cc_cnt
0000c072     301 (0000c040)     _HRPWM_TBPRD
0000c074     301 (0000c040)     _Tsamp
0000c076     301 (0000c040)     _fsw
0000c078     301 (0000c040)     _temp
0000c07a     301 (0000c040)     _Itx
0000c07c     301 (0000c040)     _Vdc_rx_flt
0000c07e     301 (0000c040)     _Itx_1

0000c080     302 (0000c080)     _Irx
0000c082     302 (0000c080)     _Itx_2
0000c084     302 (0000c080)     _Itx_ds
0000c086     302 (0000c080)     _IL_FAULT_LEVEL
0000c088     302 (0000c080)     _Vdc_tx
0000c08a     302 (0000c080)     _VDC_FAULT_LEVEL
0000c08c     302 (0000c080)     _Vdc_tx_flt
0000c08e     302 (0000c080)     _IDC_FAULT_LEVEL
0000c090     302 (0000c080)     _Vdc_rx
0000c092     302 (0000c080)     _DAC_PTR
0000c09a     302 (0000c080)     _HPF1
0000c0a6     302 (0000c080)     _HPF2

0000c0c0     303 (0000c0c0)     _BPF
0000c0d8     303 (0000c0c0)     _NF

0000c100     304 (0000c100)     _LPF1

0000c180     306 (0000c180)     _LPF2

0000c1d8     307 (0000c1c0)     _CpuTimer1
0000c1e0     307 (0000c1c0)     _CpuTimer2
0000c1e8     307 (0000c1c0)     _CpuTimer0
0000c1f0     307 (0000c1c0)     _tempSensor_tempOffset
0000c1f2     307 (0000c1c0)     _tempSensor_scaleFactor
0000c1f4     307 (0000c1c0)     _tempSensor_tempSlope
0000c1f6     307 (0000c1c0)     ___TI_enable_exit_profile_output
0000c1f8     307 (0000c1c0)     ___TI_cleanup_ptr
0000c1fa     307 (0000c1c0)     ___TI_dtors_ptr
0000c1fc     307 (0000c1c0)     _EPwm2_DB_Direction
0000c1fd     307 (0000c1c0)     _EPwm1_DB_Direction
0000c1fe     307 (0000c1c0)     _EPwm3_DB_Direction
0000c1ff     307 (0000c1c0)     _deviceOpen

0000c200     308 (0000c200)     _MCBSP
0000c204     308 (0000c200)     _I2C
0000c208     308 (0000c200)     _SCI
0000c20c     308 (0000c200)     _SDFM
0000c212     308 (0000c200)     _EQEP
0000c21a     308 (0000c200)     _SPI
0000c222     308 (0000c200)     _ECAP

0000c240     309 (0000c240)     _EPWM
0000c25a     309 (0000c240)     _da2_type
0000c25b     309 (0000c240)     _da3_type
0000c25c     309 (0000c240)     _da1_type
0000c25d     309 (0000c240)     _da2
0000c25e     309 (0000c240)     _da3
0000c25f     309 (0000c240)     _da1
0000c260     309 (0000c240)     _da2_mid
0000c262     309 (0000c240)     _da2_val
0000c264     309 (0000c240)     _da3_val
0000c266     309 (0000c240)     _da3_rng
0000c268     309 (0000c240)     _da1_val
0000c26a     309 (0000c240)     _da1_rng
0000c26c     309 (0000c240)     _da2_rng
0000c26e     309 (0000c240)     _da1_mid
0000c270     309 (0000c240)     _da3_mid
0000c272     309 (0000c240)     _cla_cnt
0000c273     309 (0000c240)     _MEP_ScaleFactor
0000c274     309 (0000c240)     _status
0000c276     309 (0000c240)     __lock
0000c278     309 (0000c240)     __unlock

0000c280     30a (0000c280)     _ezDSP_nEndPos
0000c281     30a (0000c280)     _ezDSP_nMaxBuffSize
0000c282     30a (0000c280)     _ezDSP_nStartPos
0000c283     30a (0000c280)     _ezDSP_ringBuffer

0000c2c0     30b (0000c2c0)     _ezDSP_uWrongISRCount
0000c2c1     30b (0000c2c0)     _ezDSP_ucRx
0000c2c2     30b (0000c2c0)     _ezDSP_uPECount
0000c2c3     30b (0000c2c0)     _ezDSP_uBRKDTCount
0000c2c4     30b (0000c2c0)     _ezDSP_uOECount
0000c2c5     30b (0000c2c0)     _ezDSP_uAddrRdCnt
0000c2c6     30b (0000c2c0)     _ezDSP_uDataRdCnt
0000c2c7     30b (0000c2c0)     _ezDSP_uChksum
0000c2c8     30b (0000c2c0)     _ezDSP_uState
0000c2c9     30b (0000c2c0)     _ezDSP_uData
0000c2ca     30b (0000c2c0)     _ezDSP_uFECount
0000c2cb     30b (0000c2c0)     _ezDSP_Version_SCI
0000c2cc     30b (0000c2c0)     _ezDSP_uRead8BPossible
0000c2cd     30b (0000c2c0)     _ezDSP_uRead16BPossible
0000c2ce     30b (0000c2c0)     _ezDSP_ulData
0000c2d0     30b (0000c2c0)     _ezDSP_ulAddr
0000c2d2     30b (0000c2c0)     _ezDSP_fFloat
0000c2d4     30b (0000c2c0)     _ezDSP_ullData

00047000    11c0 (00047000)     _Emif1Regs

00047800    11e0 (00047800)     _Emif2Regs

00050024    1400 (00050000)     _FlashPumpSemaphoreRegs

0005d000    1740 (0005d000)     _DevCfgRegs

0005d180    1746 (0005d180)     _AnalogSubsysRegs

0005d200    1748 (0005d200)     _ClkCfgRegs

0005d300    174c (0005d300)     _CpuSysRegs

0005e608    1798 (0005e600)     _RomPrefetchRegs

0005f000    17c0 (0005f000)     _DcsmZ1Regs

0005f040    17c1 (0005f040)     _DcsmZ2Regs
0005f070    17c1 (0005f040)     _DcsmCommonRegs

0005f400    17d0 (0005f400)     _MemCfgRegs

0005f480    17d2 (0005f480)     _Emif1ConfigRegs
0005f4a0    17d2 (0005f480)     _Emif2ConfigRegs

0005f4c0    17d3 (0005f4c0)     _AccessProtectionRegs

0005f500    17d4 (0005f500)     _MemoryErrorRegs

0005f540    17d5 (0005f540)     _RomWaitStateRegs

0005f800    17e0 (0005f800)     _Flash0CtrlRegs

0005fb00    17ec (0005fb00)     _Flash0EccRegs

0005fc00    17f0 (0005fc00)     _Flash1CtrlRegs

0005ff00    17fc (0005ff00)     _Flash1EccRegs

00078000    1e00 (00078000)     _DcsmZ1Otp

00078200    1e08 (00078200)     _DcsmZ2Otp


GLOBAL SYMBOLS: SORTED ALPHABETICALLY BY Name 

page  address   name                                  
----  -------   ----                                  
abs   ffffffff  .text                                 
0     0000a9cc  C$$EXIT                               
abs   00000100  CLA_SCRATCHPAD_SIZE                   
0     0000a81a  FS$$DIV                               
0     0000aa94  LL$$AND                               
0     0000aa43  LL$$CMP                               
0     0000aa9c  LL$$OR                                
0     0000aaa4  LL$$XOR                               
0     0000aa55  ULL$$CMP                              
0     0000b0be  _ADCA1_ISR                            
0     0000b33e  _ADCA2_ISR                            
0     0000b348  _ADCA3_ISR                            
0     0000b352  _ADCA4_ISR                            
0     0000b334  _ADCA_EVT_ISR                         
0     0000b0c8  _ADCB1_ISR                            
0     0000b366  _ADCB2_ISR                            
0     0000b370  _ADCB3_ISR                            
0     0000b37a  _ADCB4_ISR                            
0     0000b35c  _ADCB_EVT_ISR                         
0     0000b0d2  _ADCC1_ISR                            
0     0000b4ce  _ADCC2_ISR                            
0     0000b4d8  _ADCC3_ISR                            
0     0000b4e2  _ADCC4_ISR                            
0     0000b4c4  _ADCC_EVT_ISR                         
0     0000b0f0  _ADCD1_ISR                            
0     0000b4f6  _ADCD2_ISR                            
0     0000b500  _ADCD3_ISR                            
0     0000b50a  _ADCD4_ISR                            
0     0000b4ec  _ADCD_EVT_ISR                         
1     0000c01b  _AIN11                                
1     0000c018  _AIN12                                
1     0000c019  _AIN13                                
1     0000c006  _AIN14                                
1     0000c005  _AIN21                                
1     0000c008  _AIN22                                
1     0000c007  _AIN23                                
1     0000c00f  _AIN24                                
0     0000b546  _AUX_PLL_SLIP_ISR                     
1     0005f4c0  _AccessProtectionRegs                 
0     0000a779  _AdcSetMode                           
1     00007400  _AdcaRegs                             
1     00000b00  _AdcaResultRegs                       
1     00007480  _AdcbRegs                             
1     00000b20  _AdcbResultRegs                       
1     00007500  _AdccRegs                             
1     00000b40  _AdccResultRegs                       
1     00007580  _AdcdRegs                             
1     00000b60  _AdcdResultRegs                       
1     000083c3  _AddRing                              
1     0005d180  _AnalogSubsysRegs                     
0     0000a2f6  _AuxAuxClkSel                         
0     0000a2e0  _AuxIntOsc2Sel                        
0     0000a2ea  _AuxXtalOscSel                        
1     0000c0c0  _BPF                                  
0     0000b30c  _CANA0_ISR                            
0     0000b316  _CANA1_ISR                            
0     0000b320  _CANB0_ISR                            
0     0000b32a  _CANB1_ISR                            
0     0000b384  _CLA1_1_ISR                           
0     0000b38e  _CLA1_2_ISR                           
0     0000b398  _CLA1_3_ISR                           
0     0000b3a2  _CLA1_4_ISR                           
0     0000b3ac  _CLA1_5_ISR                           
0     0000b3b6  _CLA1_6_ISR                           
0     0000b3c0  _CLA1_7_ISR                           
0     0000b3ca  _CLA1_8_ISR                           
0     0000b550  _CLA_OVERFLOW_ISR                     
0     0000b55a  _CLA_UNDERFLOW_ISR                    
1     00001400  _Cla1Regs                             
0     00000ce0  _Cla1SoftIntRegs                      
0     0000ac00  _Cla1Task1                            
0     0000ac7c  _Cla1Task2                            
0     0000ac7e  _Cla1Task3                            
0     0000ac80  _Cla1Task4                            
0     0000ac82  _Cla1Task5                            
0     0000ac84  _Cla1Task6                            
0     0000ac86  _Cla1Task7                            
0     0000ac48  _Cla1Task8                            
1     0005d200  _ClkCfgRegs                           
1     00005c80  _Cmpss1Regs                           
1     00005ca0  _Cmpss2Regs                           
1     00005cc0  _Cmpss3Regs                           
1     00005ce0  _Cmpss4Regs                           
1     00005d00  _Cmpss5Regs                           
1     00005d20  _Cmpss6Regs                           
1     00005d40  _Cmpss7Regs                           
1     00005d60  _Cmpss8Regs                           
0     0000a8e3  _ConfigCpuTimer                       
0     0000a6cd  _ConfigureADC                         
0     0000a4a6  _ConfigureEPWM1                       
0     0000a51f  _ConfigureEPWM2                       
0     0000a586  _ConfigureEPWM3                       
0     0000bbf0  _Configure_HW_Fault_Pin               
0     0000a953  _Configure_HW_PROT_GPIO               
0     0000a91e  _Configure_LED_GPIO                   
0     0000a933  _Configure_PWM_EN_GPIO                
1     0005d300  _CpuSysRegs                           
1     0000c1e8  _CpuTimer0                            
1     00000c00  _CpuTimer0Regs                        
1     0000c1d8  _CpuTimer1                            
1     00000c08  _CpuTimer1Regs                        
1     0000c1e0  _CpuTimer2                            
1     00000c10  _CpuTimer2Regs                        
0     0000a29f  _CsmUnlock                            
1     0000c092  _DAC_PTR                              
0     0000b014  _DATALOG_ISR                          
0     0000b258  _DMA_CH1_ISR                          
0     0000b262  _DMA_CH2_ISR                          
0     0000b26c  _DMA_CH3_ISR                          
0     0000b276  _DMA_CH4_ISR                          
0     0000b280  _DMA_CH5_ISR                          
0     0000b28a  _DMA_CH6_ISR                          
1     00005c00  _DacaRegs                             
1     00005c10  _DacbRegs                             
1     00005c20  _DaccRegs                             
1     0005f070  _DcsmCommonRegs                       
1     00078000  _DcsmZ1Otp                            
1     0005f000  _DcsmZ1Regs                           
1     00078200  _DcsmZ2Otp                            
1     0005f040  _DcsmZ2Regs                           
1     0005d000  _DevCfgRegs                           
0     0000a103  _DisableDog                           
0     0000a0b5  _DisablePeripheralClocks              
1     00007980  _DmaClaSrcSelRegs                     
1     00001000  _DmaRegs                              
1     0000c222  _ECAP                                 
0     0000b1ae  _ECAP1_ISR                            
0     0000b1b8  _ECAP2_ISR                            
0     0000b1c2  _ECAP3_ISR                            
0     0000b1cc  _ECAP4_ISR                            
0     0000b1d6  _ECAP5_ISR                            
0     0000b1e0  _ECAP6_ISR                            
1     00005000  _ECap1Regs                            
1     00005020  _ECap2Regs                            
1     00005040  _ECap3Regs                            
1     00005060  _ECap4Regs                            
1     00005080  _ECap5Regs                            
1     000050a0  _ECap6Regs                            
0     0000b514  _EMIF_ERROR_ISR                       
0     0000b56e  _EMPTY_ISR                            
0     0000b028  _EMU_ISR                              
1     0000c240  _EPWM                                 
0     0000b46a  _EPWM10_ISR                           
0     0000b442  _EPWM10_TZ_ISR                        
0     0000b474  _EPWM11_ISR                           
0     0000b44c  _EPWM11_TZ_ISR                        
0     0000b47e  _EPWM12_ISR                           
0     0000b456  _EPWM12_TZ_ISR                        
1     0000c010  _EPWM1_DB                             
0     0000b15e  _EPWM1_ISR                            
1     0000c000  _EPWM1_TBPRD                          
1     0000c011  _EPWM1_TBPRDHR                        
0     0000b10e  _EPWM1_TZ_ISR                         
1     0000c012  _EPWM2_DB                             
0     0000b168  _EPWM2_ISR                            
1     0000c00e  _EPWM2_TBPHS                          
1     0000c002  _EPWM2_TBPRD                          
0     0000b118  _EPWM2_TZ_ISR                         
1     0000c00a  _EPWM3_DB                             
0     0000b172  _EPWM3_ISR                            
0     0000b122  _EPWM3_TZ_ISR                         
1     0000c009  _EPWM4_DB                             
0     0000b17c  _EPWM4_ISR                            
0     0000b12c  _EPWM4_TZ_ISR                         
1     0000c00c  _EPWM5_DB                             
0     0000b186  _EPWM5_ISR                            
0     0000b136  _EPWM5_TZ_ISR                         
1     0000c00b  _EPWM6_DB                             
0     0000b190  _EPWM6_ISR                            
0     0000b140  _EPWM6_TZ_ISR                         
1     0000c00d  _EPWM7_DB                             
0     0000b19a  _EPWM7_ISR                            
1     0000c004  _EPWM7_TBPRD                          
0     0000b14a  _EPWM7_TZ_ISR                         
0     0000b1a4  _EPWM8_ISR                            
0     0000b154  _EPWM8_TZ_ISR                         
0     0000b460  _EPWM9_ISR                            
0     0000b438  _EPWM9_TZ_ISR                         
1     00004900  _EPwm10Regs                           
1     00004a00  _EPwm11Regs                           
1     00004b00  _EPwm12Regs                           
1     00004000  _EPwm1Regs                            
1     0000c1fd  _EPwm1_DB_Direction                   
1     00004100  _EPwm2Regs                            
1     0000c1fc  _EPwm2_DB_Direction                   
1     00004200  _EPwm3Regs                            
1     0000c1fe  _EPwm3_DB_Direction                   
1     00004300  _EPwm4Regs                            
1     00004400  _EPwm5Regs                            
1     00004500  _EPwm6Regs                            
1     00004600  _EPwm7Regs                            
1     00004700  _EPwm8Regs                            
1     00004800  _EPwm9Regs                            
1     00007a00  _EPwmXbarRegs                         
1     0000c212  _EQEP                                 
0     0000b1ea  _EQEP1_ISR                            
0     0000b1f4  _EQEP2_ISR                            
0     0000b1fe  _EQEP3_ISR                            
1     00005100  _EQep1Regs                            
1     00005140  _EQep2Regs                            
1     00005180  _EQep3Regs                            
1     0005f480  _Emif1ConfigRegs                      
1     00047000  _Emif1Regs                            
1     0005f4a0  _Emif2ConfigRegs                      
1     00047800  _Emif2Regs                            
1     00000d01  _EmuBMode                             
1     00000d00  _EmuKey                               
0     0000aa14  _EnableInterrupts                     
1     000083ef  _ExtractRing                          
0     000003e2  _F28x_usDelay                         
1     0000c015  _FLAG_HW_FAULT                        
1     0000c01c  _FLAG_IRX_FAULT                       
1     0000c013  _FLAG_ITX_FAULT                       
1     0000c001  _FLAG_PWM_ENABLE                      
1     0000c01a  _FLAG_STARTUP                         
1     0000c017  _FLAG_SW_FAULT                        
1     0000c014  _FLAG_VDC_RX_FAULT                    
1     0000c016  _FLAG_VDC_TX_FAULT                    
0     0000b528  _FLASH_CORRECTABLE_ERROR_ISR          
0     0000b3fc  _FPU_OVERFLOW_ISR                     
0     0000b406  _FPU_UNDERFLOW_ISR                    
1     0005f800  _Flash0CtrlRegs                       
1     0005fb00  _Flash0EccRegs                        
1     0005fc00  _Flash1CtrlRegs                       
1     0005ff00  _Flash1EccRegs                        
1     00050024  _FlashPumpSemaphoreRegs               
0     0000b755  _GPIO_EnableUnbondedIOPullups         
0     0000b730  _GPIO_EnableUnbondedIOPullupsFor100Pin
0     0000b717  _GPIO_EnableUnbondedIOPullupsFor176Pin
0     0000b76b  _GPIO_ReadPin                         
0     0000b5c5  _GPIO_SetupPinMux                     
0     0000b651  _GPIO_SetupPinOptions                 
0     0000b6e5  _GPIO_SetupXINT1Gpio                  
0     0000b6ef  _GPIO_SetupXINT2Gpio                  
0     0000b6f9  _GPIO_SetupXINT3Gpio                  
0     0000b703  _GPIO_SetupXINT4Gpio                  
0     0000b70d  _GPIO_SetupXINT5Gpio                  
0     0000b782  _GPIO_WritePin                        
1     00007c00  _GpioCtrlRegs                         
1     00007f00  _GpioDataRegs                         
0     0000a314  _HALT                                 
0     0000a325  _HIB                                  
1     0000c09a  _HPF1                                 
1     0000c0a6  _HPF2                                 
1     0000c072  _HRPWM_TBPRD                          
1     0000c204  _I2C                                  
0     0000b29e  _I2CA_FIFO_ISR                        
0     0000b294  _I2CA_ISR                             
0     0000b2b2  _I2CB_FIFO_ISR                        
0     0000b2a8  _I2CB_ISR                             
1     00007300  _I2caRegs                             
1     00007340  _I2cbRegs                             
1     0000c08e  _IDC_FAULT_LEVEL                      
0     0000a300  _IDLE                                 
0     0000b03c  _ILLEGAL_ISR                          
1     0000c086  _IL_FAULT_LEVEL                       
1     0000c06c  _IL_REF_FLT_CUT_FREQ                  
0     0000b410  _IPC0_ISR                             
0     0000b41a  _IPC1_ISR                             
0     0000b424  _IPC2_ISR                             
0     0000b42e  _IPC3_ISR                             
1     0000c04a  _Idc_tx                               
0     0000a1d7  _InitAuxPll                           
0     0000a8a2  _InitCpuTimers                        
0     0000bfc2  _InitEPwm1Gpio                        
0     0000bfd4  _InitEPwm2Gpio                        
0     0000bfe6  _InitEPwm3Gpio                        
0     0000bfbb  _InitEPwmGpio                         
0     0000b585  _InitGpio                             
0     0000a031  _InitPeripheralClocks                 
0     0000a9f5  _InitPieCtrl                          
0     0000aa1d  _InitPieVectTable                     
0     0000a000  _InitSysCtrl                          
0     0000a111  _InitSysPll                           
1     00007900  _InputXbarRegs                        
1     0000c080  _Irx                                  
1     00008403  _IsRingEmpty                          
1     0000c07a  _Itx                                  
1     0000c07e  _Itx_1                                
1     0000c082  _Itx_2                                
1     0000c062  _Itx_Cmd_Flt_Cutoff_Freq              
1     0000c064  _Itx_Phase_Flt_Cutoff_Freq            
1     0000c022  _Itx_de                               
1     0000c02e  _Itx_de_1                             
1     0000c02c  _Itx_de_2                             
1     0000c034  _Itx_de_avg                           
1     0000c036  _Itx_de_sum                           
1     0000c084  _Itx_ds                               
1     0000c050  _Itx_mag                              
1     0000c068  _Itx_mag_Flt_Cutoff_Freq              
1     0000c054  _Itx_mag_cmd                          
1     0000c056  _Itx_mag_cmd_flt                      
1     0000c05c  _Itx_mag_err                          
1     0000c052  _Itx_mag_flt                          
1     0000c020  _Itx_phase                            
1     0000c060  _Itx_phase_flt                        
1     0000c026  _Itx_qe                               
1     0000c032  _Itx_qe_1                             
1     0000c028  _Itx_qe_2                             
1     0000c030  _Itx_qe_avg                           
1     0000c02a  _Itx_qe_sum                           
1     0000c024  _Itx_qs                               
1     0000c04c  _Ka_cc                                
1     0000c042  _Ki_cc                                
1     0000c040  _Kp_cc                                
1     0000c100  _LPF1                                 
1     0000c180  _LPF2                                 
1     0000c04e  _Ltx                                  
1     0000c200  _MCBSP                                
0     0000b230  _MCBSPA_RX_ISR                        
0     0000b23a  _MCBSPA_TX_ISR                        
0     0000b244  _MCBSPB_RX_ISR                        
0     0000b24e  _MCBSPB_TX_ISR                        
1     0000c273  _MEP_ScaleFactor                      
1     00006000  _McbspaRegs                           
1     00006040  _McbspbRegs                           
1     0005f400  _MemCfgRegs                           
1     0005f500  _MemoryErrorRegs                      
1     0000c0d8  _NF                                   
0     0000b032  _NMI_ISR                              
0     0000b57b  _NOTUSED_ISR                          
1     00007060  _NmiIntruptRegs                       
1     00007a80  _OutputXbarRegs                       
0     0000b564  _PIE_RESERVED_ISR                     
1     00000ce0  _PieCtrlRegs                          
1     00000d00  _PieVectTable                         
1     00009800  _PieVectTableInit                     
0     0000b532  _RAM_ACCESS_VIOLATION_ISR             
0     0000b51e  _RAM_CORRECTABLE_ERROR_ISR            
0     0000b01e  _RTOS_ISR                             
0     0000a0eb  _ReleaseFlashPump                     
1     0005e608  _RomPrefetchRegs                      
1     0005f540  _RomWaitStateRegs                     
1     0000c048  _Rtx                                  
1     0000c208  _SCI                                  
0     0000b2e4  _SCIA_RX_ISR                          
0     0000b2ee  _SCIA_TX_ISR                          
0     0000b2f8  _SCIB_RX_ISR                          
0     0000b302  _SCIB_TX_ISR                          
0     0000b2bc  _SCIC_RX_ISR                          
0     0000b2c6  _SCIC_TX_ISR                          
0     0000b2d0  _SCID_RX_ISR                          
0     0000b2da  _SCID_TX_ISR                          
0     0000b488  _SD1_ISR                              
0     0000b492  _SD2_ISR                              
1     0000c20c  _SDFM                                 
1     0000c21a  _SPI                                  
0     0000b208  _SPIA_RX_ISR                          
0     0000b212  _SPIA_TX_ISR                          
0     0000b21c  _SPIB_RX_ISR                          
0     0000b226  _SPIB_TX_ISR                          
0     0000b49c  _SPIC_RX_ISR                          
0     0000b4a6  _SPIC_TX_ISR                          
0     0000a309  _STANDBY                              
0     0000b53c  _SYS_PLL_SLIP_ISR                     
1     0000c038  _Scale_Irx                            
1     0000c03a  _Scale_Itx                            
1     0000c03c  _Scale_Vdc_rx                         
1     0000c03e  _Scale_Vdc_tx                         
1     00007200  _SciaRegs                             
1     00007210  _ScibRegs                             
1     00007220  _ScicRegs                             
1     00007230  _ScidRegs                             
1     00005e00  _Sdfm1Regs                            
1     00005e80  _Sdfm2Regs                            
0     0000a0cd  _SeizeFlashPump_Bank0                 
0     0000a0dc  _SeizeFlashPump_Bank1                 
0     0000a0f5  _ServiceDog                           
0     0000bffa  _SetDBGIER                            
1     00006100  _SpiaRegs                             
1     00006110  _SpibRegs                             
1     00006120  _SpicRegs                             
1     00007940  _SyncSocRegs                          
0     0000a2c0  _SysIntOsc1Sel                        
0     0000a2ca  _SysIntOsc2Sel                        
0     0000a2d4  _SysXtalOscSel                        
0     0000b0fa  _TIMER0_ISR                           
0     0000b000  _TIMER1_ISR                           
0     0000b00a  _TIMER2_ISR                           
1     0000c003  _TWO_EPWM1_TBPRD                      
1     0000c074  _Tsamp                                
0     0000b4b0  _UPPA_ISR                             
0     0000b4ba  _USBA_ISR                             
0     0000b0a0  _USER10_ISR                           
0     0000b0aa  _USER11_ISR                           
0     0000b0b4  _USER12_ISR                           
0     0000b046  _USER1_ISR                            
0     0000b050  _USER2_ISR                            
0     0000b05a  _USER3_ISR                            
0     0000b064  _USER4_ISR                            
0     0000b06e  _USER5_ISR                            
0     0000b078  _USER6_ISR                            
0     0000b082  _USER7_ISR                            
0     0000b08c  _USER8_ISR                            
0     0000b096  _USER9_ISR                            
1     00006200  _UppRegs                              
0     0000b3f2  _VCU_ISR                              
1     0000c08a  _VDC_FAULT_LEVEL                      
1     0000c090  _Vdc_rx                               
1     0000c06a  _Vdc_rx_Flt_Cutoff_Freq               
1     0000c07c  _Vdc_rx_flt                           
1     0000c088  _Vdc_tx                               
1     0000c066  _Vdc_tx_Flt_Cutoff_Freq               
1     0000c08c  _Vdc_tx_flt                           
1     0000c058  _Vtx_cmd                              
1     0000c05e  _Vtx_cmd_integ                        
1     0000c05a  _Vtx_cmd_sat                          
1     0000c044  _Vtx_duty                             
0     0000b104  _WAKE_ISR                             
1     00007000  _WdRegs                               
0     0000b0dc  _XINT1_ISR                            
0     0000b0e6  _XINT2_ISR                            
0     0000b3d4  _XINT3_ISR                            
0     0000b3de  _XINT4_ISR                            
0     0000b3e8  _XINT5_ISR                            
1     00007920  _XbarRegs                             
1     00007070  _XintRegs                             
1     00000500  __STACK_END                           
abs   00000100  __STACK_SIZE                          
1     0000c1f8  ___TI_cleanup_ptr                     
1     0000c1fa  ___TI_dtors_ptr                       
1     0000c1f6  ___TI_enable_exit_profile_output      
abs   ffffffff  ___TI_pprof_out_hndl                  
abs   ffffffff  ___TI_prof_data_size                  
abs   ffffffff  ___TI_prof_data_start                 
abs   ffffffff  ___binit__                            
abs   ffffffff  ___c_args__                           
0     00000122  ___cinit__                            
abs   ffffffff  ___etext__                            
abs   ffffffff  ___pinit__                            
abs   ffffffff  ___text__                             
0     0000aa7b  __args_main                           
1     0000c276  __lock                                
0     0000b7fe  __nop                                 
0     0000b7fa  __register_lock                       
0     0000b7f6  __register_unlock                     
1     00000400  __stack                               
0     0000b7ff  __system_post_cinit                   
0     0000bffd  __system_pre_init                     
1     0000c278  __unlock                              
0     0000a9cc  _abort                                
1     0000c06e  _adc_cnt                              
0     0000b7a0  _c_int00                              
1     0000c070  _cc_cnt                               
0     0000bc19  _cla1Isr1                             
0     0000bc2d  _cla1Isr8                             
0     0000b897  _cla_Init                             
1     0000c272  _cla_cnt                              
1     00001480  _cla_task1_cnt                        
0     0000a986  _copy_in                              
0     0000bc6b  _cpu_timer0_isr                       
0     0000a5ef  _current_controller                   
1     0000c25f  _da1                                  
1     0000c26e  _da1_mid                              
1     0000c26a  _da1_rng                              
1     0000c25c  _da1_type                             
1     0000c268  _da1_val                              
1     0000c25d  _da2                                  
1     0000c260  _da2_mid                              
1     0000c26c  _da2_rng                              
1     0000c25a  _da2_type                             
1     0000c262  _da2_val                              
1     0000c25e  _da3                                  
1     0000c270  _da3_mid                              
1     0000c266  _da3_rng                              
1     0000c25b  _da3_type                             
1     0000c264  _da3_val                              
0     0000aa61  _ddcopy                               
1     0000c1ff  _deviceOpen                           
0     0000aa61  _dpcopy                               
1     00008000  _easy_RXINT_ISR                       
1     0000837e  _easy_TXINT_ISR                       
0     0000bc16  _error                                
0     0000a9ce  _exit                                 
1     0000c2cb  _ezDSP_Version_SCI                    
1     0000c2d2  _ezDSP_fFloat                         
1     0000c280  _ezDSP_nEndPos                        
1     0000c281  _ezDSP_nMaxBuffSize                   
1     0000c282  _ezDSP_nStartPos                      
1     0000c283  _ezDSP_ringBuffer                     
1     0000c2c5  _ezDSP_uAddrRdCnt                     
1     0000c2c3  _ezDSP_uBRKDTCount                    
1     0000c2c7  _ezDSP_uChksum                        
1     0000c2c9  _ezDSP_uData                          
1     0000c2c6  _ezDSP_uDataRdCnt                     
1     0000c2ca  _ezDSP_uFECount                       
1     0000c2c4  _ezDSP_uOECount                       
1     0000c2c2  _ezDSP_uPECount                       
1     0000c2cd  _ezDSP_uRead16BPossible               
1     0000c2cc  _ezDSP_uRead8BPossible                
1     0000c2c8  _ezDSP_uState                         
1     0000c2c0  _ezDSP_uWrongISRCount                 
1     0000c2c1  _ezDSP_ucRx                           
1     0000c2d0  _ezDSP_ulAddr                         
1     0000c2ce  _ezDSP_ulData                         
1     0000c2d4  _ezDSP_ullData                        
1     0000c076  _fsw                                  
0     0000a339  _hw_fault1                            
0     0000a382  _hw_fault2                            
0     0000a3cb  _hw_fault3                            
0     0000a414  _hw_fault4                            
0     0000a45d  _hw_fault5                            
0     0000b8fb  _init_param                           
0     0000b800  _main                                 
0     0000aa61  _pdcopy                               
0     0000aa61  _ppcopy                               
1     0000c274  _status                               
1     0000c078  _temp                                 
1     0000c1f2  _tempSensor_scaleFactor               
1     0000c1f0  _tempSensor_tempOffset                
1     0000c1f4  _tempSensor_tempSlope                 
1     0000c01e  _theta                                
0     0000bb49  _update_param                         
1     0000c046  _w_cc                                 
abs   ffffffff  binit                                 
0     00000122  cinit                                 
0     00000000  code_start                            
abs   ffffffff  etext                                 
abs   ffffffff  pinit                                 


GLOBAL SYMBOLS: SORTED BY Symbol Address 

page  address   name                                  
----  -------   ----                                  
0     00000000  code_start                            
0     00000122  ___cinit__                            
0     00000122  cinit                                 
0     000003e2  _F28x_usDelay                         
0     00000ce0  _Cla1SoftIntRegs                      
0     0000a000  _InitSysCtrl                          
0     0000a031  _InitPeripheralClocks                 
0     0000a0b5  _DisablePeripheralClocks              
0     0000a0cd  _SeizeFlashPump_Bank0                 
0     0000a0dc  _SeizeFlashPump_Bank1                 
0     0000a0eb  _ReleaseFlashPump                     
0     0000a0f5  _ServiceDog                           
0     0000a103  _DisableDog                           
0     0000a111  _InitSysPll                           
0     0000a1d7  _InitAuxPll                           
0     0000a29f  _CsmUnlock                            
0     0000a2c0  _SysIntOsc1Sel                        
0     0000a2ca  _SysIntOsc2Sel                        
0     0000a2d4  _SysXtalOscSel                        
0     0000a2e0  _AuxIntOsc2Sel                        
0     0000a2ea  _AuxXtalOscSel                        
0     0000a2f6  _AuxAuxClkSel                         
0     0000a300  _IDLE                                 
0     0000a309  _STANDBY                              
0     0000a314  _HALT                                 
0     0000a325  _HIB                                  
0     0000a339  _hw_fault1                            
0     0000a382  _hw_fault2                            
0     0000a3cb  _hw_fault3                            
0     0000a414  _hw_fault4                            
0     0000a45d  _hw_fault5                            
0     0000a4a6  _ConfigureEPWM1                       
0     0000a51f  _ConfigureEPWM2                       
0     0000a586  _ConfigureEPWM3                       
0     0000a5ef  _current_controller                   
0     0000a6cd  _ConfigureADC                         
0     0000a779  _AdcSetMode                           
0     0000a81a  FS$$DIV                               
0     0000a8a2  _InitCpuTimers                        
0     0000a8e3  _ConfigCpuTimer                       
0     0000a91e  _Configure_LED_GPIO                   
0     0000a933  _Configure_PWM_EN_GPIO                
0     0000a953  _Configure_HW_PROT_GPIO               
0     0000a986  _copy_in                              
0     0000a9cc  C$$EXIT                               
0     0000a9cc  _abort                                
0     0000a9ce  _exit                                 
0     0000a9f5  _InitPieCtrl                          
0     0000aa14  _EnableInterrupts                     
0     0000aa1d  _InitPieVectTable                     
0     0000aa43  LL$$CMP                               
0     0000aa55  ULL$$CMP                              
0     0000aa61  _ddcopy                               
0     0000aa61  _dpcopy                               
0     0000aa61  _pdcopy                               
0     0000aa61  _ppcopy                               
0     0000aa7b  __args_main                           
0     0000aa94  LL$$AND                               
0     0000aa9c  LL$$OR                                
0     0000aaa4  LL$$XOR                               
0     0000ac00  _Cla1Task1                            
0     0000ac48  _Cla1Task8                            
0     0000ac7c  _Cla1Task2                            
0     0000ac7e  _Cla1Task3                            
0     0000ac80  _Cla1Task4                            
0     0000ac82  _Cla1Task5                            
0     0000ac84  _Cla1Task6                            
0     0000ac86  _Cla1Task7                            
0     0000b000  _TIMER1_ISR                           
0     0000b00a  _TIMER2_ISR                           
0     0000b014  _DATALOG_ISR                          
0     0000b01e  _RTOS_ISR                             
0     0000b028  _EMU_ISR                              
0     0000b032  _NMI_ISR                              
0     0000b03c  _ILLEGAL_ISR                          
0     0000b046  _USER1_ISR                            
0     0000b050  _USER2_ISR                            
[...]
0     0000b370  _ADCB3_ISR                            
0     0000b37a  _ADCB4_ISR                            
0     0000b384  _CLA1_1_ISR                           
0     0000b38e  _CLA1_2_ISR                           
0     0000b398  _CLA1_3_ISR                           
0     0000b3a2  _CLA1_4_ISR                           
0     0000b3ac  _CLA1_5_ISR                           
0     0000b3b6  _CLA1_6_ISR                           
0     0000b3c0  _CLA1_7_ISR                           
0     0000b3ca  _CLA1_8_ISR                           
0     0000b3d4  _XINT3_ISR                            
0     0000b3de  _XINT4_ISR                            
0     0000b3e8  _XINT5_ISR                            
0     0000b3f2  _VCU_ISR                              
0     0000b3fc  _FPU_OVERFLOW_ISR                     
0     0000b406  _FPU_UNDERFLOW_ISR                    
0     0000b410  _IPC0_ISR                             
0     0000b41a  _IPC1_ISR                             
0     0000b424  _IPC2_ISR                             
0     0000b42e  _IPC3_ISR                             
0     0000b438  _EPWM9_TZ_ISR                         
0     0000b442  _EPWM10_TZ_ISR                        
0     0000b44c  _EPWM11_TZ_ISR                        
0     0000b456  _EPWM12_TZ_ISR                        
0     0000b460  _EPWM9_ISR                            
0     0000b46a  _EPWM10_ISR                           
0     0000b474  _EPWM11_ISR                           
0     0000b47e  _EPWM12_ISR                           
0     0000b488  _SD1_ISR                              
0     0000b492  _SD2_ISR                              
0     0000b49c  _SPIC_RX_ISR                          
0     0000b4a6  _SPIC_TX_ISR                          
0     0000b4b0  _UPPA_ISR                             
0     0000b4ba  _USBA_ISR                             
0     0000b4c4  _ADCC_EVT_ISR                         
0     0000b4ce  _ADCC2_ISR                            
0     0000b4d8  _ADCC3_ISR                            
0     0000b4e2  _ADCC4_ISR                            
0     0000b4ec  _ADCD_EVT_ISR                         
0     0000b4f6  _ADCD2_ISR                            
0     0000b500  _ADCD3_ISR                            
0     0000b50a  _ADCD4_ISR                            
0     0000b514  _EMIF_ERROR_ISR                       
0     0000b51e  _RAM_CORRECTABLE_ERROR_ISR            
0     0000b528  _FLASH_CORRECTABLE_ERROR_ISR          
0     0000b532  _RAM_ACCESS_VIOLATION_ISR             
0     0000b53c  _SYS_PLL_SLIP_ISR                     
0     0000b546  _AUX_PLL_SLIP_ISR                     
0     0000b550  _CLA_OVERFLOW_ISR                     
0     0000b55a  _CLA_UNDERFLOW_ISR                    
0     0000b564  _PIE_RESERVED_ISR                     
0     0000b56e  _EMPTY_ISR                            
0     0000b57b  _NOTUSED_ISR                          
0     0000b585  _InitGpio                             
0     0000b5c5  _GPIO_SetupPinMux                     
0     0000b651  _GPIO_SetupPinOptions                 
0     0000b6e5  _GPIO_SetupXINT1Gpio                  
0     0000b6ef  _GPIO_SetupXINT2Gpio                  
0     0000b6f9  _GPIO_SetupXINT3Gpio                  
0     0000b703  _GPIO_SetupXINT4Gpio                  
0     0000b70d  _GPIO_SetupXINT5Gpio                  
0     0000b717  _GPIO_EnableUnbondedIOPullupsFor176Pin
0     0000b730  _GPIO_EnableUnbondedIOPullupsFor100Pin
0     0000b755  _GPIO_EnableUnbondedIOPullups         
0     0000b76b  _GPIO_ReadPin                         
0     0000b782  _GPIO_WritePin                        
0     0000b7a0  _c_int00                              
0     0000b7f6  __register_unlock                     
0     0000b7fa  __register_lock                       
0     0000b7fe  __nop                                 
0     0000b7ff  __system_post_cinit                   
0     0000b800  _main                                 
0     0000b897  _cla_Init                             
0     0000b8fb  _init_param                           
0     0000bb49  _update_param                         
0     0000bbf0  _Configure_HW_Fault_Pin               
0     0000bc16  _error                                
0     0000bc19  _cla1Isr1                             
0     0000bc2d  _cla1Isr8                             
0     0000bc6b  _cpu_timer0_isr                       
0     0000bfbb  _InitEPwmGpio                         
0     0000bfc2  _InitEPwm1Gpio                        
0     0000bfd4  _InitEPwm2Gpio                        
0     0000bfe6  _InitEPwm3Gpio                        
0     0000bffa  _SetDBGIER                            
0     0000bffd  __system_pre_init                     
1     00000400  __stack                               
1     00000500  __STACK_END                           
1     00000b00  _AdcaResultRegs                       
1     00000b20  _AdcbResultRegs                       
1     00000b40  _AdccResultRegs                       
1     00000b60  _AdcdResultRegs                       
1     00000c00  _CpuTimer0Regs                        
1     00000c08  _CpuTimer1Regs                        
1     00000c10  _CpuTimer2Regs                        
1     00000ce0  _PieCtrlRegs                          
1     00000d00  _EmuKey                               
1     00000d00  _PieVectTable                         
1     00000d01  _EmuBMode                             
1     00001000  _DmaRegs                              
1     00001400  _Cla1Regs                             
1     00001480  _cla_task1_cnt                        
1     00004000  _EPwm1Regs                            
1     00004100  _EPwm2Regs                            
1     00004200  _EPwm3Regs                            
1     00004300  _EPwm4Regs                            
1     00004400  _EPwm5Regs                            
1     00004500  _EPwm6Regs                            
1     00004600  _EPwm7Regs                            
1     00004700  _EPwm8Regs                            
1     00004800  _EPwm9Regs                            
1     00004900  _EPwm10Regs                           
1     00004a00  _EPwm11Regs                           
1     00004b00  _EPwm12Regs                           
1     00005000  _ECap1Regs                            
1     00005020  _ECap2Regs                            
1     00005040  _ECap3Regs                            
1     00005060  _ECap4Regs                            
1     00005080  _ECap5Regs                            
1     000050a0  _ECap6Regs                            
1     00005100  _EQep1Regs                            
1     00005140  _EQep2Regs                            
1     00005180  _EQep3Regs                            
1     00005c00  _DacaRegs                             
1     00005c10  _DacbRegs                             
1     00005c20  _DaccRegs                             
1     00005c80  _Cmpss1Regs                           
1     00005ca0  _Cmpss2Regs                           
1     00005cc0  _Cmpss3Regs                           
1     00005ce0  _Cmpss4Regs                           
1     00005d00  _Cmpss5Regs                           
1     00005d20  _Cmpss6Regs                           
1     00005d40  _Cmpss7Regs                           
1     00005d60  _Cmpss8Regs                           
1     00005e00  _Sdfm1Regs                            
1     00005e80  _Sdfm2Regs                            
1     00006000  _McbspaRegs                           
1     00006040  _McbspbRegs                           
1     00006100  _SpiaRegs                             
1     00006110  _SpibRegs                             
1     00006120  _SpicRegs                             
1     00006200  _UppRegs                              
1     00007000  _WdRegs                               
1     00007060  _NmiIntruptRegs                       
1     00007070  _XintRegs                             
1     00007200  _SciaRegs                             
1     00007210  _ScibRegs                             
1     00007220  _ScicRegs                             
1     00007230  _ScidRegs                             
1     00007300  _I2caRegs                             
1     00007340  _I2cbRegs                             
1     00007400  _AdcaRegs                             
1     00007480  _AdcbRegs                             
1     00007500  _AdccRegs                             
1     00007580  _AdcdRegs                             
1     00007900  _InputXbarRegs                        
1     00007920  _XbarRegs                             
1     00007940  _SyncSocRegs                          
1     00007980  _DmaClaSrcSelRegs                     
1     00007a00  _EPwmXbarRegs                         
1     00007a80  _OutputXbarRegs                       
1     00007c00  _GpioCtrlRegs                         
1     00007f00  _GpioDataRegs                         
1     00008000  _easy_RXINT_ISR                       
1     0000837e  _easy_TXINT_ISR                       
1     000083c3  _AddRing                              
1     000083ef  _ExtractRing                          
1     00008403  _IsRingEmpty                          
1     00009800  _PieVectTableInit                     
1     0000c000  _EPWM1_TBPRD                          
1     0000c001  _FLAG_PWM_ENABLE                      
1     0000c002  _EPWM2_TBPRD                          
1     0000c003  _TWO_EPWM1_TBPRD                      
1     0000c004  _EPWM7_TBPRD                          
1     0000c005  _AIN21                                
1     0000c006  _AIN14                                
1     0000c007  _AIN23                                
1     0000c008  _AIN22                                
1     0000c009  _EPWM4_DB                             
1     0000c00a  _EPWM3_DB                             
1     0000c00b  _EPWM6_DB                             
1     0000c00c  _EPWM5_DB                             
1     0000c00d  _EPWM7_DB                             
1     0000c00e  _EPWM2_TBPHS                          
1     0000c00f  _AIN24                                
1     0000c010  _EPWM1_DB                             
1     0000c011  _EPWM1_TBPRDHR                        
1     0000c012  _EPWM2_DB                             
1     0000c013  _FLAG_ITX_FAULT                       
1     0000c014  _FLAG_VDC_RX_FAULT                    
1     0000c015  _FLAG_HW_FAULT                        
1     0000c016  _FLAG_VDC_TX_FAULT                    
1     0000c017  _FLAG_SW_FAULT                        
1     0000c018  _AIN12                                
1     0000c019  _AIN13                                
1     0000c01a  _FLAG_STARTUP                         
1     0000c01b  _AIN11                                
1     0000c01c  _FLAG_IRX_FAULT                       
1     0000c01e  _theta                                
1     0000c020  _Itx_phase                            
1     0000c022  _Itx_de                               
1     0000c024  _Itx_qs                               
1     0000c026  _Itx_qe                               
1     0000c028  _Itx_qe_2                             
1     0000c02a  _Itx_qe_sum                           
1     0000c02c  _Itx_de_2                             
1     0000c02e  _Itx_de_1                             
1     0000c030  _Itx_qe_avg                           
1     0000c032  _Itx_qe_1                             
1     0000c034  _Itx_de_avg                           
1     0000c036  _Itx_de_sum                           
1     0000c038  _Scale_Irx                            
1     0000c03a  _Scale_Itx                            
1     0000c03c  _Scale_Vdc_rx                         
1     0000c03e  _Scale_Vdc_tx                         
1     0000c040  _Kp_cc                                
1     0000c042  _Ki_cc                                
1     0000c044  _Vtx_duty                             
1     0000c046  _w_cc                                 
1     0000c048  _Rtx                                  
1     0000c04a  _Idc_tx                               
1     0000c04c  _Ka_cc                                
1     0000c04e  _Ltx                                  
1     0000c050  _Itx_mag                              
1     0000c052  _Itx_mag_flt                          
1     0000c054  _Itx_mag_cmd                          
1     0000c056  _Itx_mag_cmd_flt                      
1     0000c058  _Vtx_cmd                              
1     0000c05a  _Vtx_cmd_sat                          
1     0000c05c  _Itx_mag_err                          
1     0000c05e  _Vtx_cmd_integ                        
1     0000c060  _Itx_phase_flt                        
1     0000c062  _Itx_Cmd_Flt_Cutoff_Freq              
1     0000c064  _Itx_Phase_Flt_Cutoff_Freq            
1     0000c066  _Vdc_tx_Flt_Cutoff_Freq               
1     0000c068  _Itx_mag_Flt_Cutoff_Freq              
1     0000c06a  _Vdc_rx_Flt_Cutoff_Freq               
1     0000c06c  _IL_REF_FLT_CUT_FREQ                  
1     0000c06e  _adc_cnt                              
1     0000c070  _cc_cnt                               
1     0000c072  _HRPWM_TBPRD                          
1     0000c074  _Tsamp                                
1     0000c076  _fsw                                  
1     0000c078  _temp                                 
1     0000c07a  _Itx                                  
1     0000c07c  _Vdc_rx_flt                           
1     0000c07e  _Itx_1                                
1     0000c080  _Irx                                  
1     0000c082  _Itx_2                                
1     0000c084  _Itx_ds                               
1     0000c086  _IL_FAULT_LEVEL                       
1     0000c088  _Vdc_tx                               
1     0000c08a  _VDC_FAULT_LEVEL                      
1     0000c08c  _Vdc_tx_flt                           
1     0000c08e  _IDC_FAULT_LEVEL                      
1     0000c090  _Vdc_rx                               
1     0000c092  _DAC_PTR                              
1     0000c09a  _HPF1                                 
1     0000c0a6  _HPF2                                 
1     0000c0c0  _BPF                                  
1     0000c0d8  _NF                                   
1     0000c100  _LPF1                                 
1     0000c180  _LPF2                                 
1     0000c1d8  _CpuTimer1                            
1     0000c1e0  _CpuTimer2                            
1     0000c1e8  _CpuTimer0                            
1     0000c1f0  _tempSensor_tempOffset                
1     0000c1f2  _tempSensor_scaleFactor               
1     0000c1f4  _tempSensor_tempSlope                 
1     0000c1f6  ___TI_enable_exit_profile_output      
1     0000c1f8  ___TI_cleanup_ptr                     
1     0000c1fa  ___TI_dtors_ptr                       
1     0000c1fc  _EPwm2_DB_Direction                   
1     0000c1fd  _EPwm1_DB_Direction                   
1     0000c1fe  _EPwm3_DB_Direction                   
1     0000c1ff  _deviceOpen                           
1     0000c200  _MCBSP                                
1     0000c204  _I2C                                  
1     0000c208  _SCI                                  
1     0000c20c  _SDFM                                 
1     0000c212  _EQEP                                 
1     0000c21a  _SPI                                  
1     0000c222  _ECAP                                 
1     0000c240  _EPWM                                 
1     0000c25a  _da2_type                             
1     0000c25b  _da3_type                             
1     0000c25c  _da1_type                             
1     0000c25d  _da2                                  
1     0000c25e  _da3                                  
1     0000c25f  _da1                                  
1     0000c260  _da2_mid                              
1     0000c262  _da2_val                              
1     0000c264  _da3_val                              
1     0000c266  _da3_rng                              
1     0000c268  _da1_val                              
1     0000c26a  _da1_rng                              
1     0000c26c  _da2_rng                              
1     0000c26e  _da1_mid                              
1     0000c270  _da3_mid                              
1     0000c272  _cla_cnt                              
1     0000c273  _MEP_ScaleFactor                      
1     0000c274  _status                               
1     0000c276  __lock                                
1     0000c278  __unlock                              
1     0000c280  _ezDSP_nEndPos                        
1     0000c281  _ezDSP_nMaxBuffSize                   
1     0000c282  _ezDSP_nStartPos                      
1     0000c283  _ezDSP_ringBuffer                     
1     0000c2c0  _ezDSP_uWrongISRCount                 
1     0000c2c1  _ezDSP_ucRx                           
1     0000c2c2  _ezDSP_uPECount                       
1     0000c2c3  _ezDSP_uBRKDTCount                    
1     0000c2c4  _ezDSP_uOECount                       
1     0000c2c5  _ezDSP_uAddrRdCnt                     
1     0000c2c6  _ezDSP_uDataRdCnt                     
1     0000c2c7  _ezDSP_uChksum                        
1     0000c2c8  _ezDSP_uState                         
1     0000c2c9  _ezDSP_uData                          
1     0000c2ca  _ezDSP_uFECount                       
1     0000c2cb  _ezDSP_Version_SCI                    
1     0000c2cc  _ezDSP_uRead8BPossible                
1     0000c2cd  _ezDSP_uRead16BPossible               
1     0000c2ce  _ezDSP_ulData                         
1     0000c2d0  _ezDSP_ulAddr                         
1     0000c2d2  _ezDSP_fFloat                         
1     0000c2d4  _ezDSP_ullData                        
1     00047000  _Emif1Regs                            
1     00047800  _Emif2Regs                            
1     00050024  _FlashPumpSemaphoreRegs               
1     0005d000  _DevCfgRegs                           
1     0005d180  _AnalogSubsysRegs                     
1     0005d200  _ClkCfgRegs                           
1     0005d300  _CpuSysRegs                           
1     0005e608  _RomPrefetchRegs                      
1     0005f000  _DcsmZ1Regs                           
1     0005f040  _DcsmZ2Regs                           
1     0005f070  _DcsmCommonRegs                       
1     0005f400  _MemCfgRegs                           
1     0005f480  _Emif1ConfigRegs                      
1     0005f4a0  _Emif2ConfigRegs                      
1     0005f4c0  _AccessProtectionRegs                 
1     0005f500  _MemoryErrorRegs                      
1     0005f540  _RomWaitStateRegs                     
1     0005f800  _Flash0CtrlRegs                       
1     0005fb00  _Flash0EccRegs                        
1     0005fc00  _Flash1CtrlRegs                       
1     0005ff00  _Flash1EccRegs                        
1     00078000  _DcsmZ1Otp                            
1     00078200  _DcsmZ2Otp                            
abs   00000100  CLA_SCRATCHPAD_SIZE                   
abs   00000100  __STACK_SIZE                          
abs   ffffffff  .text                                 
abs   ffffffff  ___TI_pprof_out_hndl                  
abs   ffffffff  ___TI_prof_data_size                  
abs   ffffffff  ___TI_prof_data_start                 
abs   ffffffff  ___binit__                            
abs   ffffffff  ___c_args__                           
abs   ffffffff  ___etext__                            
abs   ffffffff  ___pinit__                            
abs   ffffffff  ___text__                             
abs   ffffffff  binit                                 
abs   ffffffff  etext                                 
abs   ffffffff  pinit                                 

[519 symbols]
