<?xml version="1.0"?>
<link_info>
   <banner>TMS320C2000 Linker PC v15.12.3.LTS</banner>
   <copyright>Copyright (c) 1996-2015 Texas Instruments Incorporated</copyright>
   <link_time>0x5f365923</link_time>
   <link_errors>0x0</link_errors>
   <output_file>wpt_cla_NEC.out</output_file>
   <entry_point>
      <name>_c_int00</name>
      <address>0x13058</address>
   </entry_point>
   <input_file_list>
      <input_file id="fl-2">
         <path>.\Include\</path>
         <kind>object</kind>
         <file>CLASinCosTable.obj</file>
         <name>CLASinCosTable.obj</name>
      </input_file>
      <input_file id="fl-3">
         <path>.\Source\</path>
         <kind>object</kind>
         <file>F2837xS_Adc.obj</file>
         <name>F2837xS_Adc.obj</name>
      </input_file>
      <input_file id="fl-4">
         <path>.\Source\</path>
         <kind>object</kind>
         <file>F2837xS_CodeStartBranch.obj</file>
         <name>F2837xS_CodeStartBranch.obj</name>
      </input_file>
      <input_file id="fl-5">
         <path>.\Source\</path>
         <kind>object</kind>
         <file>F2837xS_CpuTimers.obj</file>
         <name>F2837xS_CpuTimers.obj</name>
      </input_file>
      <input_file id="fl-6">
         <path>.\Source\</path>
         <kind>object</kind>
         <file>F2837xS_DBGIER.obj</file>
         <name>F2837xS_DBGIER.obj</name>
      </input_file>
      <input_file id="fl-7">
         <path>.\Source\</path>
         <kind>object</kind>
         <file>F2837xS_DefaultISR.obj</file>
         <name>F2837xS_DefaultISR.obj</name>
      </input_file>
      <input_file id="fl-8">
         <path>.\Source\</path>
         <kind>object</kind>
         <file>F2837xS_Dma.obj</file>
         <name>F2837xS_Dma.obj</name>
      </input_file>
      <input_file id="fl-9">
         <path>.\Source\</path>
         <kind>object</kind>
         <file>F2837xS_ECap.obj</file>
         <name>F2837xS_ECap.obj</name>
      </input_file>
      <input_file id="fl-a">
         <path>.\Source\</path>
         <kind>object</kind>
         <file>F2837xS_EPwm.obj</file>
         <name>F2837xS_EPwm.obj</name>
      </input_file>
      <input_file id="fl-b">
         <path>.\Source\</path>
         <kind>object</kind>
         <file>F2837xS_EQep.obj</file>
         <name>F2837xS_EQep.obj</name>
      </input_file>
      <input_file id="fl-c">
         <path>.\Source\</path>
         <kind>object</kind>
         <file>F2837xS_GlobalVariableDefs.obj</file>
         <name>F2837xS_GlobalVariableDefs.obj</name>
      </input_file>
      <input_file id="fl-d">
         <path>.\Source\</path>
         <kind>object</kind>
         <file>F2837xS_Gpio.obj</file>
         <name>F2837xS_Gpio.obj</name>
      </input_file>
      <input_file id="fl-e">
         <path>.\Source\</path>
         <kind>object</kind>
         <file>F2837xS_I2C.obj</file>
         <name>F2837xS_I2C.obj</name>
      </input_file>
      <input_file id="fl-f">
         <path>.\Source\</path>
         <kind>object</kind>
         <file>F2837xS_Mcbsp.obj</file>
         <name>F2837xS_Mcbsp.obj</name>
      </input_file>
      <input_file id="fl-10">
         <path>.\Source\</path>
         <kind>object</kind>
         <file>F2837xS_PieCtrl.obj</file>
         <name>F2837xS_PieCtrl.obj</name>
      </input_file>
      <input_file id="fl-11">
         <path>.\Source\</path>
         <kind>object</kind>
         <file>F2837xS_PieVect.obj</file>
         <name>F2837xS_PieVect.obj</name>
      </input_file>
      <input_file id="fl-12">
         <path>.\Source\</path>
         <kind>object</kind>
         <file>F2837xS_Sci.obj</file>
         <name>F2837xS_Sci.obj</name>
      </input_file>
      <input_file id="fl-13">
         <path>.\Source\</path>
         <kind>object</kind>
         <file>F2837xS_Spi.obj</file>
         <name>F2837xS_Spi.obj</name>
      </input_file>
      <input_file id="fl-14">
         <path>.\Source\</path>
         <kind>object</kind>
         <file>F2837xS_SysCtrl.obj</file>
         <name>F2837xS_SysCtrl.obj</name>
      </input_file>
      <input_file id="fl-15">
         <path>.\Source\</path>
         <kind>object</kind>
         <file>F2837xS_TempSensorConv.obj</file>
         <name>F2837xS_TempSensorConv.obj</name>
      </input_file>
      <input_file id="fl-16">
         <path>.\Source\</path>
         <kind>object</kind>
         <file>F2837xS_Upp.obj</file>
         <name>F2837xS_Upp.obj</name>
      </input_file>
      <input_file id="fl-17">
         <path>.\Source\</path>
         <kind>object</kind>
         <file>F2837xS_can.obj</file>
         <name>F2837xS_can.obj</name>
      </input_file>
      <input_file id="fl-18">
         <path>.\Source\</path>
         <kind>object</kind>
         <file>F2837xS_sci_io.obj</file>
         <name>F2837xS_sci_io.obj</name>
      </input_file>
      <input_file id="fl-19">
         <path>.\Source\</path>
         <kind>object</kind>
         <file>F2837xS_sdfm_drivers.obj</file>
         <name>F2837xS_sdfm_drivers.obj</name>
      </input_file>
      <input_file id="fl-1a">
         <path>.\Source\</path>
         <kind>object</kind>
         <file>F2837xS_struct.obj</file>
         <name>F2837xS_struct.obj</name>
      </input_file>
      <input_file id="fl-1b">
         <path>.\Source\</path>
         <kind>object</kind>
         <file>F2837xS_usDelay.obj</file>
         <name>F2837xS_usDelay.obj</name>
      </input_file>
      <input_file id="fl-1c">
         <path>.\Source\</path>
         <kind>object</kind>
         <file>RingBuff.obj</file>
         <name>RingBuff.obj</name>
      </input_file>
      <input_file id="fl-1d">
         <path>.\Source\</path>
         <kind>object</kind>
         <file>adc.obj</file>
         <name>adc.obj</name>
      </input_file>
      <input_file id="fl-1e">
         <path>.\Source\</path>
         <kind>object</kind>
         <file>cc.obj</file>
         <name>cc.obj</name>
      </input_file>
      <input_file id="fl-1f">
         <path>.\Source\</path>
         <kind>object</kind>
         <file>cla_test.obj</file>
         <name>cla_test.obj</name>
      </input_file>
      <input_file id="fl-20">
         <path>.\Source\</path>
         <kind>object</kind>
         <file>da.obj</file>
         <name>da.obj</name>
      </input_file>
      <input_file id="fl-21">
         <path>.\Source\</path>
         <kind>object</kind>
         <file>dac.obj</file>
         <name>dac.obj</name>
      </input_file>
      <input_file id="fl-22">
         <path>.\Source\</path>
         <kind>object</kind>
         <file>easy2837xS_sci_v8.5.obj</file>
         <name>easy2837xS_sci_v8.5.obj</name>
      </input_file>
      <input_file id="fl-23">
         <path>.\Source\</path>
         <kind>object</kind>
         <file>epwm.obj</file>
         <name>epwm.obj</name>
      </input_file>
      <input_file id="fl-24">
         <path>.\Source\</path>
         <kind>object</kind>
         <file>fault.obj</file>
         <name>fault.obj</name>
      </input_file>
      <input_file id="fl-25">
         <path>.\Source\</path>
         <kind>object</kind>
         <file>gpio.obj</file>
         <name>gpio.obj</name>
      </input_file>
      <input_file id="fl-26">
         <path>.\Source\</path>
         <kind>object</kind>
         <file>main.obj</file>
         <name>main.obj</name>
      </input_file>
      <input_file id="fl-27">
         <path>.\Source\</path>
         <kind>object</kind>
         <file>mathtable.obj</file>
         <name>mathtable.obj</name>
      </input_file>
      <input_file id="fl-28">
         <path>.\Source\</path>
         <kind>object</kind>
         <file>variable.obj</file>
         <name>variable.obj</name>
      </input_file>
      <input_file id="fl-32">
         <path>..\Include\</path>
         <kind>archive</kind>
         <file>cla1_math_library_fpu32.lib</file>
         <name>CLAcos.obj</name>
      </input_file>
      <input_file id="fl-33">
         <path>..\Include\</path>
         <kind>archive</kind>
         <file>cla1_math_library_fpu32.lib</file>
         <name>CLAsin.obj</name>
      </input_file>
      <input_file id="fl-34">
         <path>..\Include\</path>
         <kind>archive</kind>
         <file>cla1_math_library_fpu32.lib</file>
         <name>CLAsqrt.obj</name>
      </input_file>
      <input_file id="fl-35">
         <path>C:\ti\controlSUITE\device_support\f28m36x\v209\F28M36x_common\lib\</path>
         <kind>archive</kind>
         <file>SFO_TI_Build_V7_FPU.lib</file>
         <name>SFO_v7_fpu_lib_build_c28.obj</name>
      </input_file>
      <input_file id="fl-36">
         <path>C:\ti\ccsv6\tools\compiler\c2000_15.12.3.LTS\lib\</path>
         <kind>archive</kind>
         <file>rts2800_fpu32.lib</file>
         <name>boot.obj</name>
      </input_file>
      <input_file id="fl-37">
         <path>C:\ti\ccsv6\tools\compiler\c2000_15.12.3.LTS\lib\</path>
         <kind>archive</kind>
         <file>rts2800_fpu32.lib</file>
         <name>cpy_tbl.obj</name>
      </input_file>
      <input_file id="fl-38">
         <path>C:\ti\ccsv6\tools\compiler\c2000_15.12.3.LTS\lib\</path>
         <kind>archive</kind>
         <file>rts2800_fpu32.lib</file>
         <name>cpy_utils.obj</name>
      </input_file>
      <input_file id="fl-39">
         <path>C:\ti\ccsv6\tools\compiler\c2000_15.12.3.LTS\lib\</path>
         <kind>archive</kind>
         <file>rts2800_fpu32.lib</file>
         <name>e_powf.obj</name>
      </input_file>
      <input_file id="fl-3a">
         <path>C:\ti\ccsv6\tools\compiler\c2000_15.12.3.LTS\lib\</path>
         <kind>archive</kind>
         <file>rts2800_fpu32.lib</file>
         <name>e_sqrtf.obj</name>
      </input_file>
      <input_file id="fl-3b">
         <path>C:\ti\ccsv6\tools\compiler\c2000_15.12.3.LTS\lib\</path>
         <kind>archive</kind>
         <file>rts2800_fpu32.lib</file>
         <name>errno.obj</name>
      </input_file>
      <input_file id="fl-3c">
         <path>C:\ti\ccsv6\tools\compiler\c2000_15.12.3.LTS\lib\</path>
         <kind>archive</kind>
         <file>rts2800_fpu32.lib</file>
         <name>exit.obj</name>
      </input_file>
      <input_file id="fl-3d">
         <path>C:\ti\ccsv6\tools\compiler\c2000_15.12.3.LTS\lib\</path>
         <kind>archive</kind>
         <file>rts2800_fpu32.lib</file>
         <name>fs_div.obj</name>
      </input_file>
      <input_file id="fl-3e">
         <path>C:\ti\ccsv6\tools\compiler\c2000_15.12.3.LTS\lib\</path>
         <kind>archive</kind>
         <file>rts2800_fpu32.lib</file>
         <name>pre_init.obj</name>
      </input_file>
      <input_file id="fl-3f">
         <path>C:\ti\ccsv6\tools\compiler\c2000_15.12.3.LTS\lib\</path>
         <kind>archive</kind>
         <file>rts2800_fpu32.lib</file>
         <name>s_scalbnf.obj</name>
      </input_file>
      <input_file id="fl-40">
         <path>C:\ti\ccsv6\tools\compiler\c2000_15.12.3.LTS\lib\</path>
         <kind>archive</kind>
         <file>rts2800_fpu32.lib</file>
         <name>s_sinf.obj</name>
      </input_file>
      <input_file id="fl-41">
         <path>C:\ti\ccsv6\tools\compiler\c2000_15.12.3.LTS\lib\</path>
         <kind>archive</kind>
         <file>rts2800_fpu32.lib</file>
         <name>startup.obj</name>
      </input_file>
      <input_file id="fl-42">
         <path>C:\ti\ccsv6\tools\compiler\c2000_15.12.3.LTS\lib\</path>
         <kind>archive</kind>
         <file>rts2800_fpu32.lib</file>
         <name>_lock.obj</name>
      </input_file>
      <input_file id="fl-43">
         <path>C:\ti\ccsv6\tools\compiler\c2000_15.12.3.LTS\lib\</path>
         <kind>archive</kind>
         <file>rts2800_fpu32.lib</file>
         <name>args_main.obj</name>
      </input_file>
      <input_file id="fl-44">
         <path>C:\ti\ccsv6\tools\compiler\c2000_15.12.3.LTS\lib\</path>
         <kind>archive</kind>
         <file>rts2800_fpu32.lib</file>
         <name>s_copysignf.obj</name>
      </input_file>
   </input_file_list>
   <object_component_list>
      <object_component id="oc-8e">
         <name>codestart</name>
         <load_address>0x0</load_address>
         <run_address>0x0</run_address>
         <size>0x2</size>
         <input_file_ref idref="fl-4"/>
      </object_component>
      <object_component id="oc-187">
         <name>.text</name>
         <load_address>0x11000</load_address>
         <run_address>0x11000</run_address>
         <size>0x64b</size>
         <input_file_ref idref="fl-26"/>
      </object_component>
      <object_component id="oc-91">
         <name>.text:retain</name>
         <load_address>0x1164b</load_address>
         <run_address>0x1164b</run_address>
         <size>0x4f9</size>
         <input_file_ref idref="fl-7"/>
      </object_component>
      <object_component id="oc-193">
         <name>.text</name>
         <load_address>0x11b44</load_address>
         <run_address>0x11b44</run_address>
         <size>0x37f</size>
         <input_file_ref idref="fl-39"/>
      </object_component>
      <object_component id="oc-197">
         <name>.text</name>
         <load_address>0x11ec3</load_address>
         <run_address>0x11ec3</run_address>
         <size>0xa1</size>
         <input_file_ref idref="fl-3"/>
      </object_component>
      <object_component id="oc-18c">
         <name>.text</name>
         <load_address>0x11f64</load_address>
         <run_address>0x11f64</run_address>
         <size>0x90</size>
         <input_file_ref idref="fl-25"/>
      </object_component>
      <object_component id="oc-194">
         <name>.text</name>
         <load_address>0x11ff4</load_address>
         <run_address>0x11ff4</run_address>
         <size>0x9</size>
         <input_file_ref idref="fl-42"/>
      </object_component>
      <object_component id="oc-90">
         <name>.text</name>
         <load_address>0x11ffd</load_address>
         <run_address>0x11ffd</run_address>
         <size>0x3</size>
         <input_file_ref idref="fl-6"/>
      </object_component>
      <object_component id="oc-fe">
         <name>.text:retain</name>
         <load_address>0x12000</load_address>
         <run_address>0x12000</run_address>
         <size>0x2e9</size>
         <input_file_ref idref="fl-1e"/>
      </object_component>
      <object_component id="oc-18a">
         <name>.text</name>
         <load_address>0x122e9</load_address>
         <run_address>0x122e9</run_address>
         <size>0x2e7</size>
         <input_file_ref idref="fl-14"/>
      </object_component>
      <object_component id="oc-190">
         <name>.text</name>
         <load_address>0x125d0</load_address>
         <run_address>0x125d0</run_address>
         <size>0x21d</size>
         <input_file_ref idref="fl-23"/>
      </object_component>
      <object_component id="oc-184">
         <name>.text</name>
         <load_address>0x127ed</load_address>
         <run_address>0x127ed</run_address>
         <size>0x21b</size>
         <input_file_ref idref="fl-d"/>
      </object_component>
      <object_component id="oc-10d">
         <name>.text:retain</name>
         <load_address>0x12a08</load_address>
         <run_address>0x12a08</run_address>
         <size>0x16d</size>
         <input_file_ref idref="fl-24"/>
      </object_component>
      <object_component id="oc-112">
         <name>.text:retain</name>
         <load_address>0x12b75</load_address>
         <run_address>0x12b75</run_address>
         <size>0x142</size>
         <input_file_ref idref="fl-26"/>
      </object_component>
      <object_component id="oc-129">
         <name>.text</name>
         <load_address>0x12cb7</load_address>
         <run_address>0x12cb7</run_address>
         <size>0x140</size>
         <input_file_ref idref="fl-35"/>
      </object_component>
      <object_component id="oc-156">
         <name>.text</name>
         <load_address>0x12df7</load_address>
         <run_address>0x12df7</run_address>
         <size>0x88</size>
         <input_file_ref idref="fl-3d"/>
      </object_component>
      <object_component id="oc-192">
         <name>.text</name>
         <load_address>0x12e7f</load_address>
         <run_address>0x12e7f</run_address>
         <size>0x7c</size>
         <input_file_ref idref="fl-5"/>
      </object_component>
      <object_component id="oc-19b">
         <name>.text</name>
         <load_address>0x12efb</load_address>
         <run_address>0x12efb</run_address>
         <size>0x67</size>
         <input_file_ref idref="fl-3f"/>
      </object_component>
      <object_component id="oc-18b">
         <name>.text</name>
         <load_address>0x12f62</load_address>
         <run_address>0x12f62</run_address>
         <size>0x65</size>
         <input_file_ref idref="fl-a"/>
      </object_component>
      <object_component id="oc-183">
         <name>.text</name>
         <load_address>0x12fc7</load_address>
         <run_address>0x12fc7</run_address>
         <size>0x29</size>
         <input_file_ref idref="fl-3c"/>
      </object_component>
      <object_component id="oc-17f">
         <name>.text</name>
         <load_address>0x12ff0</load_address>
         <run_address>0x12ff0</run_address>
         <size>0x2</size>
         <input_file_ref idref="fl-3e"/>
      </object_component>
      <object_component id="oc-181">
         <name>.text</name>
         <load_address>0x12ff2</load_address>
         <run_address>0x12ff2</run_address>
         <size>0x1</size>
         <input_file_ref idref="fl-41"/>
      </object_component>
      <object_component id="oc-185">
         <name>.text</name>
         <load_address>0x13000</load_address>
         <run_address>0x13000</run_address>
         <size>0x58</size>
         <input_file_ref idref="fl-40"/>
      </object_component>
      <object_component id="oc-8c">
         <name>.text</name>
         <load_address>0x13058</load_address>
         <run_address>0x13058</run_address>
         <size>0x56</size>
         <input_file_ref idref="fl-36"/>
      </object_component>
      <object_component id="oc-191">
         <name>.text</name>
         <load_address>0x130ae</load_address>
         <run_address>0x130ae</run_address>
         <size>0x4e</size>
         <input_file_ref idref="fl-1d"/>
      </object_component>
      <object_component id="oc-180">
         <name>.text</name>
         <load_address>0x130fc</load_address>
         <run_address>0x130fc</run_address>
         <size>0x46</size>
         <input_file_ref idref="fl-37"/>
      </object_component>
      <object_component id="oc-18f">
         <name>.text</name>
         <load_address>0x13142</load_address>
         <run_address>0x13142</run_address>
         <size>0x3b</size>
         <input_file_ref idref="fl-21"/>
      </object_component>
      <object_component id="oc-18d">
         <name>.text</name>
         <load_address>0x1317d</load_address>
         <run_address>0x1317d</run_address>
         <size>0x28</size>
         <input_file_ref idref="fl-10"/>
      </object_component>
      <object_component id="oc-18e">
         <name>.text</name>
         <load_address>0x131a5</load_address>
         <run_address>0x131a5</run_address>
         <size>0x26</size>
         <input_file_ref idref="fl-11"/>
      </object_component>
      <object_component id="oc-186">
         <name>.text</name>
         <load_address>0x131cc</load_address>
         <run_address>0x131cc</run_address>
         <size>0x25</size>
         <input_file_ref idref="fl-3a"/>
      </object_component>
      <object_component id="oc-13b">
         <name>.text</name>
         <load_address>0x131f1</load_address>
         <run_address>0x131f1</run_address>
         <size>0x1a</size>
         <input_file_ref idref="fl-38"/>
      </object_component>
      <object_component id="oc-182">
         <name>.text</name>
         <load_address>0x1320b</load_address>
         <run_address>0x1320b</run_address>
         <size>0x19</size>
         <input_file_ref idref="fl-43"/>
      </object_component>
      <object_component id="oc-19d">
         <name>.text</name>
         <load_address>0x13224</load_address>
         <run_address>0x13224</run_address>
         <size>0x11</size>
         <input_file_ref idref="fl-44"/>
      </object_component>
      <object_component id="oc-113">
         <name>.cinit</name>
         <load_address>0xb000</load_address>
         <run_address>0xb000</run_address>
         <size>0x32a</size>
         <input_file_ref idref="fl-27"/>
      </object_component>
      <object_component id="oc-115">
         <name>.cinit</name>
         <load_address>0xb32a</load_address>
         <run_address>0xb32a</run_address>
         <size>0x256</size>
         <input_file_ref idref="fl-28"/>
      </object_component>
      <object_component id="oc-f7">
         <name>.cinit</name>
         <load_address>0xb580</load_address>
         <run_address>0xb580</run_address>
         <size>0x62</size>
         <input_file_ref idref="fl-1a"/>
      </object_component>
      <object_component id="oc-108">
         <name>.cinit</name>
         <load_address>0xb5e2</load_address>
         <run_address>0xb5e2</run_address>
         <size>0x45</size>
         <input_file_ref idref="fl-20"/>
      </object_component>
      <object_component id="oc-10e">
         <name>.cinit</name>
         <load_address>0xb627</load_address>
         <run_address>0xb627</run_address>
         <size>0x23</size>
         <input_file_ref idref="fl-26"/>
      </object_component>
      <object_component id="oc-10a">
         <name>.cinit</name>
         <load_address>0xb64a</load_address>
         <run_address>0xb64a</run_address>
         <size>0x11</size>
         <input_file_ref idref="fl-22"/>
      </object_component>
      <object_component id="oc-150">
         <name>.cinit</name>
         <load_address>0xb65b</load_address>
         <run_address>0xb65b</run_address>
         <size>0xe</size>
         <input_file_ref idref="fl-3c"/>
      </object_component>
      <object_component id="oc-fc">
         <name>.cinit</name>
         <load_address>0xb669</load_address>
         <run_address>0xb669</run_address>
         <size>0xd</size>
         <input_file_ref idref="fl-1e"/>
      </object_component>
      <object_component id="oc-fa">
         <name>.cinit</name>
         <load_address>0xb676</load_address>
         <run_address>0xb676</run_address>
         <size>0xc</size>
         <input_file_ref idref="fl-1c"/>
      </object_component>
      <object_component id="oc-189">
         <name>.cinit:__lock</name>
         <load_address>0xb682</load_address>
         <run_address>0xb682</run_address>
         <size>0x5</size>
         <input_file_ref idref="fl-42"/>
      </object_component>
      <object_component id="oc-195">
         <name>.cinit:__unlock</name>
         <load_address>0xb687</load_address>
         <run_address>0xb687</run_address>
         <size>0x5</size>
         <input_file_ref idref="fl-42"/>
      </object_component>
      <object_component id="oc-f5">
         <name>.cinit</name>
         <load_address>0xb68c</load_address>
         <run_address>0xb68c</run_address>
         <size>0x4</size>
         <input_file_ref idref="fl-18"/>
      </object_component>
      <object_component id="oc-12b">
         <name>.cinit</name>
         <load_address>0xb690</load_address>
         <run_address>0xb690</run_address>
         <size>0x4</size>
         <input_file_ref idref="fl-35"/>
      </object_component>
      <object_component id="oc-14c">
         <name>.cinit</name>
         <load_address>0xb694</load_address>
         <run_address>0xb694</run_address>
         <size>0x4</size>
         <input_file_ref idref="fl-3b"/>
      </object_component>
      <object_component id="oc-131">
         <name>.reset</name>
         <load_address>0x3fffc0</load_address>
         <run_address>0x3fffc0</run_address>
         <size>0x2</size>
         <input_file_ref idref="fl-36"/>
      </object_component>
      <object_component id="oc-130">
         <name>.stack</name>
         <uninitialized>true</uninitialized>
         <run_address>0x6b0</run_address>
         <size>0x0</size>
         <input_file_ref idref="fl-36"/>
      </object_component>
      <object_component id="oc-22d">
         <name>.stack</name>
         <uninitialized>true</uninitialized>
         <run_address>0x6b0</run_address>
         <size>0x0</size>
      </object_component>
      <object_component id="oc-114">
         <name>.ebss</name>
         <uninitialized>true</uninitialized>
         <run_address>0x9000</run_address>
         <size>0x352</size>
         <input_file_ref idref="fl-27"/>
      </object_component>
      <object_component id="oc-10f">
         <name>.ebss</name>
         <uninitialized>true</uninitialized>
         <run_address>0x9352</run_address>
         <size>0x1e</size>
         <input_file_ref idref="fl-26"/>
      </object_component>
      <object_component id="oc-12c">
         <name>.ebss</name>
         <uninitialized>true</uninitialized>
         <run_address>0x9370</run_address>
         <size>0xb</size>
         <input_file_ref idref="fl-35"/>
      </object_component>
      <object_component id="oc-10c">
         <name>.ebss</name>
         <uninitialized>true</uninitialized>
         <run_address>0x937b</run_address>
         <size>0x3</size>
         <input_file_ref idref="fl-23"/>
      </object_component>
      <object_component id="oc-188">
         <name>.ebss:__lock</name>
         <uninitialized>true</uninitialized>
         <run_address>0x937e</run_address>
         <size>0x2</size>
         <input_file_ref idref="fl-42"/>
      </object_component>
      <object_component id="oc-116">
         <name>.ebss</name>
         <uninitialized>true</uninitialized>
         <run_address>0x9380</run_address>
         <size>0x258</size>
         <input_file_ref idref="fl-28"/>
      </object_component>
      <object_component id="oc-8f">
         <name>.ebss</name>
         <uninitialized>true</uninitialized>
         <run_address>0x95d8</run_address>
         <size>0x18</size>
         <input_file_ref idref="fl-5"/>
      </object_component>
      <object_component id="oc-f4">
         <name>.ebss</name>
         <uninitialized>true</uninitialized>
         <run_address>0x95f0</run_address>
         <size>0x6</size>
         <input_file_ref idref="fl-15"/>
      </object_component>
      <object_component id="oc-fd">
         <name>.ebss</name>
         <uninitialized>true</uninitialized>
         <run_address>0x95f6</run_address>
         <size>0x6</size>
         <input_file_ref idref="fl-1e"/>
      </object_component>
      <object_component id="oc-19c">
         <name>.ebss:__unlock</name>
         <uninitialized>true</uninitialized>
         <run_address>0x95fc</run_address>
         <size>0x2</size>
         <input_file_ref idref="fl-42"/>
      </object_component>
      <object_component id="oc-f6">
         <name>.ebss</name>
         <uninitialized>true</uninitialized>
         <run_address>0x95fe</run_address>
         <size>0x1</size>
         <input_file_ref idref="fl-18"/>
      </object_component>
      <object_component id="oc-14d">
         <name>.ebss</name>
         <uninitialized>true</uninitialized>
         <run_address>0x95ff</run_address>
         <size>0x1</size>
         <input_file_ref idref="fl-3b"/>
      </object_component>
      <object_component id="oc-f8">
         <name>.ebss</name>
         <uninitialized>true</uninitialized>
         <run_address>0x9600</run_address>
         <size>0x5a</size>
         <input_file_ref idref="fl-1a"/>
      </object_component>
      <object_component id="oc-109">
         <name>.ebss</name>
         <uninitialized>true</uninitialized>
         <run_address>0x965a</run_address>
         <size>0x18</size>
         <input_file_ref idref="fl-20"/>
      </object_component>
      <object_component id="oc-10b">
         <name>.ebss</name>
         <uninitialized>true</uninitialized>
         <run_address>0x9672</run_address>
         <size>0x6</size>
         <input_file_ref idref="fl-22"/>
      </object_component>
      <object_component id="oc-151">
         <name>.ebss</name>
         <uninitialized>true</uninitialized>
         <run_address>0x9678</run_address>
         <size>0x6</size>
         <input_file_ref idref="fl-3c"/>
      </object_component>
      <object_component id="oc-fb">
         <name>.ebss</name>
         <uninitialized>true</uninitialized>
         <run_address>0x9680</run_address>
         <size>0x35</size>
         <input_file_ref idref="fl-1c"/>
      </object_component>
      <object_component id="oc-196">
         <name>.econst:_PieVectTableInit</name>
         <load_address>0xa800</load_address>
         <run_address>0xa800</run_address>
         <size>0x1c0</size>
         <input_file_ref idref="fl-11"/>
      </object_component>
      <object_component id="oc-141">
         <name>.econst</name>
         <load_address>0xa9c0</load_address>
         <run_address>0xa9c0</run_address>
         <size>0x32</size>
         <input_file_ref idref="fl-39"/>
      </object_component>
      <object_component id="oc-161">
         <name>.econst</name>
         <load_address>0xa9f2</load_address>
         <run_address>0xa9f2</run_address>
         <size>0x6</size>
         <input_file_ref idref="fl-3f"/>
      </object_component>
      <object_component id="oc-198">
         <name>.econst:_bp</name>
         <load_address>0xa9f8</load_address>
         <run_address>0xa9f8</run_address>
         <size>0x4</size>
         <input_file_ref idref="fl-39"/>
      </object_component>
      <object_component id="oc-19a">
         <name>.econst:_dp_h</name>
         <load_address>0xa9fc</load_address>
         <run_address>0xa9fc</run_address>
         <size>0x4</size>
         <input_file_ref idref="fl-39"/>
      </object_component>
      <object_component id="oc-199">
         <name>.econst:_dp_l</name>
         <load_address>0xaa00</load_address>
         <run_address>0xaa00</run_address>
         <size>0x4</size>
         <input_file_ref idref="fl-39"/>
      </object_component>
      <object_component id="oc-8d">
         <name>CLA1mathTables</name>
         <load_address>0x8000</load_address>
         <run_address>0x8000</run_address>
         <size>0x156</size>
         <input_file_ref idref="fl-2"/>
      </object_component>
      <object_component id="oc-100">
         <name>Cla1Prog:_Cla1Task1</name>
         <load_address>0xac00</load_address>
         <run_address>0xac00</run_address>
         <size>0xfe</size>
         <input_file_ref idref="fl-1f"/>
      </object_component>
      <object_component id="oc-117">
         <name>Cla1Prog:_CLAcos</name>
         <load_address>0xacfe</load_address>
         <run_address>0xacfe</run_address>
         <size>0x38</size>
         <input_file_ref idref="fl-32"/>
      </object_component>
      <object_component id="oc-11d">
         <name>Cla1Prog:_CLAsin</name>
         <load_address>0xad36</load_address>
         <run_address>0xad36</run_address>
         <size>0x38</size>
         <input_file_ref idref="fl-33"/>
      </object_component>
      <object_component id="oc-123">
         <name>Cla1Prog:_CLAsqrt</name>
         <load_address>0xad6e</load_address>
         <run_address>0xad6e</run_address>
         <size>0x20</size>
         <input_file_ref idref="fl-34"/>
      </object_component>
      <object_component id="oc-101">
         <name>Cla1Prog:_Cla1Task2</name>
         <load_address>0xad8e</load_address>
         <run_address>0xad8e</run_address>
         <size>0x2</size>
         <input_file_ref idref="fl-1f"/>
      </object_component>
      <object_component id="oc-102">
         <name>Cla1Prog:_Cla1Task3</name>
         <load_address>0xad90</load_address>
         <run_address>0xad90</run_address>
         <size>0x2</size>
         <input_file_ref idref="fl-1f"/>
      </object_component>
      <object_component id="oc-103">
         <name>Cla1Prog:_Cla1Task4</name>
         <load_address>0xad92</load_address>
         <run_address>0xad92</run_address>
         <size>0x2</size>
         <input_file_ref idref="fl-1f"/>
      </object_component>
      <object_component id="oc-104">
         <name>Cla1Prog:_Cla1Task5</name>
         <load_address>0xad94</load_address>
         <run_address>0xad94</run_address>
         <size>0x2</size>
         <input_file_ref idref="fl-1f"/>
      </object_component>
      <object_component id="oc-105">
         <name>Cla1Prog:_Cla1Task6</name>
         <load_address>0xad96</load_address>
         <run_address>0xad96</run_address>
         <size>0x2</size>
         <input_file_ref idref="fl-1f"/>
      </object_component>
      <object_component id="oc-106">
         <name>Cla1Prog:_Cla1Task7</name>
         <load_address>0xad98</load_address>
         <run_address>0xad98</run_address>
         <size>0x2</size>
         <input_file_ref idref="fl-1f"/>
      </object_component>
      <object_component id="oc-107">
         <name>Cla1Prog:_Cla1Task8</name>
         <load_address>0xad9a</load_address>
         <run_address>0xad9a</run_address>
         <size>0x2</size>
         <input_file_ref idref="fl-1f"/>
      </object_component>
      <object_component id="oc-111">
         <name>Cla1ToCpuMsgRAM</name>
         <uninitialized>true</uninitialized>
         <run_address>0x1480</run_address>
         <size>0x74</size>
         <input_file_ref idref="fl-26"/>
      </object_component>
      <object_component id="oc-110">
         <name>CpuToCla1MsgRAM</name>
         <uninitialized>true</uninitialized>
         <run_address>0x1500</run_address>
         <size>0x2</size>
         <input_file_ref idref="fl-26"/>
      </object_component>
      <object_component id="oc-f9">
         <name>.TI.ramfunc</name>
         <load_address>0x122</load_address>
         <run_address>0x122</run_address>
         <size>0x4</size>
         <input_file_ref idref="fl-1b"/>
      </object_component>
      <object_component id="oc-118">
         <name>.scratchpad:Cla1Prog:_CLAcos</name>
         <uninitialized>true</uninitialized>
         <run_address>0x8900</run_address>
         <size>0x2</size>
         <input_file_ref idref="fl-32"/>
      </object_component>
      <object_component id="oc-11e">
         <name>.scratchpad:Cla1Prog:_CLAsin</name>
         <uninitialized>true</uninitialized>
         <run_address>0x8900</run_address>
         <size>0x2</size>
         <input_file_ref idref="fl-33"/>
      </object_component>
      <object_component id="oc-124">
         <name>.scratchpad:Cla1Prog:_CLAsqrt</name>
         <uninitialized>true</uninitialized>
         <run_address>0x8900</run_address>
         <size>0x4</size>
         <input_file_ref idref="fl-34"/>
      </object_component>
      <object_component id="oc-ff">
         <name>.bss_cla</name>
         <uninitialized>true</uninitialized>
         <run_address>0x8904</run_address>
         <size>0x4</size>
         <input_file_ref idref="fl-1f"/>
      </object_component>
      <object_component id="oc-f3">
         <name>PieVectTableFile</name>
         <uninitialized>true</uninitialized>
         <run_address>0xd00</run_address>
         <size>0x1c0</size>
         <input_file_ref idref="fl-c"/>
      </object_component>
      <object_component id="oc-92">
         <name>EmuKeyVar</name>
         <uninitialized>true</uninitialized>
         <run_address>0xd00</run_address>
         <size>0x1</size>
         <input_file_ref idref="fl-c"/>
      </object_component>
      <object_component id="oc-93">
         <name>EmuBModeVar</name>
         <uninitialized>true</uninitialized>
         <run_address>0xd01</run_address>
         <size>0x1</size>
         <input_file_ref idref="fl-c"/>
      </object_component>
      <object_component id="oc-aa">
         <name>AdcaResultFile</name>
         <uninitialized>true</uninitialized>
         <run_address>0xb00</run_address>
         <size>0x18</size>
         <input_file_ref idref="fl-c"/>
      </object_component>
      <object_component id="oc-a9">
         <name>AdcbResultFile</name>
         <uninitialized>true</uninitialized>
         <run_address>0xb20</run_address>
         <size>0x18</size>
         <input_file_ref idref="fl-c"/>
      </object_component>
      <object_component id="oc-ac">
         <name>AdccResultFile</name>
         <uninitialized>true</uninitialized>
         <run_address>0xb40</run_address>
         <size>0x18</size>
         <input_file_ref idref="fl-c"/>
      </object_component>
      <object_component id="oc-ab">
         <name>AdcdResultFile</name>
         <uninitialized>true</uninitialized>
         <run_address>0xb60</run_address>
         <size>0x18</size>
         <input_file_ref idref="fl-c"/>
      </object_component>
      <object_component id="oc-db">
         <name>AdcaRegsFile</name>
         <uninitialized>true</uninitialized>
         <run_address>0x7400</run_address>
         <size>0x80</size>
         <input_file_ref idref="fl-c"/>
      </object_component>
      <object_component id="oc-da">
         <name>AdcbRegsFile</name>
         <uninitialized>true</uninitialized>
         <run_address>0x7480</run_address>
         <size>0x80</size>
         <input_file_ref idref="fl-c"/>
      </object_component>
      <object_component id="oc-dd">
         <name>AdccRegsFile</name>
         <uninitialized>true</uninitialized>
         <run_address>0x7500</run_address>
         <size>0x80</size>
         <input_file_ref idref="fl-c"/>
      </object_component>
      <object_component id="oc-dc">
         <name>AdcdRegsFile</name>
         <uninitialized>true</uninitialized>
         <run_address>0x7580</run_address>
         <size>0x80</size>
         <input_file_ref idref="fl-c"/>
      </object_component>
      <object_component id="oc-d7">
         <name>AnalogSubsysRegsFile</name>
         <uninitialized>true</uninitialized>
         <run_address>0x5d180</run_address>
         <size>0x48</size>
         <input_file_ref idref="fl-c"/>
      </object_component>
      <object_component id="oc-d1">
         <name>Cla1RegsFile</name>
         <uninitialized>true</uninitialized>
         <run_address>0x1400</run_address>
         <size>0x3e</size>
         <input_file_ref idref="fl-c"/>
      </object_component>
      <object_component id="oc-97">
         <name>Cla1SoftIntRegsFile</name>
         <uninitialized>true</uninitialized>
         <run_address>0xce0</run_address>
         <size>0x4</size>
         <input_file_ref idref="fl-c"/>
      </object_component>
      <object_component id="oc-bd">
         <name>Cmpss1RegsFile</name>
         <uninitialized>true</uninitialized>
         <run_address>0x5c80</run_address>
         <size>0x20</size>
         <input_file_ref idref="fl-c"/>
      </object_component>
      <object_component id="oc-bc">
         <name>Cmpss2RegsFile</name>
         <uninitialized>true</uninitialized>
         <run_address>0x5ca0</run_address>
         <size>0x20</size>
         <input_file_ref idref="fl-c"/>
      </object_component>
      <object_component id="oc-bf">
         <name>Cmpss3RegsFile</name>
         <uninitialized>true</uninitialized>
         <run_address>0x5cc0</run_address>
         <size>0x20</size>
         <input_file_ref idref="fl-c"/>
      </object_component>
      <object_component id="oc-be">
         <name>Cmpss4RegsFile</name>
         <uninitialized>true</uninitialized>
         <run_address>0x5ce0</run_address>
         <size>0x20</size>
         <input_file_ref idref="fl-c"/>
      </object_component>
      <object_component id="oc-c0">
         <name>Cmpss5RegsFile</name>
         <uninitialized>true</uninitialized>
         <run_address>0x5d00</run_address>
         <size>0x20</size>
         <input_file_ref idref="fl-c"/>
      </object_component>
      <object_component id="oc-b8">
         <name>Cmpss6RegsFile</name>
         <uninitialized>true</uninitialized>
         <run_address>0x5d20</run_address>
         <size>0x20</size>
         <input_file_ref idref="fl-c"/>
      </object_component>
      <object_component id="oc-b7">
         <name>Cmpss7RegsFile</name>
         <uninitialized>true</uninitialized>
         <run_address>0x5d40</run_address>
         <size>0x20</size>
         <input_file_ref idref="fl-c"/>
      </object_component>
      <object_component id="oc-ba">
         <name>Cmpss8RegsFile</name>
         <uninitialized>true</uninitialized>
         <run_address>0x5d60</run_address>
         <size>0x20</size>
         <input_file_ref idref="fl-c"/>
      </object_component>
      <object_component id="oc-9e">
         <name>CpuTimer0RegsFile</name>
         <uninitialized>true</uninitialized>
         <run_address>0xc00</run_address>
         <size>0x8</size>
         <input_file_ref idref="fl-c"/>
      </object_component>
      <object_component id="oc-9d">
         <name>CpuTimer1RegsFile</name>
         <uninitialized>true</uninitialized>
         <run_address>0xc08</run_address>
         <size>0x8</size>
         <input_file_ref idref="fl-c"/>
      </object_component>
      <object_component id="oc-a0">
         <name>CpuTimer2RegsFile</name>
         <uninitialized>true</uninitialized>
         <run_address>0xc10</run_address>
         <size>0x8</size>
         <input_file_ref idref="fl-c"/>
      </object_component>
      <object_component id="oc-9a">
         <name>DacaRegsFile</name>
         <uninitialized>true</uninitialized>
         <run_address>0x5c00</run_address>
         <size>0x8</size>
         <input_file_ref idref="fl-c"/>
      </object_component>
      <object_component id="oc-9c">
         <name>DacbRegsFile</name>
         <uninitialized>true</uninitialized>
         <run_address>0x5c10</run_address>
         <size>0x8</size>
         <input_file_ref idref="fl-c"/>
      </object_component>
      <object_component id="oc-9f">
         <name>DaccRegsFile</name>
         <uninitialized>true</uninitialized>
         <run_address>0x5c20</run_address>
         <size>0x8</size>
         <input_file_ref idref="fl-c"/>
      </object_component>
      <object_component id="oc-c9">
         <name>DcsmZ1RegsFile</name>
         <uninitialized>true</uninitialized>
         <run_address>0x5f000</run_address>
         <size>0x24</size>
         <input_file_ref idref="fl-c"/>
      </object_component>
      <object_component id="oc-c8">
         <name>DcsmZ2RegsFile</name>
         <uninitialized>true</uninitialized>
         <run_address>0x5f040</run_address>
         <size>0x24</size>
         <input_file_ref idref="fl-c"/>
      </object_component>
      <object_component id="oc-9b">
         <name>DcsmCommonRegsFile</name>
         <uninitialized>true</uninitialized>
         <run_address>0x5f070</run_address>
         <size>0x8</size>
         <input_file_ref idref="fl-c"/>
      </object_component>
      <object_component id="oc-b9">
         <name>DcsmZ1OtpFile</name>
         <uninitialized>true</uninitialized>
         <run_address>0x78000</run_address>
         <size>0x20</size>
         <input_file_ref idref="fl-c"/>
      </object_component>
      <object_component id="oc-bb">
         <name>DcsmZ2OtpFile</name>
         <uninitialized>true</uninitialized>
         <run_address>0x78200</run_address>
         <size>0x20</size>
         <input_file_ref idref="fl-c"/>
      </object_component>
      <object_component id="oc-e2">
         <name>DmaRegsFile</name>
         <uninitialized>true</uninitialized>
         <run_address>0x1000</run_address>
         <size>0xe0</size>
         <input_file_ref idref="fl-c"/>
      </object_component>
      <object_component id="oc-ad">
         <name>DmaClaSrcSelRegsFile</name>
         <uninitialized>true</uninitialized>
         <run_address>0x7980</run_address>
         <size>0x1a</size>
         <input_file_ref idref="fl-c"/>
      </object_component>
      <object_component id="oc-c1">
         <name>ECap1RegsFile</name>
         <uninitialized>true</uninitialized>
         <run_address>0x5000</run_address>
         <size>0x20</size>
         <input_file_ref idref="fl-c"/>
      </object_component>
      <object_component id="oc-c2">
         <name>ECap2RegsFile</name>
         <uninitialized>true</uninitialized>
         <run_address>0x5020</run_address>
         <size>0x20</size>
         <input_file_ref idref="fl-c"/>
      </object_component>
      <object_component id="oc-b6">
         <name>ECap3RegsFile</name>
         <uninitialized>true</uninitialized>
         <run_address>0x5040</run_address>
         <size>0x20</size>
         <input_file_ref idref="fl-c"/>
      </object_component>
      <object_component id="oc-b0">
         <name>ECap4RegsFile</name>
         <uninitialized>true</uninitialized>
         <run_address>0x5060</run_address>
         <size>0x20</size>
         <input_file_ref idref="fl-c"/>
      </object_component>
      <object_component id="oc-b1">
         <name>ECap5RegsFile</name>
         <uninitialized>true</uninitialized>
         <run_address>0x5080</run_address>
         <size>0x20</size>
         <input_file_ref idref="fl-c"/>
      </object_component>
      <object_component id="oc-af">
         <name>ECap6RegsFile</name>
         <uninitialized>true</uninitialized>
         <run_address>0x50a0</run_address>
         <size>0x20</size>
         <input_file_ref idref="fl-c"/>
      </object_component>
      <object_component id="oc-d9">
         <name>Emif1RegsFile</name>
         <uninitialized>true</uninitialized>
         <run_address>0x47000</run_address>
         <size>0x70</size>
         <input_file_ref idref="fl-c"/>
      </object_component>
      <object_component id="oc-d8">
         <name>Emif2RegsFile</name>
         <uninitialized>true</uninitialized>
         <run_address>0x47800</run_address>
         <size>0x70</size>
         <input_file_ref idref="fl-c"/>
      </object_component>
      <object_component id="oc-e7">
         <name>EPwm1RegsFile</name>
         <uninitialized>true</uninitialized>
         <run_address>0x4000</run_address>
         <size>0x100</size>
         <input_file_ref idref="fl-c"/>
      </object_component>
      <object_component id="oc-e6">
         <name>EPwm2RegsFile</name>
         <uninitialized>true</uninitialized>
         <run_address>0x4100</run_address>
         <size>0x100</size>
         <input_file_ref idref="fl-c"/>
      </object_component>
      <object_component id="oc-e9">
         <name>EPwm3RegsFile</name>
         <uninitialized>true</uninitialized>
         <run_address>0x4200</run_address>
         <size>0x100</size>
         <input_file_ref idref="fl-c"/>
      </object_component>
      <object_component id="oc-e4">
         <name>EPwm4RegsFile</name>
         <uninitialized>true</uninitialized>
         <run_address>0x4300</run_address>
         <size>0x100</size>
         <input_file_ref idref="fl-c"/>
      </object_component>
      <object_component id="oc-e3">
         <name>EPwm5RegsFile</name>
         <uninitialized>true</uninitialized>
         <run_address>0x4400</run_address>
         <size>0x100</size>
         <input_file_ref idref="fl-c"/>
      </object_component>
      <object_component id="oc-e8">
         <name>EPwm6RegsFile</name>
         <uninitialized>true</uninitialized>
         <run_address>0x4500</run_address>
         <size>0x100</size>
         <input_file_ref idref="fl-c"/>
      </object_component>
      <object_component id="oc-e5">
         <name>EPwm7RegsFile</name>
         <uninitialized>true</uninitialized>
         <run_address>0x4600</run_address>
         <size>0x100</size>
         <input_file_ref idref="fl-c"/>
      </object_component>
      <object_component id="oc-ee">
         <name>EPwm8RegsFile</name>
         <uninitialized>true</uninitialized>
         <run_address>0x4700</run_address>
         <size>0x100</size>
         <input_file_ref idref="fl-c"/>
      </object_component>
      <object_component id="oc-ec">
         <name>EPwm9RegsFile</name>
         <uninitialized>true</uninitialized>
         <run_address>0x4800</run_address>
         <size>0x100</size>
         <input_file_ref idref="fl-c"/>
      </object_component>
      <object_component id="oc-ed">
         <name>EPwm10RegsFile</name>
         <uninitialized>true</uninitialized>
         <run_address>0x4900</run_address>
         <size>0x100</size>
         <input_file_ref idref="fl-c"/>
      </object_component>
      <object_component id="oc-ea">
         <name>EPwm11RegsFile</name>
         <uninitialized>true</uninitialized>
         <run_address>0x4a00</run_address>
         <size>0x100</size>
         <input_file_ref idref="fl-c"/>
      </object_component>
      <object_component id="oc-eb">
         <name>EPwm12RegsFile</name>
         <uninitialized>true</uninitialized>
         <run_address>0x4b00</run_address>
         <size>0x100</size>
         <input_file_ref idref="fl-c"/>
      </object_component>
      <object_component id="oc-d4">
         <name>EPwmXbarRegsFile</name>
         <uninitialized>true</uninitialized>
         <run_address>0x7a00</run_address>
         <size>0x40</size>
         <input_file_ref idref="fl-c"/>
      </object_component>
      <object_component id="oc-c3">
         <name>EQep1RegsFile</name>
         <uninitialized>true</uninitialized>
         <run_address>0x5100</run_address>
         <size>0x22</size>
         <input_file_ref idref="fl-c"/>
      </object_component>
      <object_component id="oc-c4">
         <name>EQep2RegsFile</name>
         <uninitialized>true</uninitialized>
         <run_address>0x5140</run_address>
         <size>0x22</size>
         <input_file_ref idref="fl-c"/>
      </object_component>
      <object_component id="oc-c7">
         <name>EQep3RegsFile</name>
         <uninitialized>true</uninitialized>
         <run_address>0x5180</run_address>
         <size>0x22</size>
         <input_file_ref idref="fl-c"/>
      </object_component>
      <object_component id="oc-f2">
         <name>Flash0CtrlRegsFile</name>
         <uninitialized>true</uninitialized>
         <run_address>0x5f800</run_address>
         <size>0x182</size>
         <input_file_ref idref="fl-c"/>
      </object_component>
      <object_component id="oc-cd">
         <name>Flash0EccRegsFile</name>
         <uninitialized>true</uninitialized>
         <run_address>0x5fb00</run_address>
         <size>0x28</size>
         <input_file_ref idref="fl-c"/>
      </object_component>
      <object_component id="oc-f1">
         <name>Flash1CtrlRegsFile</name>
         <uninitialized>true</uninitialized>
         <run_address>0x5fc00</run_address>
         <size>0x182</size>
         <input_file_ref idref="fl-c"/>
      </object_component>
      <object_component id="oc-cc">
         <name>Flash1EccRegsFile</name>
         <uninitialized>true</uninitialized>
         <run_address>0x5ff00</run_address>
         <size>0x28</size>
         <input_file_ref idref="fl-c"/>
      </object_component>
      <object_component id="oc-f0">
         <name>GpioCtrlRegsFile</name>
         <uninitialized>true</uninitialized>
         <run_address>0x7c00</run_address>
         <size>0x180</size>
         <input_file_ref idref="fl-c"/>
      </object_component>
      <object_component id="oc-cf">
         <name>GpioDataRegsFile</name>
         <uninitialized>true</uninitialized>
         <run_address>0x7f00</run_address>
         <size>0x30</size>
         <input_file_ref idref="fl-c"/>
      </object_component>
      <object_component id="oc-d5">
         <name>OutputXbarRegsFile</name>
         <uninitialized>true</uninitialized>
         <run_address>0x7a80</run_address>
         <size>0x40</size>
         <input_file_ref idref="fl-c"/>
      </object_component>
      <object_component id="oc-c6">
         <name>I2caRegsFile</name>
         <uninitialized>true</uninitialized>
         <run_address>0x7300</run_address>
         <size>0x22</size>
         <input_file_ref idref="fl-c"/>
      </object_component>
      <object_component id="oc-c5">
         <name>I2cbRegsFile</name>
         <uninitialized>true</uninitialized>
         <run_address>0x7340</run_address>
         <size>0x22</size>
         <input_file_ref idref="fl-c"/>
      </object_component>
      <object_component id="oc-b4">
         <name>InputXbarRegsFile</name>
         <uninitialized>true</uninitialized>
         <run_address>0x7900</run_address>
         <size>0x20</size>
         <input_file_ref idref="fl-c"/>
      </object_component>
      <object_component id="oc-b5">
         <name>XbarRegsFile</name>
         <uninitialized>true</uninitialized>
         <run_address>0x7920</run_address>
         <size>0x20</size>
         <input_file_ref idref="fl-c"/>
      </object_component>
      <object_component id="oc-95">
         <name>FlashPumpSemaphoreRegsFile</name>
         <uninitialized>true</uninitialized>
         <run_address>0x50024</run_address>
         <size>0x2</size>
         <input_file_ref idref="fl-c"/>
      </object_component>
      <object_component id="oc-94">
         <name>RomPrefetchRegsFile</name>
         <uninitialized>true</uninitialized>
         <run_address>0x5e608</run_address>
         <size>0x2</size>
         <input_file_ref idref="fl-c"/>
      </object_component>
      <object_component id="oc-e0">
         <name>MemCfgRegsFile</name>
         <uninitialized>true</uninitialized>
         <run_address>0x5f400</run_address>
         <size>0x80</size>
         <input_file_ref idref="fl-c"/>
      </object_component>
      <object_component id="oc-b2">
         <name>Emif1ConfigRegsFile</name>
         <uninitialized>true</uninitialized>
         <run_address>0x5f480</run_address>
         <size>0x20</size>
         <input_file_ref idref="fl-c"/>
      </object_component>
      <object_component id="oc-b3">
         <name>Emif2ConfigRegsFile</name>
         <uninitialized>true</uninitialized>
         <run_address>0x5f4a0</run_address>
         <size>0x20</size>
         <input_file_ref idref="fl-c"/>
      </object_component>
      <object_component id="oc-d2">
         <name>AccessProtectionRegsFile</name>
         <uninitialized>true</uninitialized>
         <run_address>0x5f4c0</run_address>
         <size>0x40</size>
         <input_file_ref idref="fl-c"/>
      </object_component>
      <object_component id="oc-d3">
         <name>MemoryErrorRegsFile</name>
         <uninitialized>true</uninitialized>
         <run_address>0x5f500</run_address>
         <size>0x40</size>
         <input_file_ref idref="fl-c"/>
      </object_component>
      <object_component id="oc-96">
         <name>RomWaitStateRegsFile</name>
         <uninitialized>true</uninitialized>
         <run_address>0x5f540</run_address>
         <size>0x2</size>
         <input_file_ref idref="fl-c"/>
      </object_component>
      <object_component id="oc-cb">
         <name>McbspaRegsFile</name>
         <uninitialized>true</uninitialized>
         <run_address>0x6000</run_address>
         <size>0x24</size>
         <input_file_ref idref="fl-c"/>
      </object_component>
      <object_component id="oc-ca">
         <name>McbspbRegsFile</name>
         <uninitialized>true</uninitialized>
         <run_address>0x6040</run_address>
         <size>0x24</size>
         <input_file_ref idref="fl-c"/>
      </object_component>
      <object_component id="oc-d6">
         <name>UppRegsFile</name>
         <uninitialized>true</uninitialized>
         <run_address>0x6200</run_address>
         <size>0x48</size>
         <input_file_ref idref="fl-c"/>
      </object_component>
      <object_component id="oc-99">
         <name>NmiIntruptRegsFile</name>
         <uninitialized>true</uninitialized>
         <run_address>0x7060</run_address>
         <size>0x7</size>
         <input_file_ref idref="fl-c"/>
      </object_component>
      <object_component id="oc-ae">
         <name>PieCtrlRegsFile</name>
         <uninitialized>true</uninitialized>
         <run_address>0xce0</run_address>
         <size>0x1a</size>
         <input_file_ref idref="fl-c"/>
      </object_component>
      <object_component id="oc-a7">
         <name>SciaRegsFile</name>
         <uninitialized>true</uninitialized>
         <run_address>0x7200</run_address>
         <size>0x10</size>
         <input_file_ref idref="fl-c"/>
      </object_component>
      <object_component id="oc-a6">
         <name>ScibRegsFile</name>
         <uninitialized>true</uninitialized>
         <run_address>0x7210</run_address>
         <size>0x10</size>
         <input_file_ref idref="fl-c"/>
      </object_component>
      <object_component id="oc-a8">
         <name>ScicRegsFile</name>
         <uninitialized>true</uninitialized>
         <run_address>0x7220</run_address>
         <size>0x10</size>
         <input_file_ref idref="fl-c"/>
      </object_component>
      <object_component id="oc-a5">
         <name>ScidRegsFile</name>
         <uninitialized>true</uninitialized>
         <run_address>0x7230</run_address>
         <size>0x10</size>
         <input_file_ref idref="fl-c"/>
      </object_component>
      <object_component id="oc-de">
         <name>Sdfm1RegsFile</name>
         <uninitialized>true</uninitialized>
         <run_address>0x5e00</run_address>
         <size>0x80</size>
         <input_file_ref idref="fl-c"/>
      </object_component>
      <object_component id="oc-df">
         <name>Sdfm2RegsFile</name>
         <uninitialized>true</uninitialized>
         <run_address>0x5e80</run_address>
         <size>0x80</size>
         <input_file_ref idref="fl-c"/>
      </object_component>
      <object_component id="oc-a2">
         <name>SpiaRegsFile</name>
         <uninitialized>true</uninitialized>
         <run_address>0x6100</run_address>
         <size>0x10</size>
         <input_file_ref idref="fl-c"/>
      </object_component>
      <object_component id="oc-a4">
         <name>SpibRegsFile</name>
         <uninitialized>true</uninitialized>
         <run_address>0x6110</run_address>
         <size>0x10</size>
         <input_file_ref idref="fl-c"/>
      </object_component>
      <object_component id="oc-a3">
         <name>SpicRegsFile</name>
         <uninitialized>true</uninitialized>
         <run_address>0x6120</run_address>
         <size>0x10</size>
         <input_file_ref idref="fl-c"/>
      </object_component>
      <object_component id="oc-ef">
         <name>DevCfgRegsFile</name>
         <uninitialized>true</uninitialized>
         <run_address>0x5d000</run_address>
         <size>0x12e</size>
         <input_file_ref idref="fl-c"/>
      </object_component>
      <object_component id="oc-d0">
         <name>ClkCfgRegsFile</name>
         <uninitialized>true</uninitialized>
         <run_address>0x5d200</run_address>
         <size>0x32</size>
         <input_file_ref idref="fl-c"/>
      </object_component>
      <object_component id="oc-e1">
         <name>CpuSysRegsFile</name>
         <uninitialized>true</uninitialized>
         <run_address>0x5d300</run_address>
         <size>0x82</size>
         <input_file_ref idref="fl-c"/>
      </object_component>
      <object_component id="oc-98">
         <name>SyncSocRegsFile</name>
         <uninitialized>true</uninitialized>
         <run_address>0x7940</run_address>
         <size>0x6</size>
         <input_file_ref idref="fl-c"/>
      </object_component>
      <object_component id="oc-ce">
         <name>WdRegsFile</name>
         <uninitialized>true</uninitialized>
         <run_address>0x7000</run_address>
         <size>0x2b</size>
         <input_file_ref idref="fl-c"/>
      </object_component>
      <object_component id="oc-a1">
         <name>XintRegsFile</name>
         <uninitialized>true</uninitialized>
         <run_address>0x7070</run_address>
         <size>0xb</size>
         <input_file_ref idref="fl-c"/>
      </object_component>
      <object_component id="oc-119">
         <name>.debug_info</name>
         <load_address>0x0</load_address>
         <run_address>0x0</run_address>
         <size>0x125</size>
         <input_file_ref idref="fl-32"/>
      </object_component>
      <object_component id="oc-11f">
         <name>.debug_info</name>
         <load_address>0x125</load_address>
         <run_address>0x125</run_address>
         <size>0x125</size>
         <input_file_ref idref="fl-33"/>
      </object_component>
      <object_component id="oc-125">
         <name>.debug_info</name>
         <load_address>0x24a</load_address>
         <run_address>0x24a</run_address>
         <size>0x128</size>
         <input_file_ref idref="fl-34"/>
      </object_component>
      <object_component id="oc-12a">
         <name>.debug_info</name>
         <load_address>0x372</load_address>
         <run_address>0x372</run_address>
         <size>0x46ee</size>
         <input_file_ref idref="fl-35"/>
      </object_component>
      <object_component id="oc-132">
         <name>.debug_info</name>
         <load_address>0x4a60</load_address>
         <run_address>0x4a60</run_address>
         <size>0x16c</size>
         <input_file_ref idref="fl-36"/>
      </object_component>
      <object_component id="oc-136">
         <name>.debug_info</name>
         <load_address>0x4bcc</load_address>
         <run_address>0x4bcc</run_address>
         <size>0x628</size>
         <input_file_ref idref="fl-37"/>
      </object_component>
      <object_component id="oc-13c">
         <name>.debug_info</name>
         <load_address>0x51f4</load_address>
         <run_address>0x51f4</run_address>
         <size>0x113</size>
         <input_file_ref idref="fl-38"/>
      </object_component>
      <object_component id="oc-140">
         <name>.debug_info</name>
         <load_address>0x5307</load_address>
         <run_address>0x5307</run_address>
         <size>0x927</size>
         <input_file_ref idref="fl-39"/>
      </object_component>
      <object_component id="oc-146">
         <name>.debug_info</name>
         <load_address>0x5c2e</load_address>
         <run_address>0x5c2e</run_address>
         <size>0x43b</size>
         <input_file_ref idref="fl-3a"/>
      </object_component>
      <object_component id="oc-14b">
         <name>.debug_info</name>
         <load_address>0x6069</load_address>
         <run_address>0x6069</run_address>
         <size>0x1bc</size>
         <input_file_ref idref="fl-3b"/>
      </object_component>
      <object_component id="oc-14f">
         <name>.debug_info</name>
         <load_address>0x6225</load_address>
         <run_address>0x6225</run_address>
         <size>0x5ac</size>
         <input_file_ref idref="fl-3c"/>
      </object_component>
      <object_component id="oc-157">
         <name>.debug_info</name>
         <load_address>0x67d1</load_address>
         <run_address>0x67d1</run_address>
         <size>0x10d</size>
         <input_file_ref idref="fl-3d"/>
      </object_component>
      <object_component id="oc-15b">
         <name>.debug_info</name>
         <load_address>0x68de</load_address>
         <run_address>0x68de</run_address>
         <size>0x3e3</size>
         <input_file_ref idref="fl-3e"/>
      </object_component>
      <object_component id="oc-160">
         <name>.debug_info</name>
         <load_address>0x6cc1</load_address>
         <run_address>0x6cc1</run_address>
         <size>0x549</size>
         <input_file_ref idref="fl-3f"/>
      </object_component>
      <object_component id="oc-166">
         <name>.debug_info</name>
         <load_address>0x720a</load_address>
         <run_address>0x720a</run_address>
         <size>0x435</size>
         <input_file_ref idref="fl-40"/>
      </object_component>
      <object_component id="oc-16b">
         <name>.debug_info</name>
         <load_address>0x763f</load_address>
         <run_address>0x763f</run_address>
         <size>0x3e0</size>
         <input_file_ref idref="fl-41"/>
      </object_component>
      <object_component id="oc-170">
         <name>.debug_info</name>
         <load_address>0x7a1f</load_address>
         <run_address>0x7a1f</run_address>
         <size>0x502</size>
         <input_file_ref idref="fl-42"/>
      </object_component>
      <object_component id="oc-175">
         <name>.debug_info</name>
         <load_address>0x7f21</load_address>
         <run_address>0x7f21</run_address>
         <size>0x4cf</size>
         <input_file_ref idref="fl-43"/>
      </object_component>
      <object_component id="oc-17a">
         <name>.debug_info</name>
         <load_address>0x83f0</load_address>
         <run_address>0x83f0</run_address>
         <size>0x47f</size>
         <input_file_ref idref="fl-44"/>
      </object_component>
      <object_component id="oc-233">
         <name>.debug_info</name>
         <load_address>0x886f</load_address>
         <run_address>0x886f</run_address>
         <size>0xa5</size>
      </object_component>
      <object_component id="oc-11a">
         <name>.debug_line</name>
         <load_address>0x0</load_address>
         <run_address>0x0</run_address>
         <size>0x8c</size>
         <input_file_ref idref="fl-32"/>
      </object_component>
      <object_component id="oc-120">
         <name>.debug_line</name>
         <load_address>0x8c</load_address>
         <run_address>0x8c</run_address>
         <size>0x8c</size>
         <input_file_ref idref="fl-33"/>
      </object_component>
      <object_component id="oc-126">
         <name>.debug_line</name>
         <load_address>0x118</load_address>
         <run_address>0x118</run_address>
         <size>0x81</size>
         <input_file_ref idref="fl-34"/>
      </object_component>
      <object_component id="oc-12e">
         <name>.debug_line</name>
         <load_address>0x199</load_address>
         <run_address>0x199</run_address>
         <size>0x183</size>
         <input_file_ref idref="fl-35"/>
      </object_component>
      <object_component id="oc-133">
         <name>.debug_line</name>
         <load_address>0x31c</load_address>
         <run_address>0x31c</run_address>
         <size>0x7e</size>
         <input_file_ref idref="fl-36"/>
      </object_component>
      <object_component id="oc-138">
         <name>.debug_line</name>
         <load_address>0x39a</load_address>
         <run_address>0x39a</run_address>
         <size>0x6a</size>
         <input_file_ref idref="fl-37"/>
      </object_component>
      <object_component id="oc-13d">
         <name>.debug_line</name>
         <load_address>0x404</load_address>
         <run_address>0x404</run_address>
         <size>0x50</size>
         <input_file_ref idref="fl-38"/>
      </object_component>
      <object_component id="oc-143">
         <name>.debug_line</name>
         <load_address>0x454</load_address>
         <run_address>0x454</run_address>
         <size>0x213</size>
         <input_file_ref idref="fl-39"/>
      </object_component>
      <object_component id="oc-148">
         <name>.debug_line</name>
         <load_address>0x667</load_address>
         <run_address>0x667</run_address>
         <size>0x57</size>
         <input_file_ref idref="fl-3a"/>
      </object_component>
      <object_component id="oc-153">
         <name>.debug_line</name>
         <load_address>0x6be</load_address>
         <run_address>0x6be</run_address>
         <size>0x65</size>
         <input_file_ref idref="fl-3c"/>
      </object_component>
      <object_component id="oc-158">
         <name>.debug_line</name>
         <load_address>0x723</load_address>
         <run_address>0x723</run_address>
         <size>0xad</size>
         <input_file_ref idref="fl-3d"/>
      </object_component>
      <object_component id="oc-15d">
         <name>.debug_line</name>
         <load_address>0x7d0</load_address>
         <run_address>0x7d0</run_address>
         <size>0x3e</size>
         <input_file_ref idref="fl-3e"/>
      </object_component>
      <object_component id="oc-163">
         <name>.debug_line</name>
         <load_address>0x80e</load_address>
         <run_address>0x80e</run_address>
         <size>0x6e</size>
         <input_file_ref idref="fl-3f"/>
      </object_component>
      <object_component id="oc-168">
         <name>.debug_line</name>
         <load_address>0x87c</load_address>
         <run_address>0x87c</run_address>
         <size>0x63</size>
         <input_file_ref idref="fl-40"/>
      </object_component>
      <object_component id="oc-16d">
         <name>.debug_line</name>
         <load_address>0x8df</load_address>
         <run_address>0x8df</run_address>
         <size>0x3a</size>
         <input_file_ref idref="fl-41"/>
      </object_component>
      <object_component id="oc-172">
         <name>.debug_line</name>
         <load_address>0x919</load_address>
         <run_address>0x919</run_address>
         <size>0x5e</size>
         <input_file_ref idref="fl-42"/>
      </object_component>
      <object_component id="oc-177">
         <name>.debug_line</name>
         <load_address>0x977</load_address>
         <run_address>0x977</run_address>
         <size>0x55</size>
         <input_file_ref idref="fl-43"/>
      </object_component>
      <object_component id="oc-17c">
         <name>.debug_line</name>
         <load_address>0x9cc</load_address>
         <run_address>0x9cc</run_address>
         <size>0x46</size>
         <input_file_ref idref="fl-44"/>
      </object_component>
      <object_component id="oc-11b">
         <name>.debug_abbrev</name>
         <load_address>0x0</load_address>
         <run_address>0x0</run_address>
         <size>0x27</size>
         <input_file_ref idref="fl-32"/>
      </object_component>
      <object_component id="oc-121">
         <name>.debug_abbrev</name>
         <load_address>0x27</load_address>
         <run_address>0x27</run_address>
         <size>0x27</size>
         <input_file_ref idref="fl-33"/>
      </object_component>
      <object_component id="oc-127">
         <name>.debug_abbrev</name>
         <load_address>0x4e</load_address>
         <run_address>0x4e</run_address>
         <size>0x27</size>
         <input_file_ref idref="fl-34"/>
      </object_component>
      <object_component id="oc-12f">
         <name>.debug_abbrev</name>
         <load_address>0x75</load_address>
         <run_address>0x75</run_address>
         <size>0x12f</size>
         <input_file_ref idref="fl-35"/>
      </object_component>
      <object_component id="oc-134">
         <name>.debug_abbrev</name>
         <load_address>0x1a4</load_address>
         <run_address>0x1a4</run_address>
         <size>0x46</size>
         <input_file_ref idref="fl-36"/>
      </object_component>
      <object_component id="oc-139">
         <name>.debug_abbrev</name>
         <load_address>0x1ea</load_address>
         <run_address>0x1ea</run_address>
         <size>0xfa</size>
         <input_file_ref idref="fl-37"/>
      </object_component>
      <object_component id="oc-13e">
         <name>.debug_abbrev</name>
         <load_address>0x2e4</load_address>
         <run_address>0x2e4</run_address>
         <size>0x32</size>
         <input_file_ref idref="fl-38"/>
      </object_component>
      <object_component id="oc-144">
         <name>.debug_abbrev</name>
         <load_address>0x316</load_address>
         <run_address>0x316</run_address>
         <size>0xea</size>
         <input_file_ref idref="fl-39"/>
      </object_component>
      <object_component id="oc-149">
         <name>.debug_abbrev</name>
         <load_address>0x400</load_address>
         <run_address>0x400</run_address>
         <size>0xbd</size>
         <input_file_ref idref="fl-3a"/>
      </object_component>
      <object_component id="oc-14e">
         <name>.debug_abbrev</name>
         <load_address>0x4bd</load_address>
         <run_address>0x4bd</run_address>
         <size>0x31</size>
         <input_file_ref idref="fl-3b"/>
      </object_component>
      <object_component id="oc-154">
         <name>.debug_abbrev</name>
         <load_address>0x4ee</load_address>
         <run_address>0x4ee</run_address>
         <size>0x142</size>
         <input_file_ref idref="fl-3c"/>
      </object_component>
      <object_component id="oc-159">
         <name>.debug_abbrev</name>
         <load_address>0x630</load_address>
         <run_address>0x630</run_address>
         <size>0x38</size>
         <input_file_ref idref="fl-3d"/>
      </object_component>
      <object_component id="oc-15e">
         <name>.debug_abbrev</name>
         <load_address>0x668</load_address>
         <run_address>0x668</run_address>
         <size>0x68</size>
         <input_file_ref idref="fl-3e"/>
      </object_component>
      <object_component id="oc-164">
         <name>.debug_abbrev</name>
         <load_address>0x6d0</load_address>
         <run_address>0x6d0</run_address>
         <size>0xd6</size>
         <input_file_ref idref="fl-3f"/>
      </object_component>
      <object_component id="oc-169">
         <name>.debug_abbrev</name>
         <load_address>0x7a6</load_address>
         <run_address>0x7a6</run_address>
         <size>0x9d</size>
         <input_file_ref idref="fl-40"/>
      </object_component>
      <object_component id="oc-16e">
         <name>.debug_abbrev</name>
         <load_address>0x843</load_address>
         <run_address>0x843</run_address>
         <size>0x66</size>
         <input_file_ref idref="fl-41"/>
      </object_component>
      <object_component id="oc-173">
         <name>.debug_abbrev</name>
         <load_address>0x8a9</load_address>
         <run_address>0x8a9</run_address>
         <size>0xb2</size>
         <input_file_ref idref="fl-42"/>
      </object_component>
      <object_component id="oc-178">
         <name>.debug_abbrev</name>
         <load_address>0x95b</load_address>
         <run_address>0x95b</run_address>
         <size>0xfe</size>
         <input_file_ref idref="fl-43"/>
      </object_component>
      <object_component id="oc-17d">
         <name>.debug_abbrev</name>
         <load_address>0xa59</load_address>
         <run_address>0xa59</run_address>
         <size>0xa8</size>
         <input_file_ref idref="fl-44"/>
      </object_component>
      <object_component id="oc-234">
         <name>.debug_abbrev</name>
         <load_address>0xb01</load_address>
         <run_address>0xb01</run_address>
         <size>0xf</size>
      </object_component>
      <object_component id="oc-11c">
         <name>.debug_aranges</name>
         <load_address>0x0</load_address>
         <run_address>0x0</run_address>
         <size>0x20</size>
         <input_file_ref idref="fl-32"/>
      </object_component>
      <object_component id="oc-122">
         <name>.debug_aranges</name>
         <load_address>0x20</load_address>
         <run_address>0x20</run_address>
         <size>0x20</size>
         <input_file_ref idref="fl-33"/>
      </object_component>
      <object_component id="oc-128">
         <name>.debug_aranges</name>
         <load_address>0x40</load_address>
         <run_address>0x40</run_address>
         <size>0x20</size>
         <input_file_ref idref="fl-34"/>
      </object_component>
      <object_component id="oc-135">
         <name>.debug_aranges</name>
         <load_address>0x60</load_address>
         <run_address>0x60</run_address>
         <size>0x20</size>
         <input_file_ref idref="fl-36"/>
      </object_component>
      <object_component id="oc-13a">
         <name>.debug_aranges</name>
         <load_address>0x80</load_address>
         <run_address>0x80</run_address>
         <size>0x20</size>
         <input_file_ref idref="fl-37"/>
      </object_component>
      <object_component id="oc-13f">
         <name>.debug_aranges</name>
         <load_address>0xa0</load_address>
         <run_address>0xa0</run_address>
         <size>0x20</size>
         <input_file_ref idref="fl-38"/>
      </object_component>
      <object_component id="oc-145">
         <name>.debug_aranges</name>
         <load_address>0xc0</load_address>
         <run_address>0xc0</run_address>
         <size>0x20</size>
         <input_file_ref idref="fl-39"/>
      </object_component>
      <object_component id="oc-14a">
         <name>.debug_aranges</name>
         <load_address>0xe0</load_address>
         <run_address>0xe0</run_address>
         <size>0x20</size>
         <input_file_ref idref="fl-3a"/>
      </object_component>
      <object_component id="oc-155">
         <name>.debug_aranges</name>
         <load_address>0x100</load_address>
         <run_address>0x100</run_address>
         <size>0x28</size>
         <input_file_ref idref="fl-3c"/>
      </object_component>
      <object_component id="oc-15a">
         <name>.debug_aranges</name>
         <load_address>0x128</load_address>
         <run_address>0x128</run_address>
         <size>0x20</size>
         <input_file_ref idref="fl-3d"/>
      </object_component>
      <object_component id="oc-15f">
         <name>.debug_aranges</name>
         <load_address>0x148</load_address>
         <run_address>0x148</run_address>
         <size>0x20</size>
         <input_file_ref idref="fl-3e"/>
      </object_component>
      <object_component id="oc-165">
         <name>.debug_aranges</name>
         <load_address>0x168</load_address>
         <run_address>0x168</run_address>
         <size>0x20</size>
         <input_file_ref idref="fl-3f"/>
      </object_component>
      <object_component id="oc-16a">
         <name>.debug_aranges</name>
         <load_address>0x188</load_address>
         <run_address>0x188</run_address>
         <size>0x20</size>
         <input_file_ref idref="fl-40"/>
      </object_component>
      <object_component id="oc-16f">
         <name>.debug_aranges</name>
         <load_address>0x1a8</load_address>
         <run_address>0x1a8</run_address>
         <size>0x20</size>
         <input_file_ref idref="fl-41"/>
      </object_component>
      <object_component id="oc-174">
         <name>.debug_aranges</name>
         <load_address>0x1c8</load_address>
         <run_address>0x1c8</run_address>
         <size>0x30</size>
         <input_file_ref idref="fl-42"/>
      </object_component>
      <object_component id="oc-179">
         <name>.debug_aranges</name>
         <load_address>0x1f8</load_address>
         <run_address>0x1f8</run_address>
         <size>0x20</size>
         <input_file_ref idref="fl-43"/>
      </object_component>
      <object_component id="oc-17e">
         <name>.debug_aranges</name>
         <load_address>0x218</load_address>
         <run_address>0x218</run_address>
         <size>0x20</size>
         <input_file_ref idref="fl-44"/>
      </object_component>
      <object_component id="oc-12d">
         <name>.debug_frame</name>
         <load_address>0x0</load_address>
         <run_address>0x0</run_address>
         <size>0xb4</size>
         <input_file_ref idref="fl-35"/>
      </object_component>
      <object_component id="oc-137">
         <name>.debug_frame</name>
         <load_address>0xb4</load_address>
         <run_address>0xb4</run_address>
         <size>0xba</size>
         <input_file_ref idref="fl-37"/>
      </object_component>
      <object_component id="oc-142">
         <name>.debug_frame</name>
         <load_address>0x16e</load_address>
         <run_address>0x16e</run_address>
         <size>0xc4</size>
         <input_file_ref idref="fl-39"/>
      </object_component>
      <object_component id="oc-147">
         <name>.debug_frame</name>
         <load_address>0x232</load_address>
         <run_address>0x232</run_address>
         <size>0xa7</size>
         <input_file_ref idref="fl-3a"/>
      </object_component>
      <object_component id="oc-152">
         <name>.debug_frame</name>
[...]
      <symbol id="sm-75b7">
         <name>_Itx_qe_factor</name>
         <value>0x93c4</value>
         <object_component_ref idref="oc-116"/>
      </symbol>
      <symbol id="sm-75b9">
         <name>_OmegaM</name>
         <value>0x93c6</value>
         <object_component_ref idref="oc-116"/>
      </symbol>
      <symbol id="sm-75bb">
         <name>_dac_factor</name>
         <value>0x93c8</value>
         <object_component_ref idref="oc-116"/>
      </symbol>
      <symbol id="sm-75bd">
         <name>_Vtx_factor</name>
         <value>0x93ca</value>
         <object_component_ref idref="oc-116"/>
      </symbol>
      <symbol id="sm-75bf">
         <name>_Ki_dto</name>
         <value>0x93cc</value>
         <object_component_ref idref="oc-116"/>
      </symbol>
      <symbol id="sm-75c1">
         <name>_Vdrhh</name>
         <value>0x93ce</value>
         <object_component_ref idref="oc-116"/>
      </symbol>
      <symbol id="sm-75c3">
         <name>_Ki_qto</name>
         <value>0x93d0</value>
         <object_component_ref idref="oc-116"/>
      </symbol>
      <symbol id="sm-75c5">
         <name>_Kp_dto</name>
         <value>0x93d2</value>
         <object_component_ref idref="oc-116"/>
      </symbol>
      <symbol id="sm-75c7">
         <name>_VdrL</name>
         <value>0x93d4</value>
         <object_component_ref idref="oc-116"/>
      </symbol>
      <symbol id="sm-75c9">
         <name>_Idrh_cmd_integ</name>
         <value>0x93d6</value>
         <object_component_ref idref="oc-116"/>
      </symbol>
      <symbol id="sm-75cb">
         <name>_Iqrh_ff</name>
         <value>0x93d8</value>
         <object_component_ref idref="oc-116"/>
      </symbol>
      <symbol id="sm-75cd">
         <name>_Ki_dro</name>
         <value>0x93da</value>
         <object_component_ref idref="oc-116"/>
      </symbol>
      <symbol id="sm-75cf">
         <name>_Kp_dro</name>
         <value>0x93dc</value>
         <object_component_ref idref="oc-116"/>
      </symbol>
      <symbol id="sm-75d1">
         <name>_Itx_de_ref</name>
         <value>0x93de</value>
         <object_component_ref idref="oc-116"/>
      </symbol>
      <symbol id="sm-75d3">
         <name>_temp_sin</name>
         <value>0x93e0</value>
         <object_component_ref idref="oc-116"/>
      </symbol>
      <symbol id="sm-75d5">
         <name>_Kp_qto</name>
         <value>0x93e2</value>
         <object_component_ref idref="oc-116"/>
      </symbol>
      <symbol id="sm-75d7">
         <name>_RLd</name>
         <value>0x93e4</value>
         <object_component_ref idref="oc-116"/>
      </symbol>
      <symbol id="sm-75d9">
         <name>_Ki_qro</name>
         <value>0x93e6</value>
         <object_component_ref idref="oc-116"/>
      </symbol>
      <symbol id="sm-75db">
         <name>_Iqrhh</name>
         <value>0x93e8</value>
         <object_component_ref idref="oc-116"/>
      </symbol>
      <symbol id="sm-75dd">
         <name>_Iqrh_err</name>
         <value>0x93ea</value>
         <object_component_ref idref="oc-116"/>
      </symbol>
      <symbol id="sm-75df">
         <name>_VqrL</name>
         <value>0x93ec</value>
         <object_component_ref idref="oc-116"/>
      </symbol>
      <symbol id="sm-75e1">
         <name>_Iqrh_cmd_integ</name>
         <value>0x93ee</value>
         <object_component_ref idref="oc-116"/>
      </symbol>
      <symbol id="sm-75e3">
         <name>_Iqth_cmd_integ</name>
         <value>0x93f0</value>
         <object_component_ref idref="oc-116"/>
      </symbol>
      <symbol id="sm-75e5">
         <name>_Iqth_err</name>
         <value>0x93f2</value>
         <object_component_ref idref="oc-116"/>
      </symbol>
      <symbol id="sm-75e7">
         <name>_Iqth_cmd</name>
         <value>0x93f4</value>
         <object_component_ref idref="oc-116"/>
      </symbol>
      <symbol id="sm-75e9">
         <name>_Idrh_err</name>
         <value>0x93f6</value>
         <object_component_ref idref="oc-116"/>
      </symbol>
      <symbol id="sm-75eb">
         <name>_Vqrhh</name>
         <value>0x93f8</value>
         <object_component_ref idref="oc-116"/>
      </symbol>
      <symbol id="sm-75ed">
         <name>_Kp_qro</name>
         <value>0x93fa</value>
         <object_component_ref idref="oc-116"/>
      </symbol>
      <symbol id="sm-75ef">
         <name>_Idrhh</name>
         <value>0x93fc</value>
         <object_component_ref idref="oc-116"/>
      </symbol>
      <symbol id="sm-75f1">
         <name>_RLq</name>
         <value>0x93fe</value>
         <object_component_ref idref="oc-116"/>
      </symbol>
      <symbol id="sm-75f3">
         <name>_Idth_ff</name>
         <value>0x9400</value>
         <object_component_ref idref="oc-116"/>
      </symbol>
      <symbol id="sm-75f5">
         <name>_Idrh_ff</name>
         <value>0x9402</value>
         <object_component_ref idref="oc-116"/>
      </symbol>
      <symbol id="sm-75f7">
         <name>_Idth_ff2</name>
         <value>0x9404</value>
         <object_component_ref idref="oc-116"/>
      </symbol>
      <symbol id="sm-75f9">
         <name>_Itx_1</name>
         <value>0x9406</value>
         <object_component_ref idref="oc-116"/>
      </symbol>
      <symbol id="sm-75fb">
         <name>_Itx_2</name>
         <value>0x9408</value>
         <object_component_ref idref="oc-116"/>
      </symbol>
      <symbol id="sm-75fd">
         <name>_Itx</name>
         <value>0x940a</value>
         <object_component_ref idref="oc-116"/>
      </symbol>
      <symbol id="sm-75ff">
         <name>_Vdc_rx</name>
         <value>0x940c</value>
         <object_component_ref idref="oc-116"/>
      </symbol>
      <symbol id="sm-7601">
         <name>_Vdc_rx_flt</name>
         <value>0x940e</value>
         <object_component_ref idref="oc-116"/>
      </symbol>
      <symbol id="sm-7603">
         <name>_Vdc_tx_flt</name>
         <value>0x9410</value>
         <object_component_ref idref="oc-116"/>
      </symbol>
      <symbol id="sm-7605">
         <name>_Itx_qe</name>
         <value>0x9412</value>
         <object_component_ref idref="oc-116"/>
      </symbol>
      <symbol id="sm-7607">
         <name>_Itx_de_sum</name>
         <value>0x9414</value>
         <object_component_ref idref="oc-116"/>
      </symbol>
      <symbol id="sm-7609">
         <name>_Itx_de</name>
         <value>0x9416</value>
         <object_component_ref idref="oc-116"/>
      </symbol>
      <symbol id="sm-760b">
         <name>_Itx_ds</name>
         <value>0x9418</value>
         <object_component_ref idref="oc-116"/>
      </symbol>
      <symbol id="sm-760d">
         <name>_Itx_qs</name>
         <value>0x941a</value>
         <object_component_ref idref="oc-116"/>
      </symbol>
      <symbol id="sm-760f">
         <name>_Irx</name>
         <value>0x941c</value>
         <object_component_ref idref="oc-116"/>
      </symbol>
      <symbol id="sm-7611">
         <name>_fsw2</name>
         <value>0x941e</value>
         <object_component_ref idref="oc-116"/>
      </symbol>
      <symbol id="sm-7613">
         <name>_Tsamp</name>
         <value>0x9420</value>
         <object_component_ref idref="oc-116"/>
      </symbol>
      <symbol id="sm-7615">
         <name>_fsw</name>
         <value>0x9422</value>
         <object_component_ref idref="oc-116"/>
      </symbol>
      <symbol id="sm-7617">
         <name>_adc_cnt</name>
         <value>0x9424</value>
         <object_component_ref idref="oc-116"/>
      </symbol>
      <symbol id="sm-7619">
         <name>_HRPWM_TBPRD</name>
         <value>0x9426</value>
         <object_component_ref idref="oc-116"/>
      </symbol>
      <symbol id="sm-761b">
         <name>_cc_cnt</name>
         <value>0x9428</value>
         <object_component_ref idref="oc-116"/>
      </symbol>
      <symbol id="sm-761d">
         <name>_Vdc_tx</name>
         <value>0x942a</value>
         <object_component_ref idref="oc-116"/>
      </symbol>
      <symbol id="sm-761f">
         <name>_Vdc_tx_inv</name>
         <value>0x942c</value>
         <object_component_ref idref="oc-116"/>
      </symbol>
      <symbol id="sm-7621">
         <name>_adc_offset</name>
         <value>0x942e</value>
         <object_component_ref idref="oc-116"/>
      </symbol>
      <symbol id="sm-7623">
         <name>_temp</name>
         <value>0x9430</value>
         <object_component_ref idref="oc-116"/>
      </symbol>
      <symbol id="sm-7625">
         <name>_w_sw</name>
         <value>0x9432</value>
         <object_component_ref idref="oc-116"/>
      </symbol>
      <symbol id="sm-7627">
         <name>_Tsamp2</name>
         <value>0x9434</value>
         <object_component_ref idref="oc-116"/>
      </symbol>
      <symbol id="sm-7629">
         <name>_Vtx_duty</name>
         <value>0x9436</value>
         <object_component_ref idref="oc-116"/>
      </symbol>
      <symbol id="sm-762b">
         <name>_Itx_qe_ff</name>
         <value>0x9438</value>
         <object_component_ref idref="oc-116"/>
      </symbol>
      <symbol id="sm-762d">
         <name>_Vtx_cmd_ff</name>
         <value>0x943a</value>
         <object_component_ref idref="oc-116"/>
      </symbol>
      <symbol id="sm-762f">
         <name>_Vtx_cmd</name>
         <value>0x943c</value>
         <object_component_ref idref="oc-116"/>
      </symbol>
      <symbol id="sm-7631">
         <name>_Vtx_cmd_sat</name>
         <value>0x943e</value>
         <object_component_ref idref="oc-116"/>
      </symbol>
      <symbol id="sm-7633">
         <name>_Vtx_cmd_integ</name>
         <value>0x9440</value>
         <object_component_ref idref="oc-116"/>
      </symbol>
      <symbol id="sm-7635">
         <name>_Ltx</name>
         <value>0x9442</value>
         <object_component_ref idref="oc-116"/>
      </symbol>
      <symbol id="sm-7637">
         <name>_Rtx</name>
         <value>0x9444</value>
         <object_component_ref idref="oc-116"/>
      </symbol>
      <symbol id="sm-7639">
         <name>_Ka_cc</name>
         <value>0x9446</value>
         <object_component_ref idref="oc-116"/>
      </symbol>
      <symbol id="sm-763b">
         <name>_Kp_cc</name>
         <value>0x9448</value>
         <object_component_ref idref="oc-116"/>
      </symbol>
      <symbol id="sm-763d">
         <name>_Ki_cc</name>
         <value>0x944a</value>
         <object_component_ref idref="oc-116"/>
      </symbol>
      <symbol id="sm-763f">
         <name>_w_cc</name>
         <value>0x944c</value>
         <object_component_ref idref="oc-116"/>
      </symbol>
      <symbol id="sm-7641">
         <name>_Itx_phase</name>
         <value>0x944e</value>
         <object_component_ref idref="oc-116"/>
      </symbol>
      <symbol id="sm-7643">
         <name>_theta</name>
         <value>0x9450</value>
         <object_component_ref idref="oc-116"/>
      </symbol>
      <symbol id="sm-7645">
         <name>_Itx_mag_cmd</name>
         <value>0x9452</value>
         <object_component_ref idref="oc-116"/>
      </symbol>
      <symbol id="sm-7647">
         <name>_Itx_qe_sum</name>
         <value>0x9454</value>
         <object_component_ref idref="oc-116"/>
      </symbol>
      <symbol id="sm-7649">
         <name>_Itx_de_avg</name>
         <value>0x9456</value>
         <object_component_ref idref="oc-116"/>
      </symbol>
      <symbol id="sm-764b">
         <name>_Itx_phase_flt</name>
         <value>0x9458</value>
         <object_component_ref idref="oc-116"/>
      </symbol>
      <symbol id="sm-764d">
         <name>_Itx_mag_err</name>
         <value>0x945a</value>
         <object_component_ref idref="oc-116"/>
      </symbol>
      <symbol id="sm-764f">
         <name>_Itx_mag_errsum</name>
         <value>0x945c</value>
         <object_component_ref idref="oc-116"/>
      </symbol>
      <symbol id="sm-7651">
         <name>_Irx_magh</name>
         <value>0x945e</value>
         <object_component_ref idref="oc-116"/>
      </symbol>
      <symbol id="sm-7653">
         <name>_Itx_mag</name>
         <value>0x9460</value>
         <object_component_ref idref="oc-116"/>
      </symbol>
      <symbol id="sm-7655">
         <name>_Itx_qe_avg</name>
         <value>0x9462</value>
         <object_component_ref idref="oc-116"/>
      </symbol>
      <symbol id="sm-7657">
         <name>_Irx_mag</name>
         <value>0x9464</value>
         <object_component_ref idref="oc-116"/>
      </symbol>
      <symbol id="sm-7659">
         <name>_DAC_PTR</name>
         <value>0x9466</value>
         <object_component_ref idref="oc-116"/>
      </symbol>
      <symbol id="sm-765b">
         <name>_HPF1</name>
         <value>0x946e</value>
         <object_component_ref idref="oc-116"/>
      </symbol>
      <symbol id="sm-765d">
         <name>_HPF2</name>
         <value>0x9480</value>
         <object_component_ref idref="oc-116"/>
      </symbol>
      <symbol id="sm-765f">
         <name>_BPF</name>
         <value>0x9496</value>
         <object_component_ref idref="oc-116"/>
      </symbol>
      <symbol id="sm-7661">
         <name>_NF</name>
         <value>0x94c0</value>
         <object_component_ref idref="oc-116"/>
      </symbol>
      <symbol id="sm-7663">
         <name>_LPF1</name>
         <value>0x9500</value>
         <object_component_ref idref="oc-116"/>
      </symbol>
      <symbol id="sm-7665">
         <name>_LPF2</name>
         <value>0x9580</value>
         <object_component_ref idref="oc-116"/>
      </symbol>
      <symbol id="sm-7678">
         <name>_CLAcos</name>
         <value>0xacfe</value>
         <object_component_ref idref="oc-117"/>
      </symbol>
      <symbol id="sm-7688">
         <name>_CLAsin</name>
         <value>0xad36</value>
         <object_component_ref idref="oc-11d"/>
      </symbol>
      <symbol id="sm-7698">
         <name>_CLAsqrt</name>
         <value>0xad6e</value>
         <object_component_ref idref="oc-123"/>
      </symbol>
      <symbol id="sm-76c0">
         <name>_SFO_CAL</name>
         <value>0x9375</value>
         <object_component_ref idref="oc-12c"/>
      </symbol>
      <symbol id="sm-76c1">
         <name>_MEP_SF</name>
         <value>0x9376</value>
         <object_component_ref idref="oc-12c"/>
      </symbol>
      <symbol id="sm-76c2">
         <name>_SFO</name>
         <value>0x12cb7</value>
         <object_component_ref idref="oc-129"/>
      </symbol>
      <symbol id="sm-76dd">
         <name>_c_int00</name>
         <value>0x13058</value>
         <object_component_ref idref="oc-8c"/>
      </symbol>
      <symbol id="sm-76de">
         <name>__stack</name>
         <value>0x6b0</value>
         <object_component_ref idref="oc-130"/>
      </symbol>
      <symbol id="sm-76f4">
         <name>_copy_in</name>
         <value>0x130fc</value>
         <object_component_ref idref="oc-180"/>
      </symbol>
      <symbol id="sm-7703">
         <name>_ppcopy</name>
         <value>0x131f1</value>
         <object_component_ref idref="oc-13b"/>
      </symbol>
      <symbol id="sm-7704">
         <name>_dpcopy</name>
         <value>0x131f1</value>
         <object_component_ref idref="oc-13b"/>
      </symbol>
      <symbol id="sm-7705">
         <name>_pdcopy</name>
         <value>0x131f1</value>
         <object_component_ref idref="oc-13b"/>
      </symbol>
      <symbol id="sm-7706">
         <name>_ddcopy</name>
         <value>0x131f1</value>
         <object_component_ref idref="oc-13b"/>
      </symbol>
      <symbol id="sm-7760">
         <name>_powf</name>
         <value>0x11b44</value>
         <object_component_ref idref="oc-193"/>
      </symbol>
      <symbol id="sm-7761">
         <name>_pow</name>
         <value>0x11b44</value>
         <object_component_ref idref="oc-193"/>
      </symbol>
      <symbol id="sm-7772">
         <name>_sqrtf</name>
         <value>0x131cc</value>
         <object_component_ref idref="oc-186"/>
      </symbol>
      <symbol id="sm-7773">
         <name>_sqrt</name>
         <value>0x131cc</value>
         <object_component_ref idref="oc-186"/>
      </symbol>
      <symbol id="sm-777e">
         <name>_errno</name>
         <value>0x95ff</value>
         <object_component_ref idref="oc-14d"/>
      </symbol>
      <symbol id="sm-7793">
         <name>C$$EXIT</name>
         <value>0x12fc7</value>
         <object_component_ref idref="oc-183"/>
      </symbol>
      <symbol id="sm-7794">
         <name>_exit</name>
         <value>0x12fc9</value>
         <object_component_ref idref="oc-183"/>
      </symbol>
      <symbol id="sm-7795">
         <name>___TI_cleanup_ptr</name>
         <value>0x967a</value>
         <object_component_ref idref="oc-151"/>
      </symbol>
      <symbol id="sm-7796">
         <name>___TI_enable_exit_profile_output</name>
         <value>0x9678</value>
         <object_component_ref idref="oc-151"/>
      </symbol>
      <symbol id="sm-7797">
         <name>_abort</name>
         <value>0x12fc7</value>
         <object_component_ref idref="oc-183"/>
      </symbol>
      <symbol id="sm-7798">
         <name>___TI_dtors_ptr</name>
         <value>0x967c</value>
         <object_component_ref idref="oc-151"/>
      </symbol>
      <symbol id="sm-77a9">
         <name>FS$$DIV</name>
         <value>0x12df7</value>
         <object_component_ref idref="oc-156"/>
      </symbol>
      <symbol id="sm-77b6">
         <name>__system_pre_init</name>
         <value>0x12ff0</value>
         <object_component_ref idref="oc-17f"/>
      </symbol>
      <symbol id="sm-77ce">
         <name>_scalbn</name>
         <value>0x12efb</value>
         <object_component_ref idref="oc-19b"/>
      </symbol>
      <symbol id="sm-77cf">
         <name>_ldexp</name>
         <value>0x12efb</value>
         <object_component_ref idref="oc-19b"/>
      </symbol>
      <symbol id="sm-77d0">
         <name>_scalbnf</name>
         <value>0x12efb</value>
         <object_component_ref idref="oc-19b"/>
      </symbol>
      <symbol id="sm-77d1">
         <name>_ldexpf</name>
         <value>0x12efb</value>
         <object_component_ref idref="oc-19b"/>
      </symbol>
      <symbol id="sm-77df">
         <name>_sin</name>
         <value>0x13000</value>
         <object_component_ref idref="oc-185"/>
      </symbol>
      <symbol id="sm-77e0">
         <name>_sinf</name>
         <value>0x13000</value>
         <object_component_ref idref="oc-185"/>
      </symbol>
      <symbol id="sm-77ed">
         <name>__system_post_cinit</name>
         <value>0x12ff2</value>
         <object_component_ref idref="oc-181"/>
      </symbol>
      <symbol id="sm-7802">
         <name>__unlock</name>
         <value>0x95fc</value>
         <object_component_ref idref="oc-19c"/>
      </symbol>
      <symbol id="sm-7803">
         <name>__lock</name>
         <value>0x937e</value>
         <object_component_ref idref="oc-188"/>
      </symbol>
      <symbol id="sm-7804">
         <name>__register_lock</name>
         <value>0x11ff8</value>
         <object_component_ref idref="oc-194"/>
      </symbol>
      <symbol id="sm-7805">
         <name>__nop</name>
         <value>0x11ffc</value>
         <object_component_ref idref="oc-194"/>
      </symbol>
      <symbol id="sm-7806">
         <name>__register_unlock</name>
         <value>0x11ff4</value>
         <object_component_ref idref="oc-194"/>
      </symbol>
      <symbol id="sm-7816">
         <name>__args_main</name>
         <value>0x1320b</value>
         <object_component_ref idref="oc-182"/>
      </symbol>
      <symbol id="sm-7823">
         <name>_copysignf</name>
         <value>0x13224</value>
         <object_component_ref idref="oc-19d"/>
      </symbol>
      <symbol id="sm-7824">
         <name>_copysign</name>
         <value>0x13224</value>
         <object_component_ref idref="oc-19d"/>
      </symbol>
   </symbol_table>
   <title>Link successful</title>
</link_info>
