******************************************************************************
             TMS320C2000 Linker PC v15.12.3                    
******************************************************************************
>> Linked Fri Aug 14 18:28:03 2020

OUTPUT FILE NAME:   <wpt_cla_NEC.out>
ENTRY POINT SYMBOL: "_c_int00"  address: 00013058


MEMORY CONFIGURATION

         name            origin    length      used     unused   attr    fill
----------------------  --------  ---------  --------  --------  ----  --------
PAGE 0:
  BEGIN                 00000000   00000002  00000002  00000000  RWIX
  RAMM0                 00000122   0000058e  00000004  0000058a  RWIX
  RAMLS4_LS5            0000ac00   00000400  0000019c  00000264  RWIX
  RAMD0                 0000b000   00000800  0000069a  00000166  RWIX
  RAMD1                 0000b800   00000800  00000000  00000800  RWIX
  RESET                 003fffc0   00000002  00000000  00000002  RWIX

PAGE 1:
  BOOT_RSVD             00000002   00000120  00000000  00000120  RWIX
  RAMM1                 000006b0   00000150  00000100  00000050  RWIX
  ADCA_RESULT           00000b00   00000020  00000018  00000008  RWIX
  ADCB_RESULT           00000b20   00000020  00000018  00000008  RWIX
  ADCC_RESULT           00000b40   00000020  00000018  00000008  RWIX
  ADCD_RESULT           00000b60   00000020  00000018  00000008  RWIX
  CPU_TIMER0            00000c00   00000008  00000008  00000000  RWIX
  CPU_TIMER1            00000c08   00000008  00000008  00000000  RWIX
  CPU_TIMER2            00000c10   00000008  00000008  00000000  RWIX
  PIE_CTRL              00000ce0   00000020  0000001a  00000006  RWIX
  PIE_VECT              00000d00   00000200  000001c0  00000040  RWIX
  DMA                   00001000   00000200  000000e0  00000120  RWIX
  CLA1                  00001400   00000040  0000003e  00000002  RWIX
  CLA1_MSGRAMLOW        00001480   00000080  00000074  0000000c  RWIX
  CLA1_MSGRAMHIGH       00001500   00000080  00000002  0000007e  RWIX
  EPWM1                 00004000   00000100  00000100  00000000  RWIX
  EPWM2                 00004100   00000100  00000100  00000000  RWIX
  EPWM3                 00004200   00000100  00000100  00000000  RWIX
  EPWM4                 00004300   00000100  00000100  00000000  RWIX
  EPWM5                 00004400   00000100  00000100  00000000  RWIX
  EPWM6                 00004500   00000100  00000100  00000000  RWIX
  EPWM7                 00004600   00000100  00000100  00000000  RWIX
  EPWM8                 00004700   00000100  00000100  00000000  RWIX
  EPWM9                 00004800   00000100  00000100  00000000  RWIX
  EPWM10                00004900   00000100  00000100  00000000  RWIX
  EPWM11                00004a00   00000100  00000100  00000000  RWIX
  EPWM12                00004b00   00000100  00000100  00000000  RWIX
  ECAP1                 00005000   00000020  00000020  00000000  RWIX
  ECAP2                 00005020   00000020  00000020  00000000  RWIX
  ECAP3                 00005040   00000020  00000020  00000000  RWIX
  ECAP4                 00005060   00000020  00000020  00000000  RWIX
  ECAP5                 00005080   00000020  00000020  00000000  RWIX
  ECAP6                 000050a0   00000020  00000020  00000000  RWIX
  EQEP1                 00005100   00000040  00000022  0000001e  RWIX
  EQEP2                 00005140   00000040  00000022  0000001e  RWIX
  EQEP3                 00005180   00000040  00000022  0000001e  RWIX
  DACA                  00005c00   00000010  00000008  00000008  RWIX
  DACB                  00005c10   00000010  00000008  00000008  RWIX
  DACC                  00005c20   00000010  00000008  00000008  RWIX
  CMPSS1                00005c80   00000020  00000020  00000000  RWIX
  CMPSS2                00005ca0   00000020  00000020  00000000  RWIX
  CMPSS3                00005cc0   00000020  00000020  00000000  RWIX
  CMPSS4                00005ce0   00000020  00000020  00000000  RWIX
  CMPSS5                00005d00   00000020  00000020  00000000  RWIX
  CMPSS6                00005d20   00000020  00000020  00000000  RWIX
  CMPSS7                00005d40   00000020  00000020  00000000  RWIX
  CMPSS8                00005d60   00000020  00000020  00000000  RWIX
  SDFM1                 00005e00   00000080  00000080  00000000  RWIX
  SDFM2                 00005e80   00000080  00000080  00000000  RWIX
  MCBSPA                00006000   00000040  00000024  0000001c  RWIX
  MCBSPB                00006040   00000040  00000024  0000001c  RWIX
  SPIA                  00006100   00000010  00000010  00000000  RWIX
  SPIB                  00006110   00000010  00000010  00000000  RWIX
  SPIC                  00006120   00000010  00000010  00000000  RWIX
  SPID                  00006130   00000010  00000000  00000010  RWIX
  UPP                   00006200   00000100  00000048  000000b8  RWIX
  WD                    00007000   00000040  0000002b  00000015  RWIX
  NMIINTRUPT            00007060   00000010  00000007  00000009  RWIX
  XINT                  00007070   00000010  0000000b  00000005  RWIX
  SCIA                  00007200   00000010  00000010  00000000  RWIX
  SCIB                  00007210   00000010  00000010  00000000  RWIX
  SCIC                  00007220   00000010  00000010  00000000  RWIX
  SCID                  00007230   00000010  00000010  00000000  RWIX
  I2CA                  00007300   00000040  00000022  0000001e  RWIX
  I2CB                  00007340   00000040  00000022  0000001e  RWIX
  ADCA                  00007400   00000080  00000080  00000000  RWIX
  ADCB                  00007480   00000080  00000080  00000000  RWIX
  ADCC                  00007500   00000080  00000080  00000000  RWIX
  ADCD                  00007580   00000080  00000080  00000000  RWIX
  INPUT_XBAR            00007900   00000020  00000020  00000000  RWIX
  XBAR                  00007920   00000020  00000020  00000000  RWIX
  SYNC_SOC              00007940   00000010  00000006  0000000a  RWIX
  DMACLASRCSEL          00007980   00000040  0000001a  00000026  RWIX
  EPWM_XBAR             00007a00   00000040  00000040  00000000  RWIX
  CLB_XBAR              00007a40   00000040  00000000  00000040  RWIX
  OUTPUT_XBAR           00007a80   00000040  00000040  00000000  RWIX
  GPIOCTRL              00007c00   00000180  00000180  00000000  RWIX
  GPIODAT               00007f00   00000030  00000030  00000000  RWIX
  RAMLS0                00008000   00000800  00000156  000006aa  RWIX
  RAMLS1                00008800   00000800  00000108  000006f8  RWIX
  RAMLS2                00009000   00001800  000006b3  0000114d  RWIX
  RAMLS3                0000a800   00000400  00000204  000001fc  RWIX
  RAMGS0                0000c000   00001000  00000000  00001000  RWIX
  RAMGS1                0000d000   00001000  00000000  00001000  RWIX
  RAMGS2                0000e000   00001000  00000000  00001000  RWIX
  RAMGS3                0000f000   00001000  00000000  00001000  RWIX
  RAMGS4                00010000   00001000  00000000  00001000  RWIX
  RAMGS5                00011000   00001000  00001000  00000000  RWIX
  RAMGS6                00012000   00001000  00000ff3  0000000d  RWIX
  RAMGS7                00013000   00001000  00000235  00000dcb  RWIX
  RAMGS8                00014000   00001000  00000000  00001000  RWIX
  RAMGS9                00015000   00001000  00000000  00001000  RWIX
  RAMGS10               00016000   00001000  00000000  00001000  RWIX
  RAMGS11               00017000   00001000  00000000  00001000  RWIX
  RAMGS12               00018000   00001000  00000000  00001000  RWIX
  RAMGS13               00019000   00001000  00000000  00001000  RWIX
  RAMGS14               0001a000   00001000  00000000  00001000  RWIX
  RAMGS15               0001b000   00001000  00000000  00001000  RWIX
  EMIF1                 00047000   00000800  00000070  00000790  RWIX
  EMIF2                 00047800   00000800  00000070  00000790  RWIX
  CANA                  00048000   00000800  00000000  00000800  RWIX
  CANA_MSG_RAM          00049000   00000800  00000000  00000800  RWIX
  CANB                  0004a000   00000800  00000000  00000800  RWIX
  CANB_MSG_RAM          0004b000   00000800  00000000  00000800  RWIX
  FLASHPUMPSEMAPHORE    00050024   00000002  00000002  00000000  RWIX
  DEV_CFG               0005d000   00000180  0000012e  00000052  RWIX
  ANALOG_SUBSYS         0005d180   00000080  00000048  00000038  RWIX
  CLK_CFG               0005d200   00000100  00000032  000000ce  RWIX
  CPU_SYS               0005d300   00000100  00000082  0000007e  RWIX
  ROMPREFETCH           0005e608   00000002  00000002  00000000  RWIX
  DCSM_Z1               0005f000   00000030  00000024  0000000c  RWIX
  DCSM_Z2               0005f040   00000030  00000024  0000000c  RWIX
  DCSM_COMMON           0005f070   00000010  00000008  00000008  RWIX
  MEMCFG                0005f400   00000080  00000080  00000000  RWIX
  EMIF1CONFIG           0005f480   00000020  00000020  00000000  RWIX
  EMIF2CONFIG           0005f4a0   00000020  00000020  00000000  RWIX
  ACCESSPROTECTION      0005f4c0   00000040  00000040  00000000  RWIX
  MEMORYERROR           0005f500   00000040  00000040  00000000  RWIX
  ROMWAITSTATE          0005f540   00000002  00000002  00000000  RWIX
  FLASH0_CTRL           0005f800   00000300  00000182  0000017e  RWIX
  FLASH0_ECC            0005fb00   00000040  00000028  00000018  RWIX
  FLASH1_CTRL           0005fc00   00000300  00000182  0000017e  RWIX
  FLASH1_ECC            0005ff00   00000040  00000028  00000018  RWIX
  DCSM_Z1_OTP           00078000   00000020  00000020  00000000  RWIX
  DCSM_Z2_OTP           00078200   00000020  00000020  00000000  RWIX


SECTION ALLOCATION MAP

 output                                  attributes/
section   page    origin      length       input sections
--------  ----  ----------  ----------   ----------------
codestart 
*          0    00000000    00000002     
                  00000000    00000002     F2837xS_CodeStartBranch.obj (codestart)

.cinit     0    0000b000    0000069a     
                  0000b000    0000032a     mathtable.obj (.cinit)
                  0000b32a    00000256     variable.obj (.cinit)
                  0000b580    00000062     F2837xS_struct.obj (.cinit)
                  0000b5e2    00000045     da.obj (.cinit)
                  0000b627    00000023     main.obj (.cinit)
                  0000b64a    00000011     easy2837xS_sci_v8.5.obj (.cinit)
                  0000b65b    0000000e     rts2800_fpu32.lib : exit.obj (.cinit)
                  0000b669    0000000d     cc.obj (.cinit)
                  0000b676    0000000c     RingBuff.obj (.cinit)
                  0000b682    00000005     rts2800_fpu32.lib : _lock.obj (.cinit:__lock)
                  0000b687    00000005                       : _lock.obj (.cinit:__unlock)
                  0000b68c    00000004     F2837xS_sci_io.obj (.cinit)
                  0000b690    00000004     SFO_TI_Build_V7_FPU.lib : SFO_v7_fpu_lib_build_c28.obj (.cinit)
                  0000b694    00000004     rts2800_fpu32.lib : errno.obj (.cinit)
                  0000b698    00000002     --HOLE-- [fill = 0]

.pinit     0    00000122    00000000     UNINITIALIZED

.reset     0    003fffc0    00000002     DSECT
                  003fffc0    00000002     rts2800_fpu32.lib : boot.obj (.reset)

.TI.ramfunc 
*          0    00000122    00000004     
                  00000122    00000004     F2837xS_usDelay.obj (.TI.ramfunc)

Cla1Prog   0    0000ac00    0000019c     
                  0000ac00    000000fe     cla_test.obj (Cla1Prog:_Cla1Task1)
                  0000acfe    00000038     cla1_math_library_fpu32.lib : CLAcos.obj (Cla1Prog:_CLAcos)
                  0000ad36    00000038                                 : CLAsin.obj (Cla1Prog:_CLAsin)
                  0000ad6e    00000020                                 : CLAsqrt.obj (Cla1Prog:_CLAsqrt)
                  0000ad8e    00000002     cla_test.obj (Cla1Prog:_Cla1Task2)
                  0000ad90    00000002     cla_test.obj (Cla1Prog:_Cla1Task3)
                  0000ad92    00000002     cla_test.obj (Cla1Prog:_Cla1Task4)
                  0000ad94    00000002     cla_test.obj (Cla1Prog:_Cla1Task5)
                  0000ad96    00000002     cla_test.obj (Cla1Prog:_Cla1Task6)
                  0000ad98    00000002     cla_test.obj (Cla1Prog:_Cla1Task7)
                  0000ad9a    00000002     cla_test.obj (Cla1Prog:_Cla1Task8)

.stack     1    000006b0    00000100     UNINITIALIZED
                  000006b0    00000100     --HOLE--

AdcaResultFile 
*          1    00000b00    00000018     UNINITIALIZED
                  00000b00    00000018     F2837xS_GlobalVariableDefs.obj (AdcaResultFile)

AdcbResultFile 
*          1    00000b20    00000018     UNINITIALIZED
                  00000b20    00000018     F2837xS_GlobalVariableDefs.obj (AdcbResultFile)

AdccResultFile 
*          1    00000b40    00000018     UNINITIALIZED
                  00000b40    00000018     F2837xS_GlobalVariableDefs.obj (AdccResultFile)

AdcdResultFile 
*          1    00000b60    00000018     UNINITIALIZED
                  00000b60    00000018     F2837xS_GlobalVariableDefs.obj (AdcdResultFile)

CpuTimer0RegsFile 
*          1    00000c00    00000008     UNINITIALIZED
                  00000c00    00000008     F2837xS_GlobalVariableDefs.obj (CpuTimer0RegsFile)

CpuTimer1RegsFile 
*          1    00000c08    00000008     UNINITIALIZED
                  00000c08    00000008     F2837xS_GlobalVariableDefs.obj (CpuTimer1RegsFile)

CpuTimer2RegsFile 
*          1    00000c10    00000008     UNINITIALIZED
                  00000c10    00000008     F2837xS_GlobalVariableDefs.obj (CpuTimer2RegsFile)

PieCtrlRegsFile 
*          1    00000ce0    0000001a     UNINITIALIZED
                  00000ce0    0000001a     F2837xS_GlobalVariableDefs.obj (PieCtrlRegsFile)

PieVectTableFile 
*          1    00000d00    000001c0     UNINITIALIZED
                  00000d00    000001c0     F2837xS_GlobalVariableDefs.obj (PieVectTableFile)

EmuKeyVar 
*          1    00000d00    00000001     UNINITIALIZED
                  00000d00    00000001     F2837xS_GlobalVariableDefs.obj (EmuKeyVar)

EmuBModeVar 
*          1    00000d01    00000001     UNINITIALIZED
                  00000d01    00000001     F2837xS_GlobalVariableDefs.obj (EmuBModeVar)

FlashCallbackVar 
*          1    00000d02    00000000     UNINITIALIZED

FlashScalingVar 
*          1    00000d02    00000000     UNINITIALIZED

DmaRegsFile 
*          1    00001000    000000e0     UNINITIALIZED
                  00001000    000000e0     F2837xS_GlobalVariableDefs.obj (DmaRegsFile)

Cla1RegsFile 
*          1    00001400    0000003e     UNINITIALIZED
                  00001400    0000003e     F2837xS_GlobalVariableDefs.obj (Cla1RegsFile)

Cla1ToCpuMsgRAM 
*          1    00001480    00000074     UNINITIALIZED
                  00001480    00000074     main.obj (Cla1ToCpuMsgRAM)

CpuToCla1MsgRAM 
*          1    00001500    00000002     UNINITIALIZED
                  00001500    00000002     main.obj (CpuToCla1MsgRAM)

EPwm1RegsFile 
*          1    00004000    00000100     UNINITIALIZED
                  00004000    00000100     F2837xS_GlobalVariableDefs.obj (EPwm1RegsFile)

EPwm2RegsFile 
*          1    00004100    00000100     UNINITIALIZED
                  00004100    00000100     F2837xS_GlobalVariableDefs.obj (EPwm2RegsFile)

EPwm3RegsFile 
*          1    00004200    00000100     UNINITIALIZED
                  00004200    00000100     F2837xS_GlobalVariableDefs.obj (EPwm3RegsFile)

EPwm4RegsFile 
*          1    00004300    00000100     UNINITIALIZED
                  00004300    00000100     F2837xS_GlobalVariableDefs.obj (EPwm4RegsFile)

EPwm5RegsFile 
*          1    00004400    00000100     UNINITIALIZED
                  00004400    00000100     F2837xS_GlobalVariableDefs.obj (EPwm5RegsFile)

EPwm6RegsFile 
*          1    00004500    00000100     UNINITIALIZED
                  00004500    00000100     F2837xS_GlobalVariableDefs.obj (EPwm6RegsFile)

EPwm7RegsFile 
*          1    00004600    00000100     UNINITIALIZED
                  00004600    00000100     F2837xS_GlobalVariableDefs.obj (EPwm7RegsFile)

EPwm8RegsFile 
*          1    00004700    00000100     UNINITIALIZED
                  00004700    00000100     F2837xS_GlobalVariableDefs.obj (EPwm8RegsFile)

EPwm9RegsFile 
*          1    00004800    00000100     UNINITIALIZED
                  00004800    00000100     F2837xS_GlobalVariableDefs.obj (EPwm9RegsFile)

EPwm10RegsFile 
*          1    00004900    00000100     UNINITIALIZED
                  00004900    00000100     F2837xS_GlobalVariableDefs.obj (EPwm10RegsFile)

EPwm11RegsFile 
*          1    00004a00    00000100     UNINITIALIZED
                  00004a00    00000100     F2837xS_GlobalVariableDefs.obj (EPwm11RegsFile)

EPwm12RegsFile 
*          1    00004b00    00000100     UNINITIALIZED
                  00004b00    00000100     F2837xS_GlobalVariableDefs.obj (EPwm12RegsFile)

ECap1RegsFile 
*          1    00005000    00000020     UNINITIALIZED
                  00005000    00000020     F2837xS_GlobalVariableDefs.obj (ECap1RegsFile)

ECap2RegsFile 
*          1    00005020    00000020     UNINITIALIZED
                  00005020    00000020     F2837xS_GlobalVariableDefs.obj (ECap2RegsFile)

ECap3RegsFile 
*          1    00005040    00000020     UNINITIALIZED
                  00005040    00000020     F2837xS_GlobalVariableDefs.obj (ECap3RegsFile)

ECap4RegsFile 
*          1    00005060    00000020     UNINITIALIZED
                  00005060    00000020     F2837xS_GlobalVariableDefs.obj (ECap4RegsFile)

ECap5RegsFile 
*          1    00005080    00000020     UNINITIALIZED
                  00005080    00000020     F2837xS_GlobalVariableDefs.obj (ECap5RegsFile)

ECap6RegsFile 
*          1    000050a0    00000020     UNINITIALIZED
                  000050a0    00000020     F2837xS_GlobalVariableDefs.obj (ECap6RegsFile)

EQep1RegsFile 
*          1    00005100    00000022     UNINITIALIZED
                  00005100    00000022     F2837xS_GlobalVariableDefs.obj (EQep1RegsFile)

EQep2RegsFile 
*          1    00005140    00000022     UNINITIALIZED
                  00005140    00000022     F2837xS_GlobalVariableDefs.obj (EQep2RegsFile)

EQep3RegsFile 
*          1    00005180    00000022     UNINITIALIZED
                  00005180    00000022     F2837xS_GlobalVariableDefs.obj (EQep3RegsFile)

DacaRegsFile 
*          1    00005c00    00000008     UNINITIALIZED
                  00005c00    00000008     F2837xS_GlobalVariableDefs.obj (DacaRegsFile)

DacbRegsFile 
*          1    00005c10    00000008     UNINITIALIZED
                  00005c10    00000008     F2837xS_GlobalVariableDefs.obj (DacbRegsFile)

DaccRegsFile 
*          1    00005c20    00000008     UNINITIALIZED
                  00005c20    00000008     F2837xS_GlobalVariableDefs.obj (DaccRegsFile)

Cmpss1RegsFile 
*          1    00005c80    00000020     UNINITIALIZED
                  00005c80    00000020     F2837xS_GlobalVariableDefs.obj (Cmpss1RegsFile)

Cmpss2RegsFile 
*          1    00005ca0    00000020     UNINITIALIZED
                  00005ca0    00000020     F2837xS_GlobalVariableDefs.obj (Cmpss2RegsFile)

Cmpss3RegsFile 
*          1    00005cc0    00000020     UNINITIALIZED
                  00005cc0    00000020     F2837xS_GlobalVariableDefs.obj (Cmpss3RegsFile)

Cmpss4RegsFile 
*          1    00005ce0    00000020     UNINITIALIZED
                  00005ce0    00000020     F2837xS_GlobalVariableDefs.obj (Cmpss4RegsFile)

Cmpss5RegsFile 
*          1    00005d00    00000020     UNINITIALIZED
                  00005d00    00000020     F2837xS_GlobalVariableDefs.obj (Cmpss5RegsFile)

Cmpss6RegsFile 
*          1    00005d20    00000020     UNINITIALIZED
                  00005d20    00000020     F2837xS_GlobalVariableDefs.obj (Cmpss6RegsFile)

Cmpss7RegsFile 
*          1    00005d40    00000020     UNINITIALIZED
                  00005d40    00000020     F2837xS_GlobalVariableDefs.obj (Cmpss7RegsFile)

Cmpss8RegsFile 
*          1    00005d60    00000020     UNINITIALIZED
                  00005d60    00000020     F2837xS_GlobalVariableDefs.obj (Cmpss8RegsFile)

Sdfm1RegsFile 
*          1    00005e00    00000080     UNINITIALIZED
                  00005e00    00000080     F2837xS_GlobalVariableDefs.obj (Sdfm1RegsFile)

Sdfm2RegsFile 
*          1    00005e80    00000080     UNINITIALIZED
                  00005e80    00000080     F2837xS_GlobalVariableDefs.obj (Sdfm2RegsFile)

McbspaRegsFile 
*          1    00006000    00000024     UNINITIALIZED
                  00006000    00000024     F2837xS_GlobalVariableDefs.obj (McbspaRegsFile)

McbspbRegsFile 
*          1    00006040    00000024     UNINITIALIZED
                  00006040    00000024     F2837xS_GlobalVariableDefs.obj (McbspbRegsFile)

SpiaRegsFile 
*          1    00006100    00000010     UNINITIALIZED
                  00006100    00000010     F2837xS_GlobalVariableDefs.obj (SpiaRegsFile)

SpibRegsFile 
*          1    00006110    00000010     UNINITIALIZED
                  00006110    00000010     F2837xS_GlobalVariableDefs.obj (SpibRegsFile)

SpicRegsFile 
*          1    00006120    00000010     UNINITIALIZED
                  00006120    00000010     F2837xS_GlobalVariableDefs.obj (SpicRegsFile)

UppRegsFile 
*          1    00006200    00000048     UNINITIALIZED
                  00006200    00000048     F2837xS_GlobalVariableDefs.obj (UppRegsFile)

WdRegsFile 
*          1    00007000    0000002b     UNINITIALIZED
                  00007000    0000002b     F2837xS_GlobalVariableDefs.obj (WdRegsFile)

NmiIntruptRegsFile 
*          1    00007060    00000007     UNINITIALIZED
                  00007060    00000007     F2837xS_GlobalVariableDefs.obj (NmiIntruptRegsFile)

XintRegsFile 
*          1    00007070    0000000b     UNINITIALIZED
                  00007070    0000000b     F2837xS_GlobalVariableDefs.obj (XintRegsFile)

SciaRegsFile 
*          1    00007200    00000010     UNINITIALIZED
                  00007200    00000010     F2837xS_GlobalVariableDefs.obj (SciaRegsFile)

ScibRegsFile 
*          1    00007210    00000010     UNINITIALIZED
                  00007210    00000010     F2837xS_GlobalVariableDefs.obj (ScibRegsFile)

ScicRegsFile 
*          1    00007220    00000010     UNINITIALIZED
                  00007220    00000010     F2837xS_GlobalVariableDefs.obj (ScicRegsFile)

ScidRegsFile 
*          1    00007230    00000010     UNINITIALIZED
                  00007230    00000010     F2837xS_GlobalVariableDefs.obj (ScidRegsFile)

I2caRegsFile 
*          1    00007300    00000022     UNINITIALIZED
                  00007300    00000022     F2837xS_GlobalVariableDefs.obj (I2caRegsFile)

I2cbRegsFile 
*          1    00007340    00000022     UNINITIALIZED
                  00007340    00000022     F2837xS_GlobalVariableDefs.obj (I2cbRegsFile)

AdcaRegsFile 
*          1    00007400    00000080     UNINITIALIZED
                  00007400    00000080     F2837xS_GlobalVariableDefs.obj (AdcaRegsFile)

AdcbRegsFile 
*          1    00007480    00000080     UNINITIALIZED
                  00007480    00000080     F2837xS_GlobalVariableDefs.obj (AdcbRegsFile)

AdccRegsFile 
*          1    00007500    00000080     UNINITIALIZED
                  00007500    00000080     F2837xS_GlobalVariableDefs.obj (AdccRegsFile)

AdcdRegsFile 
*          1    00007580    00000080     UNINITIALIZED
                  00007580    00000080     F2837xS_GlobalVariableDefs.obj (AdcdRegsFile)

InputXbarRegsFile 
*          1    00007900    00000020     UNINITIALIZED
                  00007900    00000020     F2837xS_GlobalVariableDefs.obj (InputXbarRegsFile)

XbarRegsFile 
*          1    00007920    00000020     UNINITIALIZED
                  00007920    00000020     F2837xS_GlobalVariableDefs.obj (XbarRegsFile)

SyncSocRegsFile 
*          1    00007940    00000006     UNINITIALIZED
                  00007940    00000006     F2837xS_GlobalVariableDefs.obj (SyncSocRegsFile)

DmaClaSrcSelRegsFile 
*          1    00007980    0000001a     UNINITIALIZED
                  00007980    0000001a     F2837xS_GlobalVariableDefs.obj (DmaClaSrcSelRegsFile)

EPwmXbarRegsFile 
*          1    00007a00    00000040     UNINITIALIZED
                  00007a00    00000040     F2837xS_GlobalVariableDefs.obj (EPwmXbarRegsFile)

OutputXbarRegsFile 
*          1    00007a80    00000040     UNINITIALIZED
                  00007a80    00000040     F2837xS_GlobalVariableDefs.obj (OutputXbarRegsFile)

GpioCtrlRegsFile 
*          1    00007c00    00000180     UNINITIALIZED
                  00007c00    00000180     F2837xS_GlobalVariableDefs.obj (GpioCtrlRegsFile)

GpioDataRegsFile 
*          1    00007f00    00000030     UNINITIALIZED
                  00007f00    00000030     F2837xS_GlobalVariableDefs.obj (GpioDataRegsFile)

CLA1mathTables 
*          1    00008000    00000156     
                  00008000    00000156     CLASinCosTable.obj (CLA1mathTables)

CLAscratch 
*          1    00008800    00000100     UNINITIALIZED
                  00008800    00000100     --HOLE--

.scratchpad 
*          1    00008900    00000004     UNINITIALIZED
                  00008900    00000002     cla1_math_library_fpu32.lib : CLAcos.obj (.scratchpad:Cla1Prog:_CLAcos)
                  00008900    00000002                                 : CLAsin.obj (.scratchpad:Cla1Prog:_CLAsin)
                  00008900    00000004                                 : CLAsqrt.obj (.scratchpad:Cla1Prog:_CLAsqrt)

.bss_cla   1    00008904    00000004     UNINITIALIZED
                  00008904    00000004     cla_test.obj (.bss_cla)

.ebss.1    1    00009000    0000067e     UNINITIALIZED
                  00009000    00000352     mathtable.obj (.ebss)
                  00009352    0000001e     main.obj (.ebss)
                  00009370    0000000b     SFO_TI_Build_V7_FPU.lib : SFO_v7_fpu_lib_build_c28.obj (.ebss)
                  0000937b    00000003     epwm.obj (.ebss)
                  0000937e    00000002     rts2800_fpu32.lib : _lock.obj (.ebss:__lock)
                  00009380    00000258     variable.obj (.ebss)
                  000095d8    00000018     F2837xS_CpuTimers.obj (.ebss)
                  000095f0    00000006     F2837xS_TempSensorConv.obj (.ebss)
                  000095f6    00000006     cc.obj (.ebss)
                  000095fc    00000002     rts2800_fpu32.lib : _lock.obj (.ebss:__unlock)
                  000095fe    00000001     F2837xS_sci_io.obj (.ebss)
                  000095ff    00000001     rts2800_fpu32.lib : errno.obj (.ebss)
                  00009600    0000005a     F2837xS_struct.obj (.ebss)
                  0000965a    00000018     da.obj (.ebss)
                  00009672    00000006     easy2837xS_sci_v8.5.obj (.ebss)
                  00009678    00000006     rts2800_fpu32.lib : exit.obj (.ebss)

.ebss.2    1    00009680    00000035     UNINITIALIZED
                  00009680    00000035     RingBuff.obj (.ebss)

.econst    1    0000a800    00000204     
                  0000a800    000001c0     F2837xS_PieVect.obj (.econst:_PieVectTableInit)
                  0000a9c0    00000032     rts2800_fpu32.lib : e_powf.obj (.econst)
                  0000a9f2    00000006                       : s_scalbnf.obj (.econst)
                  0000a9f8    00000004                       : e_powf.obj (.econst:_bp)
                  0000a9fc    00000004                       : e_powf.obj (.econst:_dp_h)
                  0000aa00    00000004                       : e_powf.obj (.econst:_dp_l)

AnalogSubsysRegsFile 
*          1    0005d180    00000048     UNINITIALIZED
                  0005d180    00000048     F2837xS_GlobalVariableDefs.obj (AnalogSubsysRegsFile)

Cla1SoftIntRegsFile 
*          1    00000ce0    00000004     DSECT
                  00000ce0    00000004     F2837xS_GlobalVariableDefs.obj (Cla1SoftIntRegsFile)

.text.1    1    00011000    00001000     
                  00011000    0000064b     main.obj (.text)
                  0001164b    000004f9     F2837xS_DefaultISR.obj (.text:retain)
                  00011b44    0000037f     rts2800_fpu32.lib : e_powf.obj (.text)
                  00011ec3    000000a1     F2837xS_Adc.obj (.text)
                  00011f64    00000090     gpio.obj (.text)
                  00011ff4    00000009     rts2800_fpu32.lib : _lock.obj (.text)
                  00011ffd    00000003     F2837xS_DBGIER.obj (.text)

.text.2    1    00012000    00000ff3     
                  00012000    000002e9     cc.obj (.text:retain)
                  000122e9    000002e7     F2837xS_SysCtrl.obj (.text)
                  000125d0    0000021d     epwm.obj (.text)
                  000127ed    0000021b     F2837xS_Gpio.obj (.text)
                  00012a08    0000016d     fault.obj (.text:retain)
                  00012b75    00000142     main.obj (.text:retain)
                  00012cb7    00000140     SFO_TI_Build_V7_FPU.lib : SFO_v7_fpu_lib_build_c28.obj (.text)
                  00012df7    00000088     rts2800_fpu32.lib : fs_div.obj (.text)
                  00012e7f    0000007c     F2837xS_CpuTimers.obj (.text)
                  00012efb    00000067     rts2800_fpu32.lib : s_scalbnf.obj (.text)
                  00012f62    00000065     F2837xS_EPwm.obj (.text)
                  00012fc7    00000029     rts2800_fpu32.lib : exit.obj (.text)
                  00012ff0    00000002                       : pre_init.obj (.text)
                  00012ff2    00000001                       : startup.obj (.text)

.text.3    1    00013000    00000235     
                  00013000    00000058     rts2800_fpu32.lib : s_sinf.obj (.text)
                  00013058    00000056                       : boot.obj (.text)
                  000130ae    0000004e     adc.obj (.text)
                  000130fc    00000046     rts2800_fpu32.lib : cpy_tbl.obj (.text)
                  00013142    0000003b     dac.obj (.text)
                  0001317d    00000028     F2837xS_PieCtrl.obj (.text)
                  000131a5    00000026     F2837xS_PieVect.obj (.text)
                  000131cb    00000001     --HOLE-- [fill = 0]
                  000131cc    00000025     rts2800_fpu32.lib : e_sqrtf.obj (.text)
                  000131f1    0000001a                       : cpy_utils.obj (.text)
                  0001320b    00000019                       : args_main.obj (.text)
                  00013224    00000011                       : s_copysignf.obj (.text)

Emif1RegsFile 
*          1    00047000    00000070     UNINITIALIZED
                  00047000    00000070     F2837xS_GlobalVariableDefs.obj (Emif1RegsFile)

Emif2RegsFile 
*          1    00047800    00000070     UNINITIALIZED
                  00047800    00000070     F2837xS_GlobalVariableDefs.obj (Emif2RegsFile)

FlashPumpSemaphoreRegsFile 
*          1    00050024    00000002     UNINITIALIZED
                  00050024    00000002     F2837xS_GlobalVariableDefs.obj (FlashPumpSemaphoreRegsFile)

DevCfgRegsFile 
*          1    0005d000    0000012e     UNINITIALIZED
                  0005d000    0000012e     F2837xS_GlobalVariableDefs.obj (DevCfgRegsFile)

ClkCfgRegsFile 
*          1    0005d200    00000032     UNINITIALIZED
                  0005d200    00000032     F2837xS_GlobalVariableDefs.obj (ClkCfgRegsFile)

CpuSysRegsFile 
*          1    0005d300    00000082     UNINITIALIZED
                  0005d300    00000082     F2837xS_GlobalVariableDefs.obj (CpuSysRegsFile)

RomPrefetchRegsFile 
*          1    0005e608    00000002     UNINITIALIZED
                  0005e608    00000002     F2837xS_GlobalVariableDefs.obj (RomPrefetchRegsFile)

DcsmZ1RegsFile 
*          1    0005f000    00000024     UNINITIALIZED
                  0005f000    00000024     F2837xS_GlobalVariableDefs.obj (DcsmZ1RegsFile)

DcsmZ2RegsFile 
*          1    0005f040    00000024     UNINITIALIZED
                  0005f040    00000024     F2837xS_GlobalVariableDefs.obj (DcsmZ2RegsFile)

DcsmCommonRegsFile 
*          1    0005f070    00000008     UNINITIALIZED
                  0005f070    00000008     F2837xS_GlobalVariableDefs.obj (DcsmCommonRegsFile)

MemCfgRegsFile 
*          1    0005f400    00000080     UNINITIALIZED
                  0005f400    00000080     F2837xS_GlobalVariableDefs.obj (MemCfgRegsFile)

Emif1ConfigRegsFile 
*          1    0005f480    00000020     UNINITIALIZED
                  0005f480    00000020     F2837xS_GlobalVariableDefs.obj (Emif1ConfigRegsFile)

Emif2ConfigRegsFile 
*          1    0005f4a0    00000020     UNINITIALIZED
                  0005f4a0    00000020     F2837xS_GlobalVariableDefs.obj (Emif2ConfigRegsFile)

AccessProtectionRegsFile 
*          1    0005f4c0    00000040     UNINITIALIZED
                  0005f4c0    00000040     F2837xS_GlobalVariableDefs.obj (AccessProtectionRegsFile)

MemoryErrorRegsFile 
*          1    0005f500    00000040     UNINITIALIZED
                  0005f500    00000040     F2837xS_GlobalVariableDefs.obj (MemoryErrorRegsFile)

RomWaitStateRegsFile 
*          1    0005f540    00000002     UNINITIALIZED
                  0005f540    00000002     F2837xS_GlobalVariableDefs.obj (RomWaitStateRegsFile)

Flash0CtrlRegsFile 
*          1    0005f800    00000182     UNINITIALIZED
                  0005f800    00000182     F2837xS_GlobalVariableDefs.obj (Flash0CtrlRegsFile)

Flash0EccRegsFile 
*          1    0005fb00    00000028     UNINITIALIZED
                  0005fb00    00000028     F2837xS_GlobalVariableDefs.obj (Flash0EccRegsFile)

Flash1CtrlRegsFile 
*          1    0005fc00    00000182     UNINITIALIZED
                  0005fc00    00000182     F2837xS_GlobalVariableDefs.obj (Flash1CtrlRegsFile)

Flash1EccRegsFile 
*          1    0005ff00    00000028     UNINITIALIZED
                  0005ff00    00000028     F2837xS_GlobalVariableDefs.obj (Flash1EccRegsFile)

DcsmZ1OtpFile 
*          1    00078000    00000020     NOLOAD SECTION
                  00078000    00000020     F2837xS_GlobalVariableDefs.obj (DcsmZ1OtpFile)

DcsmZ2OtpFile 
*          1    00078200    00000020     NOLOAD SECTION
                  00078200    00000020     F2837xS_GlobalVariableDefs.obj (DcsmZ2OtpFile)

MODULE SUMMARY

       Module                           code   ro data   rw data
       ------                           ----   -------   -------
    .\Include\
       CLASinCosTable.obj               0      0         342    
    +--+--------------------------------+------+---------+---------+
       Total:                           0      0         342    
                                                                
    .\Source\
       F2837xS_GlobalVariableDefs.obj   0      0         8437   
       main.obj                         1933   0         183    
       mathtable.obj                    0      0         1660   
       F2837xS_DefaultISR.obj           1273   0         0      
       variable.obj                     0      0         1198   
       cc.obj                           745    0         19     
       F2837xS_SysCtrl.obj              743    0         0      
       epwm.obj                         541    0         3      
       F2837xS_Gpio.obj                 539    0         0      
       F2837xS_PieVect.obj              38     0         448    
       fault.obj                        365    0         0      
       cla_test.obj                     268    0         4      
       F2837xS_struct.obj               0      0         188    
       F2837xS_Adc.obj                  161    0         0      
       F2837xS_CpuTimers.obj            124    0         24     
       gpio.obj                         144    0         0      
       F2837xS_EPwm.obj                 101    0         0      
       da.obj                           0      0         93     
       adc.obj                          78     0         0      
       RingBuff.obj                     0      0         65     
       dac.obj                          59     0         0      
       F2837xS_PieCtrl.obj              40     0         0      
       easy2837xS_sci_v8.5.obj          0      0         23     
       F2837xS_TempSensorConv.obj       0      0         6      
       F2837xS_sci_io.obj               0      0         5      
       F2837xS_usDelay.obj              4      0         0      
       F2837xS_DBGIER.obj               3      0         0      
       F2837xS_CodeStartBranch.obj      2      0         0      
    +--+--------------------------------+------+---------+---------+
       Total:                           7161   0         12356  
                                                                
    ../Include/cla1_math_library_fpu32.lib
       CLAcos.obj                       56     0         2      
       CLAsin.obj                       56     0         2      
       CLAsqrt.obj                      32     0         4      
    +--+--------------------------------+------+---------+---------+
       Total:                           144    0         8      
                                                                
    C:/ti/ccsv6/tools/compiler/c2000_15.12.3.LTS/lib/rts2800_fpu32.lib
       e_powf.obj                       895    0         62     
       fs_div.obj                       136    0         0      
       s_scalbnf.obj                    103    0         6      
       s_sinf.obj                       88     0         0      
       boot.obj                         86     0         0      
       cpy_tbl.obj                      70     0         0      
       exit.obj                         41     0         20     
       e_sqrtf.obj                      37     0         0      
       cpy_utils.obj                    26     0         0      
       args_main.obj                    25     0         0      
       _lock.obj                        9      0         14     
       s_copysignf.obj                  17     0         0      
       errno.obj                        0      0         5      
       pre_init.obj                     2      0         0      
       startup.obj                      1      0         0      
    +--+--------------------------------+------+---------+---------+
       Total:                           1536   0         107    
                                                                
    C:/ti/controlSUITE/device_support/f28m36x/v209/F28M36x_common/lib/SFO_TI_Build_V7_FPU.lib
       SFO_v7_fpu_lib_build_c28.obj     320    0         15     
    +--+--------------------------------+------+---------+---------+
       Total:                           320    0         15     
                                                                
       Stack:                           0      0         256    
    +--+--------------------------------+------+---------+---------+
       Grand Total:                     9161   0         13084  


GLOBAL DATA SYMBOLS: SORTED BY DATA PAGE

address     data page           name
--------    ----------------    ----
000006b0      1a (00000680)     __stack

00000b00      2c (00000b00)     _AdcaResultRegs
00000b20      2c (00000b00)     _AdcbResultRegs

00000b40      2d (00000b40)     _AdccResultRegs
00000b60      2d (00000b40)     _AdcdResultRegs

00000c00      30 (00000c00)     _CpuTimer0Regs
00000c08      30 (00000c00)     _CpuTimer1Regs
00000c10      30 (00000c00)     _CpuTimer2Regs

00000ce0      33 (00000cc0)     _Cla1SoftIntRegs
00000ce0      33 (00000cc0)     _PieCtrlRegs

00000d00      34 (00000d00)     _EmuKey
00000d00      34 (00000d00)     _PieVectTable
00000d01      34 (00000d00)     _EmuBMode

00001000      40 (00001000)     _DmaRegs

00001400      50 (00001400)     _Cla1Regs

00001480      52 (00001480)     _dq

00001500      54 (00001500)     _cpu

00004000     100 (00004000)     _EPwm1Regs

00004100     104 (00004100)     _EPwm2Regs

00004200     108 (00004200)     _EPwm3Regs

00004300     10c (00004300)     _EPwm4Regs

00004400     110 (00004400)     _EPwm5Regs

00004500     114 (00004500)     _EPwm6Regs

00004600     118 (00004600)     _EPwm7Regs

00004700     11c (00004700)     _EPwm8Regs

00004800     120 (00004800)     _EPwm9Regs

00004900     124 (00004900)     _EPwm10Regs

00004a00     128 (00004a00)     _EPwm11Regs

00004b00     12c (00004b00)     _EPwm12Regs

00005000     140 (00005000)     _ECap1Regs
00005020     140 (00005000)     _ECap2Regs

00005040     141 (00005040)     _ECap3Regs
00005060     141 (00005040)     _ECap4Regs

00005080     142 (00005080)     _ECap5Regs
000050a0     142 (00005080)     _ECap6Regs

00005100     144 (00005100)     _EQep1Regs

00005140     145 (00005140)     _EQep2Regs

00005180     146 (00005180)     _EQep3Regs

00005c00     170 (00005c00)     _DacaRegs
00005c10     170 (00005c00)     _DacbRegs
00005c20     170 (00005c00)     _DaccRegs

00005c80     172 (00005c80)     _Cmpss1Regs
00005ca0     172 (00005c80)     _Cmpss2Regs

00005cc0     173 (00005cc0)     _Cmpss3Regs
00005ce0     173 (00005cc0)     _Cmpss4Regs

00005d00     174 (00005d00)     _Cmpss5Regs
00005d20     174 (00005d00)     _Cmpss6Regs

00005d40     175 (00005d40)     _Cmpss7Regs
00005d60     175 (00005d40)     _Cmpss8Regs

00005e00     178 (00005e00)     _Sdfm1Regs

00005e80     17a (00005e80)     _Sdfm2Regs

00006000     180 (00006000)     _McbspaRegs

00006040     181 (00006040)     _McbspbRegs

00006100     184 (00006100)     _SpiaRegs
00006110     184 (00006100)     _SpibRegs
00006120     184 (00006100)     _SpicRegs

00006200     188 (00006200)     _UppRegs

00007000     1c0 (00007000)     _WdRegs

00007060     1c1 (00007040)     _NmiIntruptRegs
00007070     1c1 (00007040)     _XintRegs

00007200     1c8 (00007200)     _SciaRegs
00007210     1c8 (00007200)     _ScibRegs
00007220     1c8 (00007200)     _ScicRegs
00007230     1c8 (00007200)     _ScidRegs

00007300     1cc (00007300)     _I2caRegs

00007340     1cd (00007340)     _I2cbRegs

00007400     1d0 (00007400)     _AdcaRegs

00007480     1d2 (00007480)     _AdcbRegs

00007500     1d4 (00007500)     _AdccRegs

00007580     1d6 (00007580)     _AdcdRegs

00007900     1e4 (00007900)     _InputXbarRegs
00007920     1e4 (00007900)     _XbarRegs

00007940     1e5 (00007940)     _SyncSocRegs

00007980     1e6 (00007980)     _DmaClaSrcSelRegs

00007a00     1e8 (00007a00)     _EPwmXbarRegs

00007a80     1ea (00007a80)     _OutputXbarRegs

00007c00     1f0 (00007c00)     _GpioCtrlRegs

00007f00     1fc (00007f00)     _GpioDataRegs

00008000     200 (00008000)     _CLAsinTable
00008000     200 (00008000)     _CLAsincosTable
00008000     200 (00008000)     _CLAsincosTable_Sin0

00008040     201 (00008040)     _CLAcosTable
00008040     201 (00008040)     _CLAsincosTable_Cos0

00008100     204 (00008100)     _CLAsinTableEnd

00008142     205 (00008140)     _CLAcosTableEnd
00008142     205 (00008140)     _CLAsincosTable_TABLE_SIZE
00008144     205 (00008140)     _CLAsincosTable_TABLE_SIZEDivTwoPi
00008146     205 (00008140)     _CLAsincosTable_TwoPiDivTABLE_SIZE
00008148     205 (00008140)     _CLAsincosTable_TABLE_MASK
0000814a     205 (00008140)     _CLAsincosTable_Coef0
0000814c     205 (00008140)     _CLAsincosTable_Coef1
0000814e     205 (00008140)     _CLAsincosTable_Coef1_pos
00008150     205 (00008140)     _CLAsincosTable_Coef2
00008152     205 (00008140)     _CLAsincosTable_Coef3
00008154     205 (00008140)     _CLAsincosTable_Coef3_neg
00008156     205 (00008140)     _CLAsincosTableEnd

00008904     224 (00008900)     _cla_task1_cnt
00008905     224 (00008900)     _cla_task8_cnt
00008906     224 (00008900)     _cla_flag
00008907     224 (00008900)     _flag_err

00009000     240 (00009000)     _cos_val

000091c0     247 (000091c0)     _asin_val

00009352     24d (00009340)     _MEP_ScaleFactor
00009353     24d (00009340)     _dac_flag
00009354     24d (00009340)     _temp_VdrL
00009356     24d (00009340)     _phase_rx
00009358     24d (00009340)     _temp_VdqrL
0000935a     24d (00009340)     _temp_VqrL
0000935c     24d (00009340)     _VdqRL
0000935e     24d (00009340)     _ePWM
00009375     24d (00009340)     _SFO_CAL
00009376     24d (00009340)     _MEP_SF
0000937b     24d (00009340)     _EPwm2_DB_Direction
0000937c     24d (00009340)     _EPwm3_DB_Direction
0000937d     24d (00009340)     _EPwm1_DB_Direction
0000937e     24d (00009340)     __lock

00009380     24e (00009380)     _EPWM2_TBPHS
00009381     24e (00009380)     _EPWM7_TBPRD
00009382     24e (00009380)     _EPWM7_TBPRDHR
00009383     24e (00009380)     _EPWM2_TBPRD
00009384     24e (00009380)     _TWO_EPWM1_TBPRD
00009385     24e (00009380)     _EPWM1_TBPRDHR
00009386     24e (00009380)     _EPWM3_TBPRD
00009387     24e (00009380)     _EPWM5_DB
00009388     24e (00009380)     _EPWM4_DB
00009389     24e (00009380)     _EPWM7_DB
0000938a     24e (00009380)     _EPWM2_DB
0000938b     24e (00009380)     _EPWM1_DB
0000938c     24e (00009380)     _EPWM6_DB
0000938d     24e (00009380)     _EPWM3_DB
0000938e     24e (00009380)     _EPWM1_TBPRD
0000938f     24e (00009380)     _PWM_ENABLE_CNT
00009390     24e (00009380)     _FLAG_PWM_ENABLE
00009391     24e (00009380)     _FLAG_HW_FAULT
00009392     24e (00009380)     _Idth
00009394     24e (00009380)     _Iqrh
00009396     24e (00009380)     _Lrx
00009398     24e (00009380)     _Rrx
0000939a     24e (00009380)     _Vdth
0000939c     24e (00009380)     _Idth_cmd
0000939e     24e (00009380)     _Iqth_ff
000093a0     24e (00009380)     _Iqth
000093a2     24e (00009380)     _Vqth
000093a4     24e (00009380)     _Vdq_ref
000093a6     24e (00009380)     _Ctx
000093a8     24e (00009380)     _Idth_cmd_integ
000093aa     24e (00009380)     _Idth_err
000093ac     24e (00009380)     _Idrh
000093ae     24e (00009380)     _phase
000093b0     24e (00009380)     _M
000093b2     24e (00009380)     _Irx_qe_factor
000093b4     24e (00009380)     _inv_Itx_de
000093b6     24e (00009380)     _fr_rx
000093b8     24e (00009380)     _fr_tx
000093ba     24e (00009380)     _inv_OmegaM
000093bc     24e (00009380)     _Zeq_tx
000093be     24e (00009380)     _Leq_rx

000093c0     24f (000093c0)     _Crx
000093c2     24f (000093c0)     _Leq_tx
000093c4     24f (000093c0)     _Itx_qe_factor
000093c6     24f (000093c0)     _OmegaM
000093c8     24f (000093c0)     _dac_factor
000093ca     24f (000093c0)     _Vtx_factor
000093cc     24f (000093c0)     _Ki_dto
000093ce     24f (000093c0)     _Vdrhh
000093d0     24f (000093c0)     _Ki_qto
000093d2     24f (000093c0)     _Kp_dto
000093d4     24f (000093c0)     _VdrL
000093d6     24f (000093c0)     _Idrh_cmd_integ
000093d8     24f (000093c0)     _Iqrh_ff
000093da     24f (000093c0)     _Ki_dro
000093dc     24f (000093c0)     _Kp_dro
000093de     24f (000093c0)     _Itx_de_ref
000093e0     24f (000093c0)     _temp_sin
000093e2     24f (000093c0)     _Kp_qto
000093e4     24f (000093c0)     _RLd
000093e6     24f (000093c0)     _Ki_qro
000093e8     24f (000093c0)     _Iqrhh
000093ea     24f (000093c0)     _Iqrh_err
000093ec     24f (000093c0)     _VqrL
000093ee     24f (000093c0)     _Iqrh_cmd_integ
000093f0     24f (000093c0)     _Iqth_cmd_integ
000093f2     24f (000093c0)     _Iqth_err
000093f4     24f (000093c0)     _Iqth_cmd
000093f6     24f (000093c0)     _Idrh_err
000093f8     24f (000093c0)     _Vqrhh
000093fa     24f (000093c0)     _Kp_qro
000093fc     24f (000093c0)     _Idrhh
000093fe     24f (000093c0)     _RLq

00009400     250 (00009400)     _Idth_ff
00009402     250 (00009400)     _Idrh_ff
00009404     250 (00009400)     _Idth_ff2
00009406     250 (00009400)     _Itx_1
00009408     250 (00009400)     _Itx_2
0000940a     250 (00009400)     _Itx
0000940c     250 (00009400)     _Vdc_rx
0000940e     250 (00009400)     _Vdc_rx_flt
00009410     250 (00009400)     _Vdc_tx_flt
00009412     250 (00009400)     _Itx_qe
00009414     250 (00009400)     _Itx_de_sum
00009416     250 (00009400)     _Itx_de
00009418     250 (00009400)     _Itx_ds
0000941a     250 (00009400)     _Itx_qs
0000941c     250 (00009400)     _Irx
0000941e     250 (00009400)     _fsw2
00009420     250 (00009400)     _Tsamp
00009422     250 (00009400)     _fsw
00009424     250 (00009400)     _adc_cnt
00009426     250 (00009400)     _HRPWM_TBPRD
00009428     250 (00009400)     _cc_cnt
0000942a     250 (00009400)     _Vdc_tx
0000942c     250 (00009400)     _Vdc_tx_inv
0000942e     250 (00009400)     _adc_offset
00009430     250 (00009400)     _temp
00009432     250 (00009400)     _w_sw
00009434     250 (00009400)     _Tsamp2
00009436     250 (00009400)     _Vtx_duty
00009438     250 (00009400)     _Itx_qe_ff
0000943a     250 (00009400)     _Vtx_cmd_ff
0000943c     250 (00009400)     _Vtx_cmd
0000943e     250 (00009400)     _Vtx_cmd_sat

00009440     251 (00009440)     _Vtx_cmd_integ
00009442     251 (00009440)     _Ltx
00009444     251 (00009440)     _Rtx
00009446     251 (00009440)     _Ka_cc
00009448     251 (00009440)     _Kp_cc
0000944a     251 (00009440)     _Ki_cc
0000944c     251 (00009440)     _w_cc
0000944e     251 (00009440)     _Itx_phase
00009450     251 (00009440)     _theta
00009452     251 (00009440)     _Itx_mag_cmd
00009454     251 (00009440)     _Itx_qe_sum
00009456     251 (00009440)     _Itx_de_avg
00009458     251 (00009440)     _Itx_phase_flt
0000945a     251 (00009440)     _Itx_mag_err
0000945c     251 (00009440)     _Itx_mag_errsum
0000945e     251 (00009440)     _Irx_magh
00009460     251 (00009440)     _Itx_mag
00009462     251 (00009440)     _Itx_qe_avg
00009464     251 (00009440)     _Irx_mag
00009466     251 (00009440)     _DAC_PTR
0000946e     251 (00009440)     _HPF1

00009480     252 (00009480)     _HPF2
00009496     252 (00009480)     _BPF

000094c0     253 (000094c0)     _NF

00009500     254 (00009500)     _LPF1

00009580     256 (00009580)     _LPF2

000095d8     257 (000095c0)     _CpuTimer1
000095e0     257 (000095c0)     _CpuTimer2
000095e8     257 (000095c0)     _CpuTimer0
000095f0     257 (000095c0)     _tempSensor_tempOffset
000095f2     257 (000095c0)     _tempSensor_scaleFactor
000095f4     257 (000095c0)     _tempSensor_tempSlope
000095f6     257 (000095c0)     _cc_flag
000095f7     257 (000095c0)     _observer_cnt
000095f8     257 (000095c0)     _asintemp
000095fa     257 (000095c0)     _temp_RL
000095fc     257 (000095c0)     __unlock
000095fe     257 (000095c0)     _deviceOpen
000095ff     257 (000095c0)     _errno

00009600     258 (00009600)     _MCBSP
00009604     258 (00009600)     _I2C
00009608     258 (00009600)     _SCI
0000960c     258 (00009600)     _SDFM
00009612     258 (00009600)     _EQEP
0000961a     258 (00009600)     _SPI
00009622     258 (00009600)     _ECAP

00009640     259 (00009640)     _EPWM
0000965a     259 (00009640)     _da2_type
0000965b     259 (00009640)     _da3_type
0000965c     259 (00009640)     _da1_type
0000965d     259 (00009640)     _da2
0000965e     259 (00009640)     _da3
0000965f     259 (00009640)     _da1
00009660     259 (00009640)     _da2_mid
00009662     259 (00009640)     _da2_val
00009664     259 (00009640)     _da3_val
00009666     259 (00009640)     _da3_rng
00009668     259 (00009640)     _da1_val
0000966a     259 (00009640)     _da1_rng
0000966c     259 (00009640)     _da2_rng
0000966e     259 (00009640)     _da1_mid
00009670     259 (00009640)     _da3_mid
00009672     259 (00009640)     _ezDSP_uRead16BPossible
00009673     259 (00009640)     _ezDSP_Version_SCI
00009674     259 (00009640)     _ezDSP_uRead8BPossible
00009676     259 (00009640)     _ezDSP_fFloat
00009678     259 (00009640)     ___TI_enable_exit_profile_output
0000967a     259 (00009640)     ___TI_cleanup_ptr
0000967c     259 (00009640)     ___TI_dtors_ptr

00009680     25a (00009680)     _ezDSP_nEndPos
00009681     25a (00009680)     _ezDSP_nMaxBuffSize
00009682     25a (00009680)     _ezDSP_nStartPos
00009683     25a (00009680)     _ezDSP_ringBuffer

0000a800     2a0 (0000a800)     _PieVectTableInit

00047000    11c0 (00047000)     _Emif1Regs

00047800    11e0 (00047800)     _Emif2Regs

00050024    1400 (00050000)     _FlashPumpSemaphoreRegs

0005d000    1740 (0005d000)     _DevCfgRegs

0005d180    1746 (0005d180)     _AnalogSubsysRegs

0005d200    1748 (0005d200)     _ClkCfgRegs

0005d300    174c (0005d300)     _CpuSysRegs

0005e608    1798 (0005e600)     _RomPrefetchRegs

0005f000    17c0 (0005f000)     _DcsmZ1Regs

0005f040    17c1 (0005f040)     _DcsmZ2Regs
0005f070    17c1 (0005f040)     _DcsmCommonRegs

0005f400    17d0 (0005f400)     _MemCfgRegs

0005f480    17d2 (0005f480)     _Emif1ConfigRegs
0005f4a0    17d2 (0005f480)     _Emif2ConfigRegs

0005f4c0    17d3 (0005f4c0)     _AccessProtectionRegs

0005f500    17d4 (0005f500)     _MemoryErrorRegs

0005f540    17d5 (0005f540)     _RomWaitStateRegs

0005f800    17e0 (0005f800)     _Flash0CtrlRegs

0005fb00    17ec (0005fb00)     _Flash0EccRegs

0005fc00    17f0 (0005fc00)     _Flash1CtrlRegs

0005ff00    17fc (0005ff00)     _Flash1EccRegs

00078000    1e00 (00078000)     _DcsmZ1Otp

00078200    1e08 (00078200)     _DcsmZ2Otp


GLOBAL SYMBOLS: SORTED ALPHABETICALLY BY Name 

page  address   name                                  
----  -------   ----                                  
abs   ffffffff  .text                                 
1     00012fc7  C$$EXIT                               
abs   00000100  CLA_SCRATCHPAD_SIZE                   
1     00012df7  FS$$DIV                               
1     00011687  _ADCA1_ISR                            
1     00011907  _ADCA2_ISR                            
1     00011911  _ADCA3_ISR                            
1     0001191b  _ADCA4_ISR                            
1     000118fd  _ADCA_EVT_ISR                         
1     00011691  _ADCB1_ISR                            
1     0001192f  _ADCB2_ISR                            
1     00011939  _ADCB3_ISR                            
1     00011943  _ADCB4_ISR                            
1     00011925  _ADCB_EVT_ISR                         
1     0001169b  _ADCC1_ISR                            
1     00011a8d  _ADCC2_ISR                            
1     00011a97  _ADCC3_ISR                            
1     00011aa1  _ADCC4_ISR                            
1     00011a83  _ADCC_EVT_ISR                         
1     000116b9  _ADCD1_ISR                            
1     00011ab5  _ADCD2_ISR                            
1     00011abf  _ADCD3_ISR                            
1     00011ac9  _ADCD4_ISR                            
1     00011aab  _ADCD_EVT_ISR                         
1     00011b05  _AUX_PLL_SLIP_ISR                     
1     0005f4c0  _AccessProtectionRegs                 
1     00011ec3  _AdcSetMode                           
1     00007400  _AdcaRegs                             
1     00000b00  _AdcaResultRegs                       
1     00007480  _AdcbRegs                             
1     00000b20  _AdcbResultRegs                       
1     00007500  _AdccRegs                             
1     00000b40  _AdccResultRegs                       
1     00007580  _AdcdRegs                             
1     00000b60  _AdcdResultRegs                       
1     0005d180  _AnalogSubsysRegs                     
1     0001258d  _AuxAuxClkSel                         
1     00012577  _AuxIntOsc2Sel                        
1     00012581  _AuxXtalOscSel                        
1     00009496  _BPF                                  
1     000118d5  _CANA0_ISR                            
1     000118df  _CANA1_ISR                            
1     000118e9  _CANB0_ISR                            
1     000118f3  _CANB1_ISR                            
1     0001194d  _CLA1_1_ISR                           
1     00011957  _CLA1_2_ISR                           
1     00011961  _CLA1_3_ISR                           
1     0001196b  _CLA1_4_ISR                           
1     00011975  _CLA1_5_ISR                           
1     0001197f  _CLA1_6_ISR                           
1     00011989  _CLA1_7_ISR                           
1     00011993  _CLA1_8_ISR                           
1     00011b0f  _CLA_OVERFLOW_ISR                     
1     00011b19  _CLA_UNDERFLOW_ISR                    
0     0000acfe  _CLAcos                               
1     00008040  _CLAcosTable                          
1     00008142  _CLAcosTableEnd                       
0     0000ad36  _CLAsin                               
1     00008000  _CLAsinTable                          
1     00008100  _CLAsinTableEnd                       
1     00008000  _CLAsincosTable                       
1     00008156  _CLAsincosTableEnd                    
1     0000814a  _CLAsincosTable_Coef0                 
1     0000814c  _CLAsincosTable_Coef1                 
1     0000814e  _CLAsincosTable_Coef1_pos             
1     00008150  _CLAsincosTable_Coef2                 
1     00008152  _CLAsincosTable_Coef3                 
1     00008154  _CLAsincosTable_Coef3_neg             
1     00008040  _CLAsincosTable_Cos0                  
1     00008000  _CLAsincosTable_Sin0                  
1     00008148  _CLAsincosTable_TABLE_MASK            
1     00008142  _CLAsincosTable_TABLE_SIZE            
1     00008144  _CLAsincosTable_TABLE_SIZEDivTwoPi    
1     00008146  _CLAsincosTable_TwoPiDivTABLE_SIZE    
0     0000ad6e  _CLAsqrt                              
1     00001400  _Cla1Regs                             
0     00000ce0  _Cla1SoftIntRegs                      
0     0000ac00  _Cla1Task1                            
0     0000ad8e  _Cla1Task2                            
0     0000ad90  _Cla1Task3                            
0     0000ad92  _Cla1Task4                            
0     0000ad94  _Cla1Task5                            
0     0000ad96  _Cla1Task6                            
0     0000ad98  _Cla1Task7                            
0     0000ad9a  _Cla1Task8                            
1     0005d200  _ClkCfgRegs                           
1     00005c80  _Cmpss1Regs                           
1     00005ca0  _Cmpss2Regs                           
1     00005cc0  _Cmpss3Regs                           
1     00005ce0  _Cmpss4Regs                           
1     00005d00  _Cmpss5Regs                           
1     00005d20  _Cmpss6Regs                           
1     00005d40  _Cmpss7Regs                           
1     00005d60  _Cmpss8Regs                           
1     000113a5  _Comp_Fsw                             
1     00012ec0  _ConfigCpuTimer                       
1     000130ae  _ConfigureADC                         
1     00013142  _ConfigureDAC                         
1     000125d0  _ConfigureEPWM1                       
1     00012638  _ConfigureEPWM2                       
1     000126a0  _ConfigureEPWM3                       
1     0001270c  _ConfigureEPWM5                       
1     0001275c  _ConfigureEPWM7                       
1     00011309  _Configure_GPIO_CLA                   
1     0001135e  _Configure_HW_Fault_Pin               
1     00011fc1  _Configure_HW_PROT_GPIO               
1     00011f64  _Configure_LED_GPIO                   
1     00011fa1  _Configure_PWM_EN_GPIO                
1     0005d300  _CpuSysRegs                           
1     000095e8  _CpuTimer0                            
1     00000c00  _CpuTimer0Regs                        
1     000095d8  _CpuTimer1                            
1     00000c08  _CpuTimer1Regs                        
1     000095e0  _CpuTimer2                            
1     00000c10  _CpuTimer2Regs                        
1     000093c0  _Crx                                  
1     00012536  _CsmUnlock                            
1     000093a6  _Ctx                                  
1     00009466  _DAC_PTR                              
1     0001165f  _DATALOG_ISR                          
1     00011821  _DMA_CH1_ISR                          
1     0001182b  _DMA_CH2_ISR                          
1     00011835  _DMA_CH3_ISR                          
1     0001183f  _DMA_CH4_ISR                          
1     00011849  _DMA_CH5_ISR                          
1     00011853  _DMA_CH6_ISR                          
1     00005c00  _DacaRegs                             
1     00005c10  _DacbRegs                             
1     00005c20  _DaccRegs                             
1     0005f070  _DcsmCommonRegs                       
1     00078000  _DcsmZ1Otp                            
1     0005f000  _DcsmZ1Regs                           
1     00078200  _DcsmZ2Otp                            
1     0005f040  _DcsmZ2Regs                           
1     0005d000  _DevCfgRegs                           
1     0001239a  _DisableDog                           
1     0001234c  _DisablePeripheralClocks              
1     00007980  _DmaClaSrcSelRegs                     
1     00001000  _DmaRegs                              
1     00009622  _ECAP                                 
1     00011777  _ECAP1_ISR                            
1     00011781  _ECAP2_ISR                            
1     0001178b  _ECAP3_ISR                            
1     00011795  _ECAP4_ISR                            
1     0001179f  _ECAP5_ISR                            
1     000117a9  _ECAP6_ISR                            
1     00005000  _ECap1Regs                            
1     00005020  _ECap2Regs                            
1     00005040  _ECap3Regs                            
1     00005060  _ECap4Regs                            
1     00005080  _ECap5Regs                            
1     000050a0  _ECap6Regs                            
1     00011ad3  _EMIF_ERROR_ISR                       
1     00011b2d  _EMPTY_ISR                            
1     00011673  _EMU_ISR                              
1     00009640  _EPWM                                 
1     00011a33  _EPWM10_ISR                           
1     00011a0b  _EPWM10_TZ_ISR                        
1     00011a3d  _EPWM11_ISR                           
1     00011a15  _EPWM11_TZ_ISR                        
1     00011a47  _EPWM12_ISR                           
1     00011a1f  _EPWM12_TZ_ISR                        
1     0000938b  _EPWM1_DB                             
1     00011727  _EPWM1_ISR                            
1     0000938e  _EPWM1_TBPRD                          
1     00009385  _EPWM1_TBPRDHR                        
1     000116d7  _EPWM1_TZ_ISR                         
1     0000938a  _EPWM2_DB                             
1     00011731  _EPWM2_ISR                            
1     00009380  _EPWM2_TBPHS                          
1     00009383  _EPWM2_TBPRD                          
1     000116e1  _EPWM2_TZ_ISR                         
1     0000938d  _EPWM3_DB                             
1     0001173b  _EPWM3_ISR                            
1     00009386  _EPWM3_TBPRD                          
1     000116eb  _EPWM3_TZ_ISR                         
1     00009388  _EPWM4_DB                             
1     00011745  _EPWM4_ISR                            
1     000116f5  _EPWM4_TZ_ISR                         
1     00009387  _EPWM5_DB                             
1     0001174f  _EPWM5_ISR                            
1     000116ff  _EPWM5_TZ_ISR                         
1     0000938c  _EPWM6_DB                             
1     00011759  _EPWM6_ISR                            
1     00011709  _EPWM6_TZ_ISR                         
1     00009389  _EPWM7_DB                             
1     00011763  _EPWM7_ISR                            
1     00009381  _EPWM7_TBPRD                          
1     00009382  _EPWM7_TBPRDHR                        
1     00011713  _EPWM7_TZ_ISR                         
1     0001176d  _EPWM8_ISR                            
1     0001171d  _EPWM8_TZ_ISR                         
1     00011a29  _EPWM9_ISR                            
1     00011a01  _EPWM9_TZ_ISR                         
1     00004900  _EPwm10Regs                           
1     00004a00  _EPwm11Regs                           
1     00004b00  _EPwm12Regs                           
1     00004000  _EPwm1Regs                            
1     0000937d  _EPwm1_DB_Direction                   
1     00004100  _EPwm2Regs                            
1     0000937b  _EPwm2_DB_Direction                   
1     00004200  _EPwm3Regs                            
1     0000937c  _EPwm3_DB_Direction                   
1     00004300  _EPwm4Regs                            
1     00004400  _EPwm5Regs                            
1     00004500  _EPwm6Regs                            
1     00004600  _EPwm7Regs                            
1     00004700  _EPwm8Regs                            
1     00004800  _EPwm9Regs                            
1     00007a00  _EPwmXbarRegs                         
1     00009612  _EQEP                                 
1     000117b3  _EQEP1_ISR                            
1     000117bd  _EQEP2_ISR                            
1     000117c7  _EQEP3_ISR                            
1     00005100  _EQep1Regs                            
1     00005140  _EQep2Regs                            
1     00005180  _EQep3Regs                            
1     0005f480  _Emif1ConfigRegs                      
1     00047000  _Emif1Regs                            
1     0005f4a0  _Emif2ConfigRegs                      
1     00047800  _Emif2Regs                            
1     00000d01  _EmuBMode                             
1     00000d00  _EmuKey                               
1     0001319c  _EnableInterrupts                     
0     00000122  _F28x_usDelay                         
1     00009391  _FLAG_HW_FAULT                        
1     00009390  _FLAG_PWM_ENABLE                      
1     00011ae7  _FLASH_CORRECTABLE_ERROR_ISR          
1     000119c5  _FPU_OVERFLOW_ISR                     
1     000119cf  _FPU_UNDERFLOW_ISR                    
1     0005f800  _Flash0CtrlRegs                       
1     0005fb00  _Flash0EccRegs                        
1     0005fc00  _Flash1CtrlRegs                       
1     0005ff00  _Flash1EccRegs                        
1     00050024  _FlashPumpSemaphoreRegs               
1     000129bd  _GPIO_EnableUnbondedIOPullups         
1     00012998  _GPIO_EnableUnbondedIOPullupsFor100Pin
1     0001297f  _GPIO_EnableUnbondedIOPullupsFor176Pin
1     000129d3  _GPIO_ReadPin                         
1     0001282d  _GPIO_SetupPinMux                     
1     000128b9  _GPIO_SetupPinOptions                 
1     0001294d  _GPIO_SetupXINT1Gpio                  
1     00012957  _GPIO_SetupXINT2Gpio                  
1     00012961  _GPIO_SetupXINT3Gpio                  
1     0001296b  _GPIO_SetupXINT4Gpio                  
1     00012975  _GPIO_SetupXINT5Gpio                  
1     000129ea  _GPIO_WritePin                        
1     00007c00  _GpioCtrlRegs                         
1     00007f00  _GpioDataRegs                         
1     000125ab  _HALT                                 
1     000125bc  _HIB                                  
1     0000946e  _HPF1                                 
1     00009480  _HPF2                                 
1     00009426  _HRPWM_TBPRD                          
1     00009604  _I2C                                  
1     00011867  _I2CA_FIFO_ISR                        
1     0001185d  _I2CA_ISR                             
1     0001187b  _I2CB_FIFO_ISR                        
1     00011871  _I2CB_ISR                             
1     00007300  _I2caRegs                             
1     00007340  _I2cbRegs                             
1     00012597  _IDLE                                 
1     000119d9  _IPC0_ISR                             
1     000119e3  _IPC1_ISR                             
1     000119ed  _IPC2_ISR                             
1     000119f7  _IPC3_ISR                             
1     000093ac  _Idrh                                 
1     000093d6  _Idrh_cmd_integ                       
1     000093f6  _Idrh_err                             
1     00009402  _Idrh_ff                              
1     000093fc  _Idrhh                                
1     00009392  _Idth                                 
1     0000939c  _Idth_cmd                             
1     000093a8  _Idth_cmd_integ                       
1     000093aa  _Idth_err                             
1     00009400  _Idth_ff                              
1     00009404  _Idth_ff2                             
1     0001246e  _InitAuxPll                           
1     00012e7f  _InitCpuTimers                        
1     00012f69  _InitEPwm1Gpio                        
1     00012f7b  _InitEPwm2Gpio                        
1     00012f8d  _InitEPwm3Gpio                        
1     00012fa1  _InitEPwm5Gpio                        
1     00012fb3  _InitEPwm7Gpio                        
1     00012f62  _InitEPwmGpio                         
1     000127ed  _InitGpio                             
1     0001231a  _InitPeripheralClocks                 
1     0001317d  _InitPieCtrl                          
1     000131a5  _InitPieVectTable                     
1     000122e9  _InitSysCtrl                          
1     000123a8  _InitSysPll                           
1     00011569  _Init_Controller                      
1     000115a5  _Init_Observer                        
1     000113d9  _Init_Parameter                       
1     000113d2  _Init_Var                             
1     00007900  _InputXbarRegs                        
1     00009394  _Iqrh                                 
1     000093ee  _Iqrh_cmd_integ                       
1     000093ea  _Iqrh_err                             
1     000093d8  _Iqrh_ff                              
1     000093e8  _Iqrhh                                
1     000093a0  _Iqth                                 
1     000093f4  _Iqth_cmd                             
1     000093f0  _Iqth_cmd_integ                       
1     000093f2  _Iqth_err                             
1     0000939e  _Iqth_ff                              
1     0000941c  _Irx                                  
1     00009464  _Irx_mag                              
1     0000945e  _Irx_magh                             
1     000093b2  _Irx_qe_factor                        
1     0000940a  _Itx                                  
1     00009406  _Itx_1                                
1     00009408  _Itx_2                                
1     00009416  _Itx_de                               
1     00009456  _Itx_de_avg                           
1     000093de  _Itx_de_ref                           
1     00009414  _Itx_de_sum                           
1     00009418  _Itx_ds                               
1     00009460  _Itx_mag                              
1     00009452  _Itx_mag_cmd                          
1     0000945a  _Itx_mag_err                          
1     0000945c  _Itx_mag_errsum                       
1     0000944e  _Itx_phase                            
1     00009458  _Itx_phase_flt                        
1     00009412  _Itx_qe                               
1     00009462  _Itx_qe_avg                           
1     000093c4  _Itx_qe_factor                        
1     00009438  _Itx_qe_ff                            
1     00009454  _Itx_qe_sum                           
1     0000941a  _Itx_qs                               
1     00009446  _Ka_cc                                
1     0000944a  _Ki_cc                                
1     000093da  _Ki_dro                               
1     000093cc  _Ki_dto                               
1     000093e6  _Ki_qro                               
1     000093d0  _Ki_qto                               
1     00009448  _Kp_cc                                
1     000093dc  _Kp_dro                               
1     000093d2  _Kp_dto                               
1     000093fa  _Kp_qro                               
1     000093e2  _Kp_qto                               
1     00009500  _LPF1                                 
1     00009580  _LPF2                                 
1     000093be  _Leq_rx                               
1     000093c2  _Leq_tx                               
1     00009396  _Lrx                                  
1     00009442  _Ltx                                  
1     000093b0  _M                                    
1     00009600  _MCBSP                                
1     000117f9  _MCBSPA_RX_ISR                        
1     00011803  _MCBSPA_TX_ISR                        
1     0001180d  _MCBSPB_RX_ISR                        
1     00011817  _MCBSPB_TX_ISR                        
1     00009376  _MEP_SF                               
1     00009352  _MEP_ScaleFactor                      
1     00006000  _McbspaRegs                           
1     00006040  _McbspbRegs                           
1     0005f400  _MemCfgRegs                           
1     0005f500  _MemoryErrorRegs                      
1     000094c0  _NF                                   
1     0001167d  _NMI_ISR                              
1     00011b3a  _NOTUSED_ISR                          
1     00007060  _NmiIntruptRegs                       
1     000093c6  _OmegaM                               
1     00007a80  _OutputXbarRegs                       
1     00011b23  _PIE_RESERVED_ISR                     
1     0000938f  _PWM_ENABLE_CNT                       
1     00000ce0  _PieCtrlRegs                          
1     00000d00  _PieVectTable                         
1     0000a800  _PieVectTableInit                     
1     00011af1  _RAM_ACCESS_VIOLATION_ISR             
1     00011add  _RAM_CORRECTABLE_ERROR_ISR            
1     000093e4  _RLd                                  
1     000093fe  _RLq                                  
1     00011669  _RTOS_ISR                             
1     00012382  _ReleaseFlashPump                     
1     0005e608  _RomPrefetchRegs                      
1     0005f540  _RomWaitStateRegs                     
1     00009398  _Rrx                                  
1     00009444  _Rtx                                  
1     00009608  _SCI                                  
1     000118ad  _SCIA_RX_ISR                          
1     000118b7  _SCIA_TX_ISR                          
1     000118c1  _SCIB_RX_ISR                          
1     000118cb  _SCIB_TX_ISR                          
1     00011885  _SCIC_RX_ISR                          
1     0001188f  _SCIC_TX_ISR                          
1     00011899  _SCID_RX_ISR                          
1     000118a3  _SCID_TX_ISR                          
1     00011a51  _SD1_ISR                              
1     00011a5b  _SD2_ISR                              
1     0000960c  _SDFM                                 
1     00012cb7  _SFO                                  
1     00009375  _SFO_CAL                              
1     0000961a  _SPI                                  
1     000117d1  _SPIA_RX_ISR                          
1     000117db  _SPIA_TX_ISR                          
1     000117e5  _SPIB_RX_ISR                          
1     000117ef  _SPIB_TX_ISR                          
1     00011a65  _SPIC_RX_ISR                          
1     00011a6f  _SPIC_TX_ISR                          
1     000125a0  _STANDBY                              
1     00011afb  _SYS_PLL_SLIP_ISR                     
1     00007200  _SciaRegs                             
1     00007210  _ScibRegs                             
1     00007220  _ScicRegs                             
1     00007230  _ScidRegs                             
1     00005e00  _Sdfm1Regs                            
1     00005e80  _Sdfm2Regs                            
1     00012364  _SeizeFlashPump_Bank0                 
1     00012373  _SeizeFlashPump_Bank1                 
1     0001238c  _ServiceDog                           
1     00011ffd  _SetDBGIER                            
1     00006100  _SpiaRegs                             
1     00006110  _SpibRegs                             
1     00006120  _SpicRegs                             
1     00007940  _SyncSocRegs                          
1     00012557  _SysIntOsc1Sel                        
1     00012561  _SysIntOsc2Sel                        
1     0001256b  _SysXtalOscSel                        
1     000116c3  _TIMER0_ISR                           
1     0001164b  _TIMER1_ISR                           
1     00011655  _TIMER2_ISR                           
1     00009384  _TWO_EPWM1_TBPRD                      
1     00009420  _Tsamp                                
1     00009434  _Tsamp2                               
1     00011a79  _UPPA_ISR                             
1     00006200  _UppRegs                              
1     000119bb  _VCU_ISR                              
1     0000940c  _Vdc_rx                               
1     0000940e  _Vdc_rx_flt                           
1     0000942a  _Vdc_tx                               
1     00009410  _Vdc_tx_flt                           
1     0000942c  _Vdc_tx_inv                           
1     0000935c  _VdqRL                                
1     000093a4  _Vdq_ref                              
1     000093d4  _VdrL                                 
1     000093ce  _Vdrhh                                
1     0000939a  _Vdth                                 
1     000093ec  _VqrL                                 
1     000093f8  _Vqrhh                                
1     000093a2  _Vqth                                 
1     0000943c  _Vtx_cmd                              
1     0000943a  _Vtx_cmd_ff                           
1     00009440  _Vtx_cmd_integ                        
1     0000943e  _Vtx_cmd_sat                          
1     00009436  _Vtx_duty                             
1     000093ca  _Vtx_factor                           
1     000116cd  _WAKE_ISR                             
1     00007000  _WdRegs                               
1     000116a5  _XINT1_ISR                            
1     000116af  _XINT2_ISR                            
1     0001199d  _XINT3_ISR                            
1     000119a7  _XINT4_ISR                            
1     000119b1  _XINT5_ISR                            
1     00007920  _XbarRegs                             
1     00007070  _XintRegs                             
1     000093bc  _Zeq_tx                               
1     000007b0  __STACK_END                           
abs   00000100  __STACK_SIZE                          
1     0000967a  ___TI_cleanup_ptr                     
1     0000967c  ___TI_dtors_ptr                       
1     00009678  ___TI_enable_exit_profile_output      
abs   ffffffff  ___TI_pprof_out_hndl                  
abs   ffffffff  ___TI_prof_data_size                  
abs   ffffffff  ___TI_prof_data_start                 
abs   ffffffff  ___binit__                            
abs   ffffffff  ___c_args__                           
0     0000b000  ___cinit__                            
abs   ffffffff  ___etext__                            
abs   ffffffff  ___pinit__                            
abs   ffffffff  ___text__                             
1     0001320b  __args_main                           
1     0000937e  __lock                                
1     00011ffc  __nop                                 
1     00011ff8  __register_lock                       
1     00011ff4  __register_unlock                     
1     000006b0  __stack                               
1     00012ff2  __system_post_cinit                   
1     00012ff0  __system_pre_init                     
1     000095fc  __unlock                              
1     00012fc7  _abort                                
1     00009424  _adc_cnt                              
1     0000942e  _adc_offset                           
1     000091c0  _asin_val                             
[...]
1     00009420  _Tsamp                                
1     00009422  _fsw                                  
1     00009424  _adc_cnt                              
1     00009426  _HRPWM_TBPRD                          
1     00009428  _cc_cnt                               
1     0000942a  _Vdc_tx                               
1     0000942c  _Vdc_tx_inv                           
1     0000942e  _adc_offset                           
1     00009430  _temp                                 
1     00009432  _w_sw                                 
1     00009434  _Tsamp2                               
1     00009436  _Vtx_duty                             
1     00009438  _Itx_qe_ff                            
1     0000943a  _Vtx_cmd_ff                           
1     0000943c  _Vtx_cmd                              
1     0000943e  _Vtx_cmd_sat                          
1     00009440  _Vtx_cmd_integ                        
1     00009442  _Ltx                                  
1     00009444  _Rtx                                  
1     00009446  _Ka_cc                                
1     00009448  _Kp_cc                                
1     0000944a  _Ki_cc                                
1     0000944c  _w_cc                                 
1     0000944e  _Itx_phase                            
1     00009450  _theta                                
1     00009452  _Itx_mag_cmd                          
1     00009454  _Itx_qe_sum                           
1     00009456  _Itx_de_avg                           
1     00009458  _Itx_phase_flt                        
1     0000945a  _Itx_mag_err                          
1     0000945c  _Itx_mag_errsum                       
1     0000945e  _Irx_magh                             
1     00009460  _Itx_mag                              
1     00009462  _Itx_qe_avg                           
1     00009464  _Irx_mag                              
1     00009466  _DAC_PTR                              
1     0000946e  _HPF1                                 
1     00009480  _HPF2                                 
1     00009496  _BPF                                  
1     000094c0  _NF                                   
1     00009500  _LPF1                                 
1     00009580  _LPF2                                 
1     000095d8  _CpuTimer1                            
1     000095e0  _CpuTimer2                            
1     000095e8  _CpuTimer0                            
1     000095f0  _tempSensor_tempOffset                
1     000095f2  _tempSensor_scaleFactor               
1     000095f4  _tempSensor_tempSlope                 
1     000095f6  _cc_flag                              
1     000095f7  _observer_cnt                         
1     000095f8  _asintemp                             
1     000095fa  _temp_RL                              
1     000095fc  __unlock                              
1     000095fe  _deviceOpen                           
1     000095ff  _errno                                
1     00009600  _MCBSP                                
1     00009604  _I2C                                  
1     00009608  _SCI                                  
1     0000960c  _SDFM                                 
1     00009612  _EQEP                                 
1     0000961a  _SPI                                  
1     00009622  _ECAP                                 
1     00009640  _EPWM                                 
1     0000965a  _da2_type                             
1     0000965b  _da3_type                             
1     0000965c  _da1_type                             
1     0000965d  _da2                                  
1     0000965e  _da3                                  
1     0000965f  _da1                                  
1     00009660  _da2_mid                              
1     00009662  _da2_val                              
1     00009664  _da3_val                              
1     00009666  _da3_rng                              
1     00009668  _da1_val                              
1     0000966a  _da1_rng                              
1     0000966c  _da2_rng                              
1     0000966e  _da1_mid                              
1     00009670  _da3_mid                              
1     00009672  _ezDSP_uRead16BPossible               
1     00009673  _ezDSP_Version_SCI                    
1     00009674  _ezDSP_uRead8BPossible                
1     00009676  _ezDSP_fFloat                         
1     00009678  ___TI_enable_exit_profile_output      
1     0000967a  ___TI_cleanup_ptr                     
1     0000967c  ___TI_dtors_ptr                       
1     00009680  _ezDSP_nEndPos                        
1     00009681  _ezDSP_nMaxBuffSize                   
1     00009682  _ezDSP_nStartPos                      
1     00009683  _ezDSP_ringBuffer                     
1     0000a800  _PieVectTableInit                     
1     00011000  _main                                 
1     00011077  _update_param                         
1     0001119d  _cla_Init                             
1     000111ed  _init_param                           
1     00011309  _Configure_GPIO_CLA                   
1     0001135e  _Configure_HW_Fault_Pin               
1     00011384  _init_7_segment                       
1     000113a5  _Comp_Fsw                             
1     000113d2  _Init_Var                             
1     000113d9  _Init_Parameter                       
1     00011569  _Init_Controller                      
1     000115a5  _Init_Observer                        
1     0001164b  _TIMER1_ISR                           
1     00011655  _TIMER2_ISR                           
1     0001165f  _DATALOG_ISR                          
1     00011669  _RTOS_ISR                             
1     00011673  _EMU_ISR                              
1     0001167d  _NMI_ISR                              
1     00011687  _ADCA1_ISR                            
1     00011691  _ADCB1_ISR                            
1     0001169b  _ADCC1_ISR                            
1     000116a5  _XINT1_ISR                            
1     000116af  _XINT2_ISR                            
1     000116b9  _ADCD1_ISR                            
1     000116c3  _TIMER0_ISR                           
1     000116cd  _WAKE_ISR                             
1     000116d7  _EPWM1_TZ_ISR                         
1     000116e1  _EPWM2_TZ_ISR                         
1     000116eb  _EPWM3_TZ_ISR                         
1     000116f5  _EPWM4_TZ_ISR                         
1     000116ff  _EPWM5_TZ_ISR                         
1     00011709  _EPWM6_TZ_ISR                         
1     00011713  _EPWM7_TZ_ISR                         
1     0001171d  _EPWM8_TZ_ISR                         
1     00011727  _EPWM1_ISR                            
1     00011731  _EPWM2_ISR                            
1     0001173b  _EPWM3_ISR                            
1     00011745  _EPWM4_ISR                            
1     0001174f  _EPWM5_ISR                            
1     00011759  _EPWM6_ISR                            
1     00011763  _EPWM7_ISR                            
1     0001176d  _EPWM8_ISR                            
1     00011777  _ECAP1_ISR                            
1     00011781  _ECAP2_ISR                            
1     0001178b  _ECAP3_ISR                            
1     00011795  _ECAP4_ISR                            
1     0001179f  _ECAP5_ISR                            
1     000117a9  _ECAP6_ISR                            
1     000117b3  _EQEP1_ISR                            
1     000117bd  _EQEP2_ISR                            
1     000117c7  _EQEP3_ISR                            
1     000117d1  _SPIA_RX_ISR                          
1     000117db  _SPIA_TX_ISR                          
1     000117e5  _SPIB_RX_ISR                          
1     000117ef  _SPIB_TX_ISR                          
1     000117f9  _MCBSPA_RX_ISR                        
1     00011803  _MCBSPA_TX_ISR                        
1     0001180d  _MCBSPB_RX_ISR                        
1     00011817  _MCBSPB_TX_ISR                        
1     00011821  _DMA_CH1_ISR                          
1     0001182b  _DMA_CH2_ISR                          
1     00011835  _DMA_CH3_ISR                          
1     0001183f  _DMA_CH4_ISR                          
1     00011849  _DMA_CH5_ISR                          
1     00011853  _DMA_CH6_ISR                          
1     0001185d  _I2CA_ISR                             
1     00011867  _I2CA_FIFO_ISR                        
1     00011871  _I2CB_ISR                             
1     0001187b  _I2CB_FIFO_ISR                        
1     00011885  _SCIC_RX_ISR                          
1     0001188f  _SCIC_TX_ISR                          
1     00011899  _SCID_RX_ISR                          
1     000118a3  _SCID_TX_ISR                          
1     000118ad  _SCIA_RX_ISR                          
1     000118b7  _SCIA_TX_ISR                          
1     000118c1  _SCIB_RX_ISR                          
1     000118cb  _SCIB_TX_ISR                          
1     000118d5  _CANA0_ISR                            
1     000118df  _CANA1_ISR                            
1     000118e9  _CANB0_ISR                            
1     000118f3  _CANB1_ISR                            
1     000118fd  _ADCA_EVT_ISR                         
1     00011907  _ADCA2_ISR                            
1     00011911  _ADCA3_ISR                            
1     0001191b  _ADCA4_ISR                            
1     00011925  _ADCB_EVT_ISR                         
1     0001192f  _ADCB2_ISR                            
1     00011939  _ADCB3_ISR                            
1     00011943  _ADCB4_ISR                            
1     0001194d  _CLA1_1_ISR                           
1     00011957  _CLA1_2_ISR                           
1     00011961  _CLA1_3_ISR                           
1     0001196b  _CLA1_4_ISR                           
1     00011975  _CLA1_5_ISR                           
1     0001197f  _CLA1_6_ISR                           
1     00011989  _CLA1_7_ISR                           
1     00011993  _CLA1_8_ISR                           
1     0001199d  _XINT3_ISR                            
1     000119a7  _XINT4_ISR                            
1     000119b1  _XINT5_ISR                            
1     000119bb  _VCU_ISR                              
1     000119c5  _FPU_OVERFLOW_ISR                     
1     000119cf  _FPU_UNDERFLOW_ISR                    
1     000119d9  _IPC0_ISR                             
1     000119e3  _IPC1_ISR                             
1     000119ed  _IPC2_ISR                             
1     000119f7  _IPC3_ISR                             
1     00011a01  _EPWM9_TZ_ISR                         
1     00011a0b  _EPWM10_TZ_ISR                        
1     00011a15  _EPWM11_TZ_ISR                        
1     00011a1f  _EPWM12_TZ_ISR                        
1     00011a29  _EPWM9_ISR                            
1     00011a33  _EPWM10_ISR                           
1     00011a3d  _EPWM11_ISR                           
1     00011a47  _EPWM12_ISR                           
1     00011a51  _SD1_ISR                              
1     00011a5b  _SD2_ISR                              
1     00011a65  _SPIC_RX_ISR                          
1     00011a6f  _SPIC_TX_ISR                          
1     00011a79  _UPPA_ISR                             
1     00011a83  _ADCC_EVT_ISR                         
1     00011a8d  _ADCC2_ISR                            
1     00011a97  _ADCC3_ISR                            
1     00011aa1  _ADCC4_ISR                            
1     00011aab  _ADCD_EVT_ISR                         
1     00011ab5  _ADCD2_ISR                            
1     00011abf  _ADCD3_ISR                            
1     00011ac9  _ADCD4_ISR                            
1     00011ad3  _EMIF_ERROR_ISR                       
1     00011add  _RAM_CORRECTABLE_ERROR_ISR            
1     00011ae7  _FLASH_CORRECTABLE_ERROR_ISR          
1     00011af1  _RAM_ACCESS_VIOLATION_ISR             
1     00011afb  _SYS_PLL_SLIP_ISR                     
1     00011b05  _AUX_PLL_SLIP_ISR                     
1     00011b0f  _CLA_OVERFLOW_ISR                     
1     00011b19  _CLA_UNDERFLOW_ISR                    
1     00011b23  _PIE_RESERVED_ISR                     
1     00011b2d  _EMPTY_ISR                            
1     00011b3a  _NOTUSED_ISR                          
1     00011b44  _pow                                  
1     00011b44  _powf                                 
1     00011ec3  _AdcSetMode                           
1     00011f64  _Configure_LED_GPIO                   
1     00011fa1  _Configure_PWM_EN_GPIO                
1     00011fc1  _Configure_HW_PROT_GPIO               
1     00011ff4  __register_unlock                     
1     00011ff8  __register_lock                       
1     00011ffc  __nop                                 
1     00011ffd  _SetDBGIER                            
1     00012000  _current_controller                   
1     00012194  _state_observer                       
1     000122e9  _InitSysCtrl                          
1     0001231a  _InitPeripheralClocks                 
1     0001234c  _DisablePeripheralClocks              
1     00012364  _SeizeFlashPump_Bank0                 
1     00012373  _SeizeFlashPump_Bank1                 
1     00012382  _ReleaseFlashPump                     
1     0001238c  _ServiceDog                           
1     0001239a  _DisableDog                           
1     000123a8  _InitSysPll                           
1     0001246e  _InitAuxPll                           
1     00012536  _CsmUnlock                            
1     00012557  _SysIntOsc1Sel                        
1     00012561  _SysIntOsc2Sel                        
1     0001256b  _SysXtalOscSel                        
1     00012577  _AuxIntOsc2Sel                        
1     00012581  _AuxXtalOscSel                        
1     0001258d  _AuxAuxClkSel                         
1     00012597  _IDLE                                 
1     000125a0  _STANDBY                              
1     000125ab  _HALT                                 
1     000125bc  _HIB                                  
1     000125d0  _ConfigureEPWM1                       
1     00012638  _ConfigureEPWM2                       
1     000126a0  _ConfigureEPWM3                       
1     0001270c  _ConfigureEPWM5                       
1     0001275c  _ConfigureEPWM7                       
1     000127ed  _InitGpio                             
1     0001282d  _GPIO_SetupPinMux                     
1     000128b9  _GPIO_SetupPinOptions                 
1     0001294d  _GPIO_SetupXINT1Gpio                  
1     00012957  _GPIO_SetupXINT2Gpio                  
1     00012961  _GPIO_SetupXINT3Gpio                  
1     0001296b  _GPIO_SetupXINT4Gpio                  
1     00012975  _GPIO_SetupXINT5Gpio                  
1     0001297f  _GPIO_EnableUnbondedIOPullupsFor176Pin
1     00012998  _GPIO_EnableUnbondedIOPullupsFor100Pin
1     000129bd  _GPIO_EnableUnbondedIOPullups         
1     000129d3  _GPIO_ReadPin                         
1     000129ea  _GPIO_WritePin                        
1     00012a08  _hw_fault1                            
1     00012a51  _hw_fault2                            
1     00012a9a  _hw_fault3                            
1     00012ae3  _hw_fault4                            
1     00012b2c  _hw_fault5                            
1     00012b75  _cla1Isr1                             
1     00012b86  _cpu_timer0_isr                       
1     00012bed  _dac_cpu_isr                          
1     00012c92  _dac_cla_isr                          
1     00012cb7  _SFO                                  
1     00012df7  FS$$DIV                               
1     00012e7f  _InitCpuTimers                        
1     00012ec0  _ConfigCpuTimer                       
1     00012efb  _ldexp                                
1     00012efb  _ldexpf                               
1     00012efb  _scalbn                               
1     00012efb  _scalbnf                              
1     00012f62  _InitEPwmGpio                         
1     00012f69  _InitEPwm1Gpio                        
1     00012f7b  _InitEPwm2Gpio                        
1     00012f8d  _InitEPwm3Gpio                        
1     00012fa1  _InitEPwm5Gpio                        
1     00012fb3  _InitEPwm7Gpio                        
1     00012fc7  C$$EXIT                               
1     00012fc7  _abort                                
1     00012fc9  _exit                                 
1     00012ff0  __system_pre_init                     
1     00012ff2  __system_post_cinit                   
1     00013000  _sin                                  
1     00013000  _sinf                                 
1     00013058  _c_int00                              
1     000130ae  _ConfigureADC                         
1     000130fc  _copy_in                              
1     00013142  _ConfigureDAC                         
1     0001317d  _InitPieCtrl                          
1     0001319c  _EnableInterrupts                     
1     000131a5  _InitPieVectTable                     
1     000131cc  _sqrt                                 
1     000131cc  _sqrtf                                
1     000131f1  _ddcopy                               
1     000131f1  _dpcopy                               
1     000131f1  _pdcopy                               
1     000131f1  _ppcopy                               
1     0001320b  __args_main                           
1     00013224  _copysign                             
1     00013224  _copysignf                            
1     00047000  _Emif1Regs                            
1     00047800  _Emif2Regs                            
1     00050024  _FlashPumpSemaphoreRegs               
1     0005d000  _DevCfgRegs                           
1     0005d180  _AnalogSubsysRegs                     
1     0005d200  _ClkCfgRegs                           
1     0005d300  _CpuSysRegs                           
1     0005e608  _RomPrefetchRegs                      
1     0005f000  _DcsmZ1Regs                           
1     0005f040  _DcsmZ2Regs                           
1     0005f070  _DcsmCommonRegs                       
1     0005f400  _MemCfgRegs                           
1     0005f480  _Emif1ConfigRegs                      
1     0005f4a0  _Emif2ConfigRegs                      
1     0005f4c0  _AccessProtectionRegs                 
1     0005f500  _MemoryErrorRegs                      
1     0005f540  _RomWaitStateRegs                     
1     0005f800  _Flash0CtrlRegs                       
1     0005fb00  _Flash0EccRegs                        
1     0005fc00  _Flash1CtrlRegs                       
1     0005ff00  _Flash1EccRegs                        
1     00078000  _DcsmZ1Otp                            
1     00078200  _DcsmZ2Otp                            
abs   00000100  CLA_SCRATCHPAD_SIZE                   
abs   00000100  __STACK_SIZE                          
abs   ffffffff  .text                                 
abs   ffffffff  ___TI_pprof_out_hndl                  
abs   ffffffff  ___TI_prof_data_size                  
abs   ffffffff  ___TI_prof_data_start                 
abs   ffffffff  ___binit__                            
abs   ffffffff  ___c_args__                           
abs   ffffffff  ___etext__                            
abs   ffffffff  ___pinit__                            
abs   ffffffff  ___text__                             
abs   ffffffff  binit                                 
abs   ffffffff  etext                                 
abs   ffffffff  pinit                                 

[584 symbols]
